12-08 21:34:40.082 27286 27286 W cr_AwContents: 	at org.chromium.android_webview.AwContents.isDestroyed(AwContents.java:1231)

12-08 21:34:40.082 27286 27286 W cr_AwContents: 	at org.chromium.android_webview.AwContents.evaluateJavaScript(AwContents.java:2218)

12-08 21:34:40.082 27286 27286 W cr_AwContents: 	at com.android.webview.chromium.WebViewChromium.evaluateJavaScript(WebViewChromium.java:579)

12-08 21:34:40.082 27286 27286 W cr_AwContents: 	at android.webkit.WebView.evaluateJavascript(WebView.java:994)

12-08 21:34:40.082 27286 27286 W cr_AwContents: 	at com.quora.android.view.QWebView.evaluateJavascript(QWebView.java:386)

12-08 21:34:40.082 27286 27286 W cr_AwContents: 	at com.quora.android.view.QWebViewFragment.invokeJavaScript(QWebViewFragment.java:1879)

12-08 21:34:40.082 27286 27286 W cr_AwContents: 	at com.quora.android.view.QWebViewFragment.findVisibleFeedItems(QWebViewFragment.java:2353)

12-08 21:34:40.082 27286 27286 W cr_AwContents: 	at com.quora.android.logging.QActionLogger$1.run(QActionLogger.java:22)

12-08 21:34:40.082 27286 27286 W cr_AwContents: 	at com.quora.android.util.HandlerTimer$1.run(HandlerTimer.java:28)

12-08 21:34:40.082 27286 27286 W cr_AwContents: 	at android.os.Handler.handleCallback(Handler.java:739)

12-08 21:34:40.082 27286 27286 W cr_AwContents: 	at android.os.Handler.dispatchMessage(Handler.java:95)

12-08 21:34:40.082 27286 27286 W cr_AwContents: 	at android.os.Looper.loop(Looper.java:148)

12-08 21:34:40.082 27286 27286 W cr_AwContents: 	at android.app.ActivityThread.main(ActivityThread.java:5461)

12-08 21:34:40.082 27286 27286 W cr_AwContents: 	at java.lang.reflect.Method.invoke(Native Method)

12-08 21:34:40.082 27286 27286 W cr_AwContents: 	at com.android.internal.os.ZygoteInit$MethodAndArgsCaller.run(ZygoteInit.java:726)

12-08 21:34:40.082 27286 27286 W cr_AwContents: 	at com.android.internal.os.ZygoteInit.main(ZygoteInit.java:616)

12-08 21:34:40.082 27286 27286 W cr_AwContents: Application attempted to call on a destroyed WebView

12-08 21:34:40.082 27286 27286 W cr_AwContents: java.lang.Throwable

12-08 21:34:40.082 27286 27286 W cr_AwContents: 	at org.chromium.android_webview.AwContents.isDestroyed(AwContents.java:1231)

12-08 21:34:40.082 27286 27286 W cr_AwContents: 	at org.chromium.android_webview.AwContents.evaluateJavaScript(AwContents.java:2218)

12-08 21:34:40.082 27286 27286 W cr_AwContents: 	at com.android.webview.chromium.WebViewChromium.evaluateJavaScript(WebViewChromium.java:579)

12-08 21:34:40.082 27286 27286 W cr_AwContents: 	at android.webkit.WebView.evaluateJavascript(WebView.java:994)

12-08 21:34:40.082 27286 27286 W cr_AwContents: 	at com.quora.android.view.QWebView.evaluateJavascript(QWebView.java:386)

12-08 21:34:40.082 27286 27286 W cr_AwContents: 	at com.quora.android.view.QWebViewFragment.invokeJavaScript(QWebViewFragment.java:1879)

12-08 21:34:40.082 27286 27286 W cr_AwContents: 	at com.quora.android.view.QWebViewFragment.findVisibleActionableComponents(QWebViewFragment.java:2346)

12-08 21:34:40.082 27286 27286 W cr_AwContents: 	at com.quora.android.logging.QActionLogger$1.run(QActionLogger.java:21)

12-08 21:34:40.082 27286 27286 W cr_AwContents: 	at com.quora.android.util.HandlerTimer$1.run(HandlerTimer.java:28)

12-08 21:34:40.082 27286 27286 W cr_AwContents: 	at android.os.Handler.handleCallback(Handler.java:739)

12-08 21:34:40.082 27286 27286 W cr_AwContents: 	at android.os.Handler.dispatchMessage(Handler.java:95)

12-08 21:34:40.082 27286 27286 W cr_AwContents: 	at android.os.Looper.loop(Looper.java:148)

12-08 21:34:40.082 27286 27286 W cr_AwContents: 	at android.app.ActivityThread.main(ActivityThread.java:5461)

12-08 21:34:40.082 27286 27286 W cr_AwContents: 	at java.lang.reflect.Method.invoke(Native Method)

12-08 21:34:40.082 27286 27286 W cr_AwContents: 	at com.android.internal.os.ZygoteInit$MethodAndArgsCaller.run(ZygoteInit.java:726)

12-08 21:34:40.082 27286 27286 W cr_AwContents: 	at com.android.internal.os.ZygoteInit.main(ZygoteInit.java:616)

12-08 21:34:40.082 27286 27286 W cr_AwContents: Application attempted to call on a destroyed WebView

12-08 21:34:40.082 27286 27286 W cr_AwContents: java.lang.Throwable

12-08 21:34:40.082 27286 27286 W cr_AwContents: 	at org.chromium.android_webview.AwContents.isDestroyed(AwContents.java:1231)

12-08 21:34:40.082 27286 27286 W cr_AwContents: 	at org.chromium.android_webview.AwContents.evaluateJavaScript(AwContents.java:2218)

12-08 21:34:40.082 27286 27286 W cr_AwContents: 	at com.android.webview.chromium.WebViewChromium.evaluateJavaScript(WebViewChromium.java:579)

12-08 21:34:40.082 27286 27286 W cr_AwContents: 	at android.webkit.WebView.evaluateJavascript(WebView.java:994)

12-08 21:34:40.082 27286 27286 W cr_AwContents: 	at com.quora.android.view.QWebView.evaluateJavascript(QWebView.java:386)

12-08 21:34:40.082 27286 27286 W cr_AwContents: 	at com.quora.android.view.QWebViewFragment.invokeJavaScript(QWebViewFragment.java:1879)

12-08 21:34:40.082 27286 27286 W cr_AwContents: 	at com.quora.android.view.QWebViewFragment.findVisibleFeedItems(QWebViewFragment.java:2353)

12-08 21:34:40.082 27286 27286 W cr_AwContents: 	at com.quora.android.logging.QActionLogger$1.run(QActionLogger.java:22)

12-08 21:34:40.082 27286 27286 W cr_AwContents: 	at com.quora.android.util.HandlerTimer$1.run(HandlerTimer.java:28)

12-08 21:34:40.082 27286 27286 W cr_AwContents: 	at android.os.Handler.handleCallback(Handler.java:739)

12-08 21:34:40.082 27286 27286 W cr_AwContents: 	at android.os.Handler.dispatchMessage(Handler.java:95)

12-08 21:34:40.082 27286 27286 W cr_AwContents: 	at android.os.Looper.loop(Looper.java:148)

12-08 21:34:40.082 27286 27286 W cr_AwContents: 	at android.app.ActivityThread.main(ActivityThread.java:5461)

12-08 21:34:40.082 27286 27286 W cr_AwContents: 	at java.lang.reflect.Method.invoke(Native Method)

12-08 21:34:40.082 27286 27286 W cr_AwContents: 	at com.android.internal.os.ZygoteInit$MethodAndArgsCaller.run(ZygoteInit.java:726)

12-08 21:34:40.082 27286 27286 W cr_AwContents: 	at com.android.internal.os.ZygoteInit.main(ZygoteInit.java:616)

12-08 21:34:40.094 14709 14723 I Gmail   : getAccountsCursor

12-08 21:34:40.096 14709 14724 D ActivityThread: Loading provider com.google.android.gmail.provider;com.android.mail.notifier;com.google.android.gm.email.provider;com.google.android.gm.email.notifier: com.android.email.provider.EmailProvider

12-08 21:34:40.134 23409 23759 W YT.MDX.discovery: Dropping TV: Markus's Fire TV stick status: -1

12-08 21:34:40.175 17702 21579 I ActivityManager: Start proc 14729:com.google.process.gapps/u0a135 for content provider com.google.android.syncadapters.contacts/.GalProvider

12-08 21:34:40.199 14709 14724 I Gmail   : Initiated Service map for: [gPop3, gLegacyImap, gEas, gmail]

12-08 21:34:40.201 14709 14709 W GAV2    : Thread[main,5,main]: Need to call initialize() and be in fallback mode to start dispatch.

12-08 21:34:40.218 14505 14505 D DynamitePackage: Instantiating com.google.android.gms.ads.ChimeraAdManagerCreatorImpl

12-08 21:34:40.220 14505 14505 I Ads     : Starting ad request.

12-08 21:34:40.220 14505 14505 I Ads     : Use AdRequest.Builder.addTestDevice("CE6EFF53BDDB470A5F2D8624FA22FC10") to get test ads on this device.

12-08 21:34:40.221 14505 14533 I ReactNativeJS: '%c', 'color: #000; background: #ff8080', 'action @ 21:34:40.212 SNOOZE_PRESSED'

12-08 21:34:40.228 14505 14533 I ReactNativeJS: '%c', 'color: #000; background: #ff8080', '%c prev state', 'color: #9E9E9E; font-weight: bold', { navigation: 

12-08 21:34:40.228 14505 14533 I ReactNativeJS:    { activeScene: 'video',

12-08 21:34:40.228 14505 14533 I ReactNativeJS:      video: { reload: false, autoplay: false } },

12-08 21:34:40.228 14505 14533 I ReactNativeJS:   settings: 

12-08 21:34:40.228 14505 14533 I ReactNativeJS:    { playRandom: true,

12-08 21:34:40.228 14505 14533 I ReactNativeJS:      playCustomVideoId: 'hbkZrOU1Zag',

12-08 21:34:40.228 14505 14533 I ReactNativeJS:      wifiOnly: true,

12-08 21:34:40.228 14505 14533 I ReactNativeJS:      volume: 20,

12-08 21:34:40.228 14505 14533 I ReactNativeJS:      snoozeMinutes: 0 },

12-08 21:34:40.228 14505 14533 I ReactNativeJS:   alarm: 

12-08 21:34:40.228 14505 14533 I ReactNativeJS:    { scheduleIds: [ 2 ],

12-08 21:34:40.228 14505 14533 I ReactNativeJS:      schedulesById: 

12-08 21:34:40.228 14505 14533 I ReactNativeJS:       { '2': 

12-08 21:34:40.228 14505 14533 I ReactNativeJS:          { id: 2,

12-08 21:34:40.228 14505 14533 I ReactNativeJS:            enabled: true,

12-08 21:34:40.228 14505 14533 I ReactNativeJS:            time: { hour: 9, minute: 15 },

12-08 21:34:40.228 14505 14533 I ReactNativeJS:            doesRepeat: true,

12-08 21:34:40.228 14505 14533 I ReactNativeJS:            repeatMap: 

12-08 21:34:40.228 14505 14533 I ReactNativeJS:             { Sun: true,

12-08 21:34:40.228 14505 14533 I ReactNativeJS:               Mon: true,

12-08 21:34:40.228 14505 14533 I ReactNativeJS:               Tue: true,

12-08 21:34:40.228 14505 14533 I ReactNativeJS:               Wed: true,

12-08 21:34:40.228 14505 14533 I ReactNativeJS:               Thu: true,

12-08 21:34:40.228 14505 14533 I ReactNativeJS:               Fri: true,

12-08 21:34:40.228 14505 14533 I ReactNativeJS:               Sat: false } },

12-08 21:34:40.228 14505 14533 I ReactNativeJS:         snooze: 

12-08 21:34:40.228 14505 14533 I ReactNativeJS:          { id: 'snooze',

12-08 21:34:40.228 14505 14533 I ReactNativeJS:            enabled: true,

12-08 21:34:40.228 14505 14533 I ReactNativeJS:            time: { hour: 7, minute: 30 },

12-08 21:34:40.228 14505 14533 I ReactNativeJS:            doesRepeat: false,

12-08 21:34:40.228 14505 14533 I ReactNativeJS:            repeatMap: 

12-08 21:34:40.228 14505 14533 I ReactNativeJS:             { Sun: false,

12-08 21:34:40.228 14505 14533 I ReactNativeJS:               Mon: true,

12-08 21:34:40.228 14505 14533 I ReactNativeJS:               Tue: true,

12-08 21:34:40.228 14505 14533 I ReactNativeJS:               Wed: true,

12-08 21:34:40.228 14505 14533 I ReactNativeJS:               Thu: true,

12-08 21:34:40.228 14505 14533 I ReactNativeJS:               Fri: true,

12-08 21:34:40.228 14505 14533 I ReactNativeJS:               Sat: false } } },

12-08 21:34:40.228 14505 14533 I ReactNativeJS:      alarmsById: { '2': { id: 2, enabled: true, timestamp: 1481271300834 } } } }

12-08 21:34:40.230 14505 14533 I ReactNativeJS: '%c', 'color: #000; background: #ff8080', '%c action', 'color: #03A9F4; font-weight: bold', { type: 'SNOOZE_PRESSED', getState: [Function: o] }

12-08 21:34:40.235 14505 14533 I ReactNativeJS: '%c', 'color: #000; background: #ff8080', '%c next state', 'color: #4CAF50; font-weight: bold', { navigation: 

12-08 21:34:40.235 14505 14533 I ReactNativeJS:    { activeScene: 'alarm',

12-08 21:34:40.235 14505 14533 I ReactNativeJS:      video: { reload: false, autoplay: false } },

12-08 21:34:40.235 14505 14533 I ReactNativeJS:   settings: 

12-08 21:34:40.235 14505 14533 I ReactNativeJS:    { playRandom: true,

12-08 21:34:40.235 14505 14533 I ReactNativeJS:      playCustomVideoId: 'hbkZrOU1Zag',

12-08 21:34:40.235 14505 14533 I ReactNativeJS:      wifiOnly: true,

12-08 21:34:40.235 14505 14533 I ReactNativeJS:      volume: 20,

12-08 21:34:40.235 14505 14533 I ReactNativeJS:      snoozeMinutes: 0 },

12-08 21:34:40.235 14505 14533 I ReactNativeJS:   alarm: 

12-08 21:34:40.235 14505 14533 I ReactNativeJS:    { scheduleIds: [ 2 ],

12-08 21:34:40.235 14505 14533 I ReactNativeJS:      schedulesById: 

12-08 21:34:40.235 14505 14533 I ReactNativeJS:       { '2': 

12-08 21:34:40.235 14505 14533 I ReactNativeJS:          { id: 2,

12-08 21:34:40.235 14505 14533 I ReactNativeJS:            enabled: true,

12-08 21:34:40.235 14505 14533 I ReactNativeJS:            time: { hour: 9, minute: 15 },

12-08 21:34:40.235 14505 14533 I ReactNativeJS:            doesRepeat: true,

12-08 21:34:40.235 14505 14533 I ReactNativeJS:            repeatMap: 

12-08 21:34:40.235 14505 14533 I ReactNativeJS:             { Sun: true,

12-08 21:34:40.235 14505 14533 I ReactNativeJS:               Mon: true,

12-08 21:34:40.235 14505 14533 I ReactNativeJS:               Tue: true,

12-08 21:34:40.235 14505 14533 I ReactNativeJS:               Wed: true,

12-08 21:34:40.235 14505 14533 I ReactNativeJS:               Thu: true,

12-08 21:34:40.235 14505 14533 I ReactNativeJS:               Fri: true,

12-08 21:34:40.235 14505 14533 I ReactNativeJS:               Sat: false } },

12-08 21:34:40.235 14505 14533 I ReactNativeJS:         snooze: 

12-08 21:34:40.235 14505 14533 I ReactNativeJS:          { id: 'snooze',

12-08 21:34:40.235 14505 14533 I ReactNativeJS:            enabled: true,

12-08 21:34:40.235 14505 14533 I ReactNativeJS:            time: { hour: 7, minute: 30 },

12-08 21:34:40.235 14505 14533 I ReactNativeJS:            doesRepeat: false,

12-08 21:34:40.235 14505 14533 I ReactNativeJS:            repeatMap: 

12-08 21:34:40.235 14505 14533 I ReactNativeJS:             { Sun: false,

12-08 21:34:40.235 14505 14533 I ReactNativeJS:               Mon: true,

12-08 21:34:40.235 14505 14533 I ReactNativeJS:               Tue: true,

12-08 21:34:40.235 14505 14533 I ReactNativeJS:               Wed: true,

12-08 21:34:40.235 14505 14533 I ReactNativeJS:               Thu: true,

12-08 21:34:40.235 14505 14533 I ReactNativeJS:               Fri: true,

12-08 21:34:40.235 14505 14533 I ReactNativeJS:               Sat: false } } },

12-08 21:34:40.235 14505 14533 I ReactNativeJS:      alarmsById: 

12-08 21:34:40.235 14505 14533 I ReactNativeJS:       { '2': { id: 2, enabled: true, timestamp: 1481271300834 },

12-08 21:34:40.235 14505 14533 I ReactNativeJS:         snooze: { id: 'snooze', enabled: true, timestamp: 1481229280214 } } } }

12-08 21:34:40.236 14505 14533 I ReactNativeJS: '%c', 'color: #000; background: #ff8080', '—— log end ——'

12-08 21:34:40.242 17702 17717 W ActivityManager: Unable to start service Intent { cmp=com.google.android.gm/com.android.email.service.AttachmentService } U=0: not found

12-08 21:34:40.249 14729 14729 W System  : ClassLoader referenced unknown path: /system/app/GoogleContactsSyncAdapter/lib/arm

12-08 21:34:40.251 14729 14729 I LoadedApk: No resource references to update in package common

12-08 21:34:40.252 14729 14729 I LoadedApk: No resource references to update in package com.cyngn.hexo

12-08 21:34:40.252 14729 14729 I LoadedApk: No resource references to update in package com.cyngn.hexo

12-08 21:34:40.253 14709 14747 I Gmail   : Observing account changes for notifications

12-08 21:34:40.274 14729 14729 I GoogleHttpClient: GMS http client unavailable, use old client

12-08 21:34:40.285 14729 14729 W System  : ClassLoader referenced unknown path: /system/framework/tcmclient.jar

12-08 21:34:40.294 14505 14505 W cr_ScreenOrientation: Removing an inexistent observer!

12-08 21:34:40.298 17702 17913 D ConnectivityService: releasing NetworkRequest NetworkRequest [ id=104, legacyType=-1, [ Capabilities: INTERNET&NOT_RESTRICTED&TRUSTED] ]

12-08 21:34:40.305 14709 14709 I Exchange: EasService.onCreate

12-08 21:34:40.306 17702 21579 W ActivityManager: Unable to start service Intent { cmp=com.google.android.gm.exchange/com.android.exchange.service.EasService } U=0: not found

12-08 21:34:40.306 14709 14709 I Exchange: EasService.onCreate stoppedOldService=false

12-08 21:34:40.314 14709 14709 I Exchange: needResyncCalendar: false, hasCalendarPermission: true, needResyncContacts: false, hasContactsPermission: true

12-08 21:34:40.326 17702 19028 I ActivityManager: Start proc 14755:com.boxer.email/u0a105 for content provider com.boxer.email/com.boxer.exchange.provider.ExchangeDirectoryProvider

12-08 21:34:40.328 14709 14754 I Exchange: RestartPingTask

12-08 21:34:40.338 14709 14766 I Gmail   : getAccountsCursor

12-08 21:34:40.345 14709 14709 I Exchange: RestartPingsTask did not start any pings.

12-08 21:34:40.359 14709 14709 I Exchange: onDestroy

12-08 21:34:40.391 27286 27286 W cr_AwContents: Application attempted to call on a destroyed WebView

12-08 21:34:40.391 27286 27286 W cr_AwContents: java.lang.Throwable

12-08 21:34:40.391 27286 27286 W cr_AwContents: 	at org.chromium.android_webview.AwContents.isDestroyed(AwContents.java:1231)

12-08 21:34:40.391 27286 27286 W cr_AwContents: 	at org.chromium.android_webview.AwContents.evaluateJavaScript(AwContents.java:2218)

12-08 21:34:40.391 27286 27286 W cr_AwContents: 	at com.android.webview.chromium.WebViewChromium.evaluateJavaScript(WebViewChromium.java:579)

12-08 21:34:40.391 27286 27286 W cr_AwContents: 	at android.webkit.WebView.evaluateJavascript(WebView.java:994)

12-08 21:34:40.391 27286 27286 W cr_AwContents: 	at com.quora.android.view.QWebView.evaluateJavascript(QWebView.java:386)

12-08 21:34:40.391 27286 27286 W cr_AwContents: 	at com.quora.android.view.QWebViewFragment.invokeJavaScript(QWebViewFragment.java:1879)

12-08 21:34:40.391 27286 27286 W cr_AwContents: 	at com.quora.android.view.QWebViewFragment.findVisibleActionableComponents(QWebViewFragment.java:2346)

12-08 21:34:40.391 27286 27286 W cr_AwContents: 	at com.quora.android.logging.QActionLogger$1.run(QActionLogger.java:21)

12-08 21:34:40.391 27286 27286 W cr_AwContents: 	at com.quora.android.util.HandlerTimer$1.run(HandlerTimer.java:28)

12-08 21:34:40.391 27286 27286 W cr_AwContents: 	at android.os.Handler.handleCallback(Handler.java:739)

12-08 21:34:40.391 27286 27286 W cr_AwContents: 	at android.os.Handler.dispatchMessage(Handler.java:95)

12-08 21:34:40.391 27286 27286 W cr_AwContents: 	at android.os.Looper.loop(Looper.java:148)

12-08 21:34:40.391 27286 27286 W cr_AwContents: 	at android.app.ActivityThread.main(ActivityThread.java:5461)

12-08 21:34:40.391 27286 27286 W cr_AwContents: 	at java.lang.reflect.Method.invoke(Native Method)

12-08 21:34:40.391 27286 27286 W cr_AwContents: 	at com.android.internal.os.ZygoteInit$MethodAndArgsCaller.run(ZygoteInit.java:726)

12-08 21:34:40.391 27286 27286 W cr_AwContents: 	at com.android.internal.os.ZygoteInit.main(ZygoteInit.java:616)

12-08 21:34:40.391 27286 27286 W cr_AwContents: Application attempted to call on a destroyed WebView

12-08 21:34:40.391 27286 27286 W cr_AwContents: java.lang.Throwable

12-08 21:34:40.391 27286 27286 W cr_AwContents: 	at org.chromium.android_webview.AwContents.isDestroyed(AwContents.java:1231)

12-08 21:34:40.391 27286 27286 W cr_AwContents: 	at org.chromium.android_webview.AwContents.evaluateJavaScript(AwContents.java:2218)

12-08 21:34:40.391 27286 27286 W cr_AwContents: 	at com.android.webview.chromium.WebViewChromium.evaluateJavaScript(WebViewChromium.java:579)

12-08 21:34:40.391 27286 27286 W cr_AwContents: 	at android.webkit.WebView.evaluateJavascript(WebView.java:994)

12-08 21:34:40.391 27286 27286 W cr_AwContents: 	at com.quora.android.view.QWebView.evaluateJavascript(QWebView.java:386)

12-08 21:34:40.391 27286 27286 W cr_AwContents: 	at com.quora.android.view.QWebViewFragment.invokeJavaScript(QWebViewFragment.java:1879)

12-08 21:34:40.391 27286 27286 W cr_AwContents: 	at com.quora.android.view.QWebViewFragment.findVisibleFeedItems(QWebViewFragment.java:2353)

12-08 21:34:40.391 27286 27286 W cr_AwContents: 	at com.quora.android.logging.QActionLogger$1.run(QActionLogger.java:22)

12-08 21:34:40.391 27286 27286 W cr_AwContents: 	at com.quora.android.util.HandlerTimer$1.run(HandlerTimer.java:28)

12-08 21:34:40.391 27286 27286 W cr_AwContents: 	at android.os.Handler.handleCallback(Handler.java:739)

12-08 21:34:40.391 27286 27286 W cr_AwContents: 	at android.os.Handler.dispatchMessage(Handler.java:95)

12-08 21:34:40.391 27286 27286 W cr_AwContents: 	at android.os.Looper.loop(Looper.java:148)

12-08 21:34:40.391 27286 27286 W cr_AwContents: 	at android.app.ActivityThread.main(ActivityThread.java:5461)

12-08 21:34:40.391 27286 27286 W cr_AwContents: 	at java.lang.reflect.Method.invoke(Native Method)

12-08 21:34:40.391 27286 27286 W cr_AwContents: 	at com.android.internal.os.ZygoteInit$MethodAndArgsCaller.run(ZygoteInit.java:726)

12-08 21:34:40.391 27286 27286 W cr_AwContents: 	at com.android.internal.os.ZygoteInit.main(ZygoteInit.java:616)

12-08 21:34:40.392 27286 27286 W cr_AwContents: Application attempted to call on a destroyed WebView

12-08 21:34:40.392 27286 27286 W cr_AwContents: java.lang.Throwable

12-08 21:34:40.392 27286 27286 W cr_AwContents: 	at org.chromium.android_webview.AwContents.isDestroyed(AwContents.java:1231)

12-08 21:34:40.392 27286 27286 W cr_AwContents: 	at org.chromium.android_webview.AwContents.evaluateJavaScript(AwContents.java:2218)

12-08 21:34:40.392 27286 27286 W cr_AwContents: 	at com.android.webview.chromium.WebViewChromium.evaluateJavaScript(WebViewChromium.java:579)

12-08 21:34:40.392 27286 27286 W cr_AwContents: 	at android.webkit.WebView.evaluateJavascript(WebView.java:994)

12-08 21:34:40.392 27286 27286 W cr_AwContents: 	at com.quora.android.view.QWebView.evaluateJavascript(QWebView.java:386)

12-08 21:34:40.392 27286 27286 W cr_AwContents: 	at com.quora.android.view.QWebViewFragment.invokeJavaScript(QWebViewFragment.java:1879)

12-08 21:34:40.392 27286 27286 W cr_AwContents: 	at com.quora.android.view.QWebViewFragment.findVisibleActionableComponents(QWebViewFragment.java:2346)

12-08 21:34:40.392 27286 27286 W cr_AwContents: 	at com.quora.android.logging.QActionLogger$1.run(QActionLogger.java:21)

12-08 21:34:40.392 27286 27286 W cr_AwContents: 	at com.quora.android.util.HandlerTimer$1.run(HandlerTimer.java:28)

12-08 21:34:40.392 27286 27286 W cr_AwContents: 	at android.os.Handler.handleCallback(Handler.java:739)

12-08 21:34:40.392 27286 27286 W cr_AwContents: 	at android.os.Handler.dispatchMessage(Handler.java:95)

12-08 21:34:40.392 27286 27286 W cr_AwContents: 	at android.os.Looper.loop(Looper.java:148)

12-08 21:34:40.392 27286 27286 W cr_AwContents: 	at android.app.ActivityThread.main(ActivityThread.java:5461)

12-08 21:34:40.392 27286 27286 W cr_AwContents: 	at java.lang.reflect.Method.invoke(Native Method)

12-08 21:34:40.392 27286 27286 W cr_AwContents: 	at com.android.internal.os.ZygoteInit$MethodAndArgsCaller.run(ZygoteInit.java:726)

12-08 21:34:40.392 27286 27286 W cr_AwContents: 	at com.android.internal.os.ZygoteInit.main(ZygoteInit.java:616)

12-08 21:34:40.392 27286 27286 W cr_AwContents: Application attempted to call on a destroyed WebView

12-08 21:34:40.392 27286 27286 W cr_AwContents: java.lang.Throwable

12-08 21:34:40.392 27286 27286 W cr_AwContents: 	at org.chromium.android_webview.AwContents.isDestroyed(AwContents.java:1231)

12-08 21:34:40.392 27286 27286 W cr_AwContents: 	at org.chromium.android_webview.AwContents.evaluateJavaScript(AwContents.java:2218)

12-08 21:34:40.392 27286 27286 W cr_AwContents: 	at com.android.webview.chromium.WebViewChromium.evaluateJavaScript(WebViewChromium.java:579)

12-08 21:34:40.392 27286 27286 W cr_AwContents: 	at android.webkit.WebView.evaluateJavascript(WebView.java:994)

12-08 21:34:40.392 27286 27286 W cr_AwContents: 	at com.quora.android.view.QWebView.evaluateJavascript(QWebView.java:386)

12-08 21:34:40.392 27286 27286 W cr_AwContents: 	at com.quora.android.view.QWebViewFragment.invokeJavaScript(QWebViewFragment.java:1879)

12-08 21:34:40.392 27286 27286 W cr_AwContents: 	at com.quora.android.view.QWebViewFragment.findVisibleFeedItems(QWebViewFragment.java:2353)

12-08 21:34:40.392 27286 27286 W cr_AwContents: 	at com.quora.android.logging.QActionLogger$1.run(QActionLogger.java:22)

12-08 21:34:40.392 27286 27286 W cr_AwContents: 	at com.quora.android.util.HandlerTimer$1.run(HandlerTimer.java:28)

12-08 21:34:40.392 27286 27286 W cr_AwContents: 	at android.os.Handler.handleCallback(Handler.java:739)

12-08 21:34:40.392 27286 27286 W cr_AwContents: 	at android.os.Handler.dispatchMessage(Handler.java:95)

12-08 21:34:40.392 27286 27286 W cr_AwContents: 	at android.os.Looper.loop(Looper.java:148)

12-08 21:34:40.392 27286 27286 W cr_AwContents: 	at android.app.ActivityThread.main(ActivityThread.java:5461)

12-08 21:34:40.392 27286 27286 W cr_AwContents: 	at java.lang.reflect.Method.invoke(Native Method)

12-08 21:34:40.392 27286 27286 W cr_AwContents: 	at com.android.internal.os.ZygoteInit$MethodAndArgsCaller.run(ZygoteInit.java:726)

12-08 21:34:40.392 27286 27286 W cr_AwContents: 	at com.android.internal.os.ZygoteInit.main(ZygoteInit.java:616)

12-08 21:34:40.396 27286 27286 W cr_AwContents: Application attempted to call on a destroyed WebView

12-08 21:34:40.396 27286 27286 W cr_AwContents: java.lang.Throwable

12-08 21:34:40.396 27286 27286 W cr_AwContents: 	at org.chromium.android_webview.AwContents.isDestroyed(AwContents.java:1231)

12-08 21:34:40.396 27286 27286 W cr_AwContents: 	at org.chromium.android_webview.AwContents.evaluateJavaScript(AwContents.java:2218)

12-08 21:34:40.396 27286 27286 W cr_AwContents: 	at com.android.webview.chromium.WebViewChromium.evaluateJavaScript(WebViewChromium.java:579)

12-08 21:34:40.396 27286 27286 W cr_AwContents: 	at android.webkit.WebView.evaluateJavascript(WebView.java:994)

12-08 21:34:40.396 27286 27286 W cr_AwContents: 	at com.quora.android.view.QWebView.evaluateJavascript(QWebView.java:386)

12-08 21:34:40.396 27286 27286 W cr_AwContents: 	at com.quora.android.view.QWebViewFragment.invokeJavaScript(QWebViewFragment.java:1879)

12-08 21:34:40.396 27286 27286 W cr_AwContents: 	at com.quora.android.view.QWebViewFragment.findVisibleActionableComponents(QWebViewFragment.java:2346)

12-08 21:34:40.396 27286 27286 W cr_AwContents: 	at com.quora.android.logging.QActionLogger$1.run(QActionLogger.java:21)

12-08 21:34:40.396 27286 27286 W cr_AwContents: 	at com.quora.android.util.HandlerTimer$1.run(HandlerTimer.java:28)

12-08 21:34:40.396 27286 27286 W cr_AwContents: 	at android.os.Handler.handleCallback(Handler.java:739)

12-08 21:34:40.396 27286 27286 W cr_AwContents: 	at android.os.Handler.dispatchMessage(Handler.java:95)

12-08 21:34:40.396 27286 27286 W cr_AwContents: 	at android.os.Looper.loop(Looper.java:148)

12-08 21:34:40.396 27286 27286 W cr_AwContents: 	at android.app.ActivityThread.main(ActivityThread.java:5461)

12-08 21:34:40.396 27286 27286 W cr_AwContents: 	at java.lang.reflect.Method.invoke(Native Method)

12-08 21:34:40.396 27286 27286 W cr_AwContents: 	at com.android.internal.os.ZygoteInit$MethodAndArgsCaller.run(ZygoteInit.java:726)

12-08 21:34:40.396 27286 27286 W cr_AwContents: 	at com.android.internal.os.ZygoteInit.main(ZygoteInit.java:616)

12-08 21:34:40.397 27286 27286 W cr_AwContents: Application attempted to call on a destroyed WebView

12-08 21:34:40.397 27286 27286 W cr_AwContents: java.lang.Throwable

12-08 21:34:40.397 27286 27286 W cr_AwContents: 	at org.chromium.android_webview.AwContents.isDestroyed(AwContents.java:1231)

12-08 21:34:40.397 27286 27286 W cr_AwContents: 	at org.chromium.android_webview.AwContents.evaluateJavaScript(AwContents.java:2218)

12-08 21:34:40.397 27286 27286 W cr_AwContents: 	at com.android.webview.chromium.WebViewChromium.evaluateJavaScript(WebViewChromium.java:579)

12-08 21:34:40.397 27286 27286 W cr_AwContents: 	at android.webkit.WebView.evaluateJavascript(WebView.java:994)

12-08 21:34:40.397 27286 27286 W cr_AwContents: 	at com.quora.android.view.QWebView.evaluateJavascript(QWebView.java:386)

12-08 21:34:40.397 27286 27286 W cr_AwContents: 	at com.quora.android.view.QWebViewFragment.invokeJavaScript(QWebViewFragment.java:1879)

12-08 21:34:40.397 27286 27286 W cr_AwContents: 	at com.quora.android.view.QWebViewFragment.findVisibleFeedItems(QWebViewFragment.java:2353)

12-08 21:34:40.397 27286 27286 W cr_AwContents: 	at com.quora.android.logging.QActionLogger$1.run(QActionLogger.java:22)

12-08 21:34:40.397 27286 27286 W cr_AwContents: 	at com.quora.android.util.HandlerTimer$1.run(HandlerTimer.java:28)

12-08 21:34:40.397 27286 27286 W cr_AwContents: 	at android.os.Handler.handleCallback(Handler.java:739)

12-08 21:34:40.397 27286 27286 W cr_AwContents: 	at android.os.Handler.dispatchMessage(Handler.java:95)

12-08 21:34:40.397 27286 27286 W cr_AwContents: 	at android.os.Looper.loop(Looper.java:148)

12-08 21:34:40.397 27286 27286 W cr_AwContents: 	at android.app.ActivityThread.main(ActivityThread.java:5461)

12-08 21:34:40.397 27286 27286 W cr_AwContents: 	at java.lang.reflect.Method.invoke(Native Method)

12-08 21:34:40.397 27286 27286 W cr_AwContents: 	at com.android.internal.os.ZygoteInit$MethodAndArgsCaller.run(ZygoteInit.java:726)

12-08 21:34:40.397 27286 27286 W cr_AwContents: 	at com.android.internal.os.ZygoteInit.main(ZygoteInit.java:616)

12-08 21:34:40.420 14755 14755 W System  : ClassLoader referenced unknown path: /data/app/com.boxer.email-2/lib/arm

12-08 21:34:40.423 19089 14748 W Ads     : Received error HTTP response code: 400

12-08 21:34:40.423 14505 14516 W Ads     : There was a problem getting an ad response. ErrorCode: 0

12-08 21:34:40.423 14505 14505 W Ads     : Failed to load ad: 0

12-08 21:34:40.427 14505 14534 E AndroidRuntime: FATAL EXCEPTION: mqt_native_modules

12-08 21:34:40.427 14505 14534 E AndroidRuntime: Process: com.motivation, PID: 14505

12-08 21:34:40.427 14505 14534 E AndroidRuntime: Theme: themes:{default=overlay:com.cyngn.hexo, iconPack:com.cyngn.hexo, fontPkg:com.cyngn.hexo, com.android.systemui=overlay:com.cyngn.hexo, com.android.systemui.navbar=overlay:com.cyngn.hexo}

12-08 21:34:40.427 14505 14534 E AndroidRuntime: com.facebook.react.bridge.NativeArgumentsParseException: TypeError: expected dynamic type `double', but had type `string' (constructing arguments for RNAdMobInterstitial.showAd at argument index 0)

12-08 21:34:40.427 14505 14534 E AndroidRuntime: 	at com.facebook.react.bridge.BaseJavaModule$JavaMethod.invoke(BaseJavaModule.java:312)

12-08 21:34:40.427 14505 14534 E AndroidRuntime: 	at com.facebook.react.cxxbridge.JavaModuleWrapper.invoke(JavaModuleWrapper.java:158)

12-08 21:34:40.427 14505 14534 E AndroidRuntime: 	at com.facebook.react.bridge.queue.NativeRunnable.run(Native Method)

12-08 21:34:40.427 14505 14534 E AndroidRuntime: 	at android.os.Handler.handleCallback(Handler.java:739)

12-08 21:34:40.427 14505 14534 E AndroidRuntime: 	at android.os.Handler.dispatchMessage(Handler.java:95)

12-08 21:34:40.427 14505 14534 E AndroidRuntime: 	at com.facebook.react.bridge.queue.MessageQueueThreadHandler.dispatchMessage(MessageQueueThreadHandler.java:31)

12-08 21:34:40.427 14505 14534 E AndroidRuntime: 	at android.os.Looper.loop(Looper.java:148)

12-08 21:34:40.427 14505 14534 E AndroidRuntime: 	at com.facebook.react.bridge.queue.MessageQueueThreadImpl$3.run(MessageQueueThreadImpl.java:196)

12-08 21:34:40.427 14505 14534 E AndroidRuntime: 	at java.lang.Thread.run(Thread.java:818)

12-08 21:34:40.427 14505 14534 E AndroidRuntime: Caused by: com.facebook.react.bridge.UnexpectedNativeTypeException: TypeError: expected dynamic type `double', but had type `string'

12-08 21:34:40.427 14505 14534 E AndroidRuntime: 	at com.facebook.react.bridge.ReadableNativeArray.getDouble(Native Method)

12-08 21:34:40.427 14505 14534 E AndroidRuntime: 	at com.facebook.react.bridge.BaseJavaModule$8.extractArgument(BaseJavaModule.java:136)

12-08 21:34:40.427 14505 14534 E AndroidRuntime: 	at com.facebook.react.bridge.BaseJavaModule$8.extractArgument(BaseJavaModule.java:129)

12-08 21:34:40.427 14505 14534 E AndroidRuntime: 	at com.facebook.react.bridge.BaseJavaModule$JavaMethod.invoke(BaseJavaModule.java:304)

12-08 21:34:40.427 14505 14534 E AndroidRuntime: 	... 8 more

12-08 21:34:40.429 17702 19393 W ActivityManager:   Force finishing activity com.motivation/.MainActivity

12-08 21:34:40.459  8836  8836 D LogFetchServiceManager: Received entry added

12-08 21:34:40.488 14755 14755 I LoadedApk: No resource references to update in package common

12-08 21:34:40.489 14755 14755 I LoadedApk: No resource references to update in package com.cyngn.hexo

12-08 21:34:40.489 14755 14755 I LoadedApk: No resource references to update in package com.cyngn.hexo

12-08 21:34:40.490 17702  1199 I OpenGLRenderer: Initialized EGL, version 1.4

12-08 21:34:40.560 14709 14775 I Gmail   : notifyAccountChanged

12-08 21:34:40.562 14709 14723 I Gmail   : getAccountsCursor

12-08 21:34:40.563 14709 14775 I Gmail   : calculateUnknownSyncRationalesAndPurgeInBackground: queueing

12-08 21:34:40.570 14709 14775 I Gmail   : calculateUnknownSyncRationalesAndPurgeInBackground: queueing

12-08 21:34:40.581 14709 14775 I Gmail   : calculateUnknownSyncRationalesAndPurgeInBackground: running

12-08 21:34:40.582 14709 14775 I Gmail   : calculateUnknownSyncRationalesAndPurgeInBackground: running

12-08 21:34:40.589 14709 14723 I Gmail   : master sync=false, engine sync=true

12-08 21:34:40.610 14709 14724 I Gmail   : getAccountsCursor

12-08 21:34:40.618 14709 14724 I Gmail   : master sync=false, engine sync=true

12-08 21:34:40.630 17702 18668 W ActivityManager: Unable to start service Intent { cmp=com.boxer.email/.service.AttachmentService } U=0: not found

12-08 21:34:40.668 14691 14704 I ContactDirectoryManager: deleted 0 stale rows which don't have any relevant directory

12-08 21:34:40.677 14691 14704 I ContactDirectoryManager: Discovered 0 contact directories in 888ms

12-08 21:34:40.720 14755 14755 I CrashlyticsCore: Initializing Crashlytics 2.3.5.79

12-08 21:34:40.771 17702 19028 I ActivityManager: Start proc 14808:com.airwatch.boxer.plugin.cyanogen.onenote/u0a83 for service com.airwatch.boxer.plugin.cyanogen.onenote/.CyanogenOneNotePluginService

12-08 21:34:40.777 17702 17724 I ActivityManager: Killing 13721:org.cyanogenmod.providers.datausage/1000 (adj 15): empty #17

12-08 21:34:40.836 14808 14808 W System  : ClassLoader referenced unknown path: /data/app/com.airwatch.boxer.plugin.cyanogen.onenote-1/lib/arm

12-08 21:34:40.837 14808 14808 I LoadedApk: No resource references to update in package common

12-08 21:34:40.837 14808 14808 I LoadedApk: No resource references to update in package com.cyngn.hexo

12-08 21:34:40.838 14808 14808 I LoadedApk: No resource references to update in package com.cyngn.hexo

12-08 21:34:40.856 27286 27286 W cr_AwContents: Application attempted to call on a destroyed WebView

12-08 21:34:40.856 27286 27286 W cr_AwContents: java.lang.Throwable

12-08 21:34:40.856 27286 27286 W cr_AwContents: 	at org.chromium.android_webview.AwContents.isDestroyed(AwContents.java:1231)

12-08 21:34:40.856 27286 27286 W cr_AwContents: 	at org.chromium.android_webview.AwContents.evaluateJavaScript(AwContents.java:2218)

12-08 21:34:40.856 27286 27286 W cr_AwContents: 	at com.android.webview.chromium.WebViewChromium.evaluateJavaScript(WebViewChromium.java:579)

12-08 21:34:40.856 27286 27286 W cr_AwContents: 	at android.webkit.WebView.evaluateJavascript(WebView.java:994)

12-08 21:34:40.856 27286 27286 W cr_AwContents: 	at com.quora.android.view.QWebView.evaluateJavascript(QWebView.java:386)

12-08 21:34:40.856 27286 27286 W cr_AwContents: 	at com.quora.android.view.QWebViewFragment.invokeJavaScript(QWebViewFragment.java:1879)

12-08 21:34:40.856 27286 27286 W cr_AwContents: 	at com.quora.android.view.QWebViewFragment.findVisibleActionableComponents(QWebViewFragment.java:2346)

12-08 21:34:40.856 27286 27286 W cr_AwContents: 	at com.quora.android.logging.QActionLogger$1.run(QActionLogger.java:21)

12-08 21:34:40.856 27286 27286 W cr_AwContents: 	at com.quora.android.util.HandlerTimer$1.run(HandlerTimer.java:28)

12-08 21:34:40.856 27286 27286 W cr_AwContents: 	at android.os.Handler.handleCallback(Handler.java:739)

12-08 21:34:40.856 27286 27286 W cr_AwContents: 	at android.os.Handler.dispatchMessage(Handler.java:95)

12-08 21:34:40.856 27286 27286 W cr_AwContents: 	at android.os.Looper.loop(Looper.java:148)

12-08 21:34:40.856 27286 27286 W cr_AwContents: 	at android.app.ActivityThread.main(ActivityThread.java:5461)

12-08 21:34:40.856 27286 27286 W cr_AwContents: 	at java.lang.reflect.Method.invoke(Native Method)

12-08 21:34:40.856 27286 27286 W cr_AwContents: 	at com.android.internal.os.ZygoteInit$MethodAndArgsCaller.run(ZygoteInit.java:726)

12-08 21:34:40.856 27286 27286 W cr_AwContents: 	at com.android.internal.os.ZygoteInit.main(ZygoteInit.java:616)

12-08 21:34:40.856 27286 27286 W cr_AwContents: Application attempted to call on a destroyed WebView

12-08 21:34:40.856 27286 27286 W cr_AwContents: java.lang.Throwable

12-08 21:34:40.856 27286 27286 W cr_AwContents: 	at org.chromium.android_webview.AwContents.isDestroyed(AwContents.java:1231)

12-08 21:34:40.856 27286 27286 W cr_AwContents: 	at org.chromium.android_webview.AwContents.evaluateJavaScript(AwContents.java:2218)

12-08 21:34:40.856 27286 27286 W cr_AwContents: 	at com.android.webview.chromium.WebViewChromium.evaluateJavaScript(WebViewChromium.java:579)

12-08 21:34:40.856 27286 27286 W cr_AwContents: 	at android.webkit.WebView.evaluateJavascript(WebView.java:994)

12-08 21:34:40.856 27286 27286 W cr_AwContents: 	at com.quora.android.view.QWebView.evaluateJavascript(QWebView.java:386)

12-08 21:34:40.856 27286 27286 W cr_AwContents: 	at com.quora.android.view.QWebViewFragment.invokeJavaScript(QWebViewFragment.java:1879)

12-08 21:34:40.856 27286 27286 W cr_AwContents: 	at com.quora.android.view.QWebViewFragment.findVisibleFeedItems(QWebViewFragment.java:2353)

12-08 21:34:40.856 27286 27286 W cr_AwContents: 	at com.quora.android.logging.QActionLogger$1.run(QActionLogger.java:22)

12-08 21:34:40.856 27286 27286 W cr_AwContents: 	at com.quora.android.util.HandlerTimer$1.run(HandlerTimer.java:28)

12-08 21:34:40.856 27286 27286 W cr_AwContents: 	at android.os.Handler.handleCallback(Handler.java:739)

12-08 21:34:40.856 27286 27286 W cr_AwContents: 	at android.os.Handler.dispatchMessage(Handler.java:95)

12-08 21:34:40.856 27286 27286 W cr_AwContents: 	at android.os.Looper.loop(Looper.java:148)

12-08 21:34:40.856 27286 27286 W cr_AwContents: 	at android.app.ActivityThread.main(ActivityThread.java:5461)

12-08 21:34:40.856 27286 27286 W cr_AwContents: 	at java.lang.reflect.Method.invoke(Native Method)

12-08 21:34:40.856 27286 27286 W cr_AwContents: 	at com.android.internal.os.ZygoteInit$MethodAndArgsCaller.run(ZygoteInit.java:726)

12-08 21:34:40.856 27286 27286 W cr_AwContents: 	at com.android.internal.os.ZygoteInit.main(ZygoteInit.java:616)

12-08 21:34:40.857 27286 27286 W cr_AwContents: Application attempted to call on a destroyed WebView

12-08 21:34:40.857 27286 27286 W cr_AwContents: java.lang.Throwable

12-08 21:34:40.857 27286 27286 W cr_AwContents: 	at org.chromium.android_webview.AwContents.isDestroyed(AwContents.java:1231)

12-08 21:34:40.857 27286 27286 W cr_AwContents: 	at org.chromium.android_webview.AwContents.evaluateJavaScript(AwContents.java:2218)

12-08 21:34:40.857 27286 27286 W cr_AwContents: 	at com.android.webview.chromium.WebViewChromium.evaluateJavaScript(WebViewChromium.java:579)

12-08 21:34:40.857 27286 27286 W cr_AwContents: 	at android.webkit.WebView.evaluateJavascript(WebView.java:994)

12-08 21:34:40.857 27286 27286 W cr_AwContents: 	at com.quora.android.view.QWebView.evaluateJavascript(QWebView.java:386)

12-08 21:34:40.857 27286 27286 W cr_AwContents: 	at com.quora.android.view.QWebViewFragment.invokeJavaScript(QWebViewFragment.java:1879)

12-08 21:34:40.857 27286 27286 W cr_AwContents: 	at com.quora.android.view.QWebViewFragment.findVisibleActionableComponents(QWebViewFragment.java:2346)

12-08 21:34:40.857 27286 27286 W cr_AwContents: 	at com.quora.android.logging.QActionLogger$1.run(QActionLogger.java:21)

12-08 21:34:40.857 27286 27286 W cr_AwContents: 	at com.quora.android.util.HandlerTimer$1.run(HandlerTimer.java:28)

12-08 21:34:40.857 27286 27286 W cr_AwContents: 	at android.os.Handler.handleCallback(Handler.java:739)

12-08 21:34:40.857 27286 27286 W cr_AwContents: 	at android.os.Handler.dispatchMessage(Handler.java:95)

12-08 21:34:40.857 27286 27286 W cr_AwContents: 	at android.os.Looper.loop(Looper.java:148)

12-08 21:34:40.857 27286 27286 W cr_AwContents: 	at android.app.ActivityThread.main(ActivityThread.java:5461)

12-08 21:34:40.857 27286 27286 W cr_AwContents: 	at java.lang.reflect.Method.invoke(Native Method)

12-08 21:34:40.857 27286 27286 W cr_AwContents: 	at com.android.internal.os.ZygoteInit$MethodAndArgsCaller.run(ZygoteInit.java:726)

12-08 21:34:40.857 27286 27286 W cr_AwContents: 	at com.android.internal.os.ZygoteInit.main(ZygoteInit.java:616)

12-08 21:34:40.857 27286 27286 W cr_AwContents: Application attempted to call on a destroyed WebView

12-08 21:34:40.857 27286 27286 W cr_AwContents: java.lang.Throwable

12-08 21:34:40.857 27286 27286 W cr_AwContents: 	at org.chromium.android_webview.AwContents.isDestroyed(AwContents.java:1231)

12-08 21:34:40.857 27286 27286 W cr_AwContents: 	at org.chromium.android_webview.AwContents.evaluateJavaScript(AwContents.java:2218)

12-08 21:34:40.857 27286 27286 W cr_AwContents: 	at com.android.webview.chromium.WebViewChromium.evaluateJavaScript(WebViewChromium.java:579)

12-08 21:34:40.857 27286 27286 W cr_AwContents: 	at android.webkit.WebView.evaluateJavascript(WebView.java:994)

12-08 21:34:40.857 27286 27286 W cr_AwContents: 	at com.quora.android.view.QWebView.evaluateJavascript(QWebView.java:386)

12-08 21:34:40.857 27286 27286 W cr_AwContents: 	at com.quora.android.view.QWebViewFragment.invokeJavaScript(QWebViewFragment.java:1879)

12-08 21:34:40.857 27286 27286 W cr_AwContents: 	at com.quora.android.view.QWebViewFragment.findVisibleFeedItems(QWebViewFragment.java:2353)

12-08 21:34:40.857 27286 27286 W cr_AwContents: 	at com.quora.android.logging.QActionLogger$1.run(QActionLogger.java:22)

12-08 21:34:40.857 27286 27286 W cr_AwContents: 	at com.quora.android.util.HandlerTimer$1.run(HandlerTimer.java:28)

12-08 21:34:40.857 27286 27286 W cr_AwContents: 	at android.os.Handler.handleCallback(Handler.java:739)

12-08 21:34:40.857 27286 27286 W cr_AwContents: 	at android.os.Handler.dispatchMessage(Handler.java:95)

12-08 21:34:40.857 27286 27286 W cr_AwContents: 	at android.os.Looper.loop(Looper.java:148)

12-08 21:34:40.857 27286 27286 W cr_AwContents: 	at android.app.ActivityThread.main(ActivityThread.java:5461)

12-08 21:34:40.857 27286 27286 W cr_AwContents: 	at java.lang.reflect.Method.invoke(Native Method)

12-08 21:34:40.857 27286 27286 W cr_AwContents: 	at com.android.internal.os.ZygoteInit$MethodAndArgsCaller.run(ZygoteInit.java:726)

12-08 21:34:40.857 27286 27286 W cr_AwContents: 	at com.android.internal.os.ZygoteInit.main(ZygoteInit.java:616)

12-08 21:34:40.857 27286 27286 W cr_AwContents: Application attempted to call on a destroyed WebView

12-08 21:34:40.857 27286 27286 W cr_AwContents: java.lang.Throwable

12-08 21:34:40.857 27286 27286 W cr_AwContents: 	at org.chromium.android_webview.AwContents.isDestroyed(AwContents.java:1231)

12-08 21:34:40.857 27286 27286 W cr_AwContents: 	at org.chromium.android_webview.AwContents.evaluateJavaScript(AwContents.java:2218)

12-08 21:34:40.857 27286 27286 W cr_AwContents: 	at com.android.webview.chromium.WebViewChromium.evaluateJavaScript(WebViewChromium.java:579)

12-08 21:34:40.857 27286 27286 W cr_AwContents: 	at android.webkit.WebView.evaluateJavascript(WebView.java:994)

12-08 21:34:40.857 27286 27286 W cr_AwContents: 	at com.quora.android.view.QWebView.evaluateJavascript(QWebView.java:386)

12-08 21:34:40.857 27286 27286 W cr_AwContents: 	at com.quora.android.view.QWebViewFragment.invokeJavaScript(QWebViewFragment.java:1879)

12-08 21:34:40.857 27286 27286 W cr_AwContents: 	at com.quora.android.view.QWebViewFragment.findVisibleActionableComponents(QWebViewFragment.java:2346)

12-08 21:34:40.857 27286 27286 W cr_AwContents: 	at com.quora.android.logging.QActionLogger$1.run(QActionLogger.java:21)

12-08 21:34:40.857 27286 27286 W cr_AwContents: 	at com.quora.android.util.HandlerTimer$1.run(HandlerTimer.java:28)

12-08 21:34:40.857 27286 27286 W cr_AwContents: 	at android.os.Handler.handleCallback(Handler.java:739)

12-08 21:34:40.857 27286 27286 W cr_AwContents: 	at android.os.Handler.dispatchMessage(Handler.java:95)

12-08 21:34:40.857 27286 27286 W cr_AwContents: 	at android.os.Looper.loop(Looper.java:148)

12-08 21:34:40.857 27286 27286 W cr_AwContents: 	at android.app.ActivityThread.main(ActivityThread.java:5461)

12-08 21:34:40.857 27286 27286 W cr_AwContents: 	at java.lang.reflect.Method.invoke(Native Method)

12-08 21:34:40.857 27286 27286 W cr_AwContents: 	at com.android.internal.os.ZygoteInit$MethodAndArgsCaller.run(ZygoteInit.java:726)

12-08 21:34:40.857 27286 27286 W cr_AwContents: 	at com.android.internal.os.ZygoteInit.main(ZygoteInit.java:616)

12-08 21:34:40.858 27286 27286 W cr_AwContents: Application attempted to call on a destroyed WebView

12-08 21:34:40.858 27286 27286 W cr_AwContents: java.lang.Throwable

12-08 21:34:40.858 27286 27286 W cr_AwContents: 	at org.chromium.android_webview.AwContents.isDestroyed(AwContents.java:1231)

12-08 21:34:40.858 27286 27286 W cr_AwContents: 	at org.chromium.android_webview.AwContents.evaluateJavaScript(AwContents.java:2218)

12-08 21:34:40.858 27286 27286 W cr_AwContents: 	at com.android.webview.chromium.WebViewChromium.evaluateJavaScript(WebViewChromium.java:579)

12-08 21:34:40.858 27286 27286 W cr_AwContents: 	at android.webkit.WebView.evaluateJavascript(WebView.java:994)

12-08 21:34:40.858 27286 27286 W cr_AwContents: 	at com.quora.android.view.QWebView.evaluateJavascript(QWebView.java:386)

12-08 21:34:40.858 27286 27286 W cr_AwContents: 	at com.quora.android.view.QWebViewFragment.invokeJavaScript(QWebViewFragment.java:1879)

12-08 21:34:40.858 27286 27286 W cr_AwContents: 	at com.quora.android.view.QWebViewFragment.findVisibleFeedItems(QWebViewFragment.java:2353)

12-08 21:34:40.858 27286 27286 W cr_AwContents: 	at com.quora.android.logging.QActionLogger$1.run(QActionLogger.java:22)

12-08 21:34:40.858 27286 27286 W cr_AwContents: 	at com.quora.android.util.HandlerTimer$1.run(HandlerTimer.java:28)

12-08 21:34:40.858 27286 27286 W cr_AwContents: 	at android.os.Handler.handleCallback(Handler.java:739)

12-08 21:34:40.858 27286 27286 W cr_AwContents: 	at android.os.Handler.dispatchMessage(Handler.java:95)

12-08 21:34:40.858 27286 27286 W cr_AwContents: 	at android.os.Looper.loop(Looper.java:148)

12-08 21:34:40.858 27286 27286 W cr_AwContents: 	at android.app.ActivityThread.main(ActivityThread.java:5461)

12-08 21:34:40.858 27286 27286 W cr_AwContents: 	at java.lang.reflect.Method.invoke(Native Method)

12-08 21:34:40.858 27286 27286 W cr_AwContents: 	at com.android.internal.os.ZygoteInit$MethodAndArgsCaller.run(ZygoteInit.java:726)

12-08 21:34:40.858 27286 27286 W cr_AwContents: 	at com.android.internal.os.ZygoteInit.main(ZygoteInit.java:616)

12-08 21:34:40.860 27286 27286 W cr_AwContents: Application attempted to call on a destroyed WebView

12-08 21:34:40.860 27286 27286 W cr_AwContents: java.lang.Throwable

12-08 21:34:40.860 27286 27286 W cr_AwContents: 	at org.chromium.android_webview.AwContents.isDestroyed(AwContents.java:1231)

12-08 21:34:40.860 27286 27286 W cr_AwContents: 	at org.chromium.android_webview.AwContents.evaluateJavaScript(AwContents.java:2218)

12-08 21:34:40.860 27286 27286 W cr_AwContents: 	at com.android.webview.chromium.WebViewChromium.evaluateJavaScript(WebViewChromium.java:579)

12-08 21:34:40.860 27286 27286 W cr_AwContents: 	at android.webkit.WebView.evaluateJavascript(WebView.java:994)

12-08 21:34:40.860 27286 27286 W cr_AwContents: 	at com.quora.android.view.QWebView.evaluateJavascript(QWebView.java:386)

12-08 21:34:40.860 27286 27286 W cr_AwContents: 	at com.quora.android.view.QWebViewFragment.invokeJavaScript(QWebViewFragment.java:1879)

12-08 21:34:40.860 27286 27286 W cr_AwContents: 	at com.quora.android.view.QWebViewFragment.findVisibleActionableComponents(QWebViewFragment.java:2346)

12-08 21:34:40.860 27286 27286 W cr_AwContents: 	at com.quora.android.logging.QActionLogger$1.run(QActionLogger.java:21)

12-08 21:34:40.860 27286 27286 W cr_AwContents: 	at com.quora.android.util.HandlerTimer$1.run(HandlerTimer.java:28)

12-08 21:34:40.860 27286 27286 W cr_AwContents: 	at android.os.Handler.handleCallback(Handler.java:739)

12-08 21:34:40.860 27286 27286 W cr_AwContents: 	at android.os.Handler.dispatchMessage(Handler.java:95)

12-08 21:34:40.860 27286 27286 W cr_AwContents: 	at android.os.Looper.loop(Looper.java:148)

12-08 21:34:40.860 27286 27286 W cr_AwContents: 	at android.app.ActivityThread.main(ActivityThread.java:5461)

12-08 21:34:40.860 27286 27286 W cr_AwContents: 	at java.lang.reflect.Method.invoke(Native Method)

12-08 21:34:40.860 27286 27286 W cr_AwContents: 	at com.android.internal.os.ZygoteInit$MethodAndArgsCaller.run(ZygoteInit.java:726)

12-08 21:34:40.860 27286 27286 W cr_AwContents: 	at com.android.internal.os.ZygoteInit.main(ZygoteInit.java:616)

12-08 21:34:40.861 27286 27286 W cr_AwContents: Application attempted to call on a destroyed WebView

12-08 21:34:40.861 27286 27286 W cr_AwContents: java.lang.Throwable

12-08 21:34:40.861 27286 27286 W cr_AwContents: 	at org.chromium.android_webview.AwContents.isDestroyed(AwContents.java:1231)

12-08 21:34:40.861 27286 27286 W cr_AwContents: 	at org.chromium.android_webview.AwContents.evaluateJavaScript(AwContents.java:2218)

12-08 21:34:40.861 27286 27286 W cr_AwContents: 	at com.android.webview.chromium.WebViewChromium.evaluateJavaScript(WebViewChromium.java:579)

12-08 21:34:40.861 27286 27286 W cr_AwContents: 	at android.webkit.WebView.evaluateJavascript(WebView.java:994)

12-08 21:34:40.861 27286 27286 W cr_AwContents: 	at com.quora.android.view.QWebView.evaluateJavascript(QWebView.java:386)

12-08 21:34:40.861 27286 27286 W cr_AwContents: 	at com.quora.android.view.QWebViewFragment.invokeJavaScript(QWebViewFragment.java:1879)

12-08 21:34:40.861 27286 27286 W cr_AwContents: 	at com.quora.android.view.QWebViewFragment.findVisibleFeedItems(QWebViewFragment.java:2353)

