
12-08 21:34:25.775 14505 14533 I ReactNativeJS:      schedulesById: 

12-08 21:34:25.775 14505 14533 I ReactNativeJS:       { '1': 

12-08 21:34:25.775 14505 14533 I ReactNativeJS:          { id: 1,

12-08 21:34:25.775 14505 14533 I ReactNativeJS:            enabled: true,

12-08 21:34:25.775 14505 14533 I ReactNativeJS:            time: { hour: 7, minute: 30 },

12-08 21:34:25.775 14505 14533 I ReactNativeJS:            doesRepeat: true,

12-08 21:34:25.775 14505 14533 I ReactNativeJS:            repeatMap: 

12-08 21:34:25.775 14505 14533 I ReactNativeJS:             { Sun: false,

12-08 21:34:25.775 14505 14533 I ReactNativeJS:               Mon: true,

12-08 21:34:25.775 14505 14533 I ReactNativeJS:               Tue: true,

12-08 21:34:25.775 14505 14533 I ReactNativeJS:               Wed: true,

12-08 21:34:25.775 14505 14533 I ReactNativeJS:               Thu: true,

12-08 21:34:25.775 14505 14533 I ReactNativeJS:               Fri: true,

12-08 21:34:25.775 14505 14533 I ReactNativeJS:               Sat: false } },

12-08 21:34:25.775 14505 14533 I ReactNativeJS:         '2': 

12-08 21:34:25.775 14505 14533 I ReactNativeJS:          { id: 2,

12-08 21:34:25.775 14505 14533 I ReactNativeJS:            enabled: false,

12-08 21:34:25.775 14505 14533 I ReactNativeJS:            time: { hour: 8, minute: 30 },

12-08 21:34:25.775 14505 14533 I ReactNativeJS:            doesRepeat: true,

12-08 21:34:25.775 14505 14533 I ReactNativeJS:            repeatMap: 

12-08 21:34:25.775 14505 14533 I ReactNativeJS:             { Sun: false,

12-08 21:34:25.775 14505 14533 I ReactNativeJS:               Mon: true,

12-08 21:34:25.775 14505 14533 I ReactNativeJS:               Tue: true,

12-08 21:34:25.775 14505 14533 I ReactNativeJS:               Wed: true,

12-08 21:34:25.775 14505 14533 I ReactNativeJS:               Thu: true,

12-08 21:34:25.775 14505 14533 I ReactNativeJS:               Fri: true,

12-08 21:34:25.775 14505 14533 I ReactNativeJS:               Sat: false } },

12-08 21:34:25.775 14505 14533 I ReactNativeJS:         snooze: 

12-08 21:34:25.775 14505 14533 I ReactNativeJS:          { id: 'snooze',

12-08 21:34:25.775 14505 14533 I ReactNativeJS:            enabled: false,

12-08 21:34:25.775 14505 14533 I ReactNativeJS:            time: { hour: 7, minute: 30 },

12-08 21:34:25.775 14505 14533 I ReactNativeJS:            doesRepeat: false,

12-08 21:34:25.775 14505 14533 I ReactNativeJS:            repeatMap: 

12-08 21:34:25.775 14505 14533 I ReactNativeJS:             { Sun: false,

12-08 21:34:25.775 14505 14533 I ReactNativeJS:               Mon: true,

12-08 21:34:25.775 14505 14533 I ReactNativeJS:               Tue: true,

12-08 21:34:25.775 14505 14533 I ReactNativeJS:               Wed: true,

12-08 21:34:25.775 14505 14533 I ReactNativeJS:               Thu: true,

12-08 21:34:25.775 14505 14533 I ReactNativeJS:               Fri: true,

12-08 21:34:25.775 14505 14533 I ReactNativeJS:               Sat: false } } },

12-08 21:34:25.775 14505 14533 I ReactNativeJS:      alarmsById: 

12-08 21:34:25.775 14505 14533 I ReactNativeJS:       { '1': { id: 1, enabled: false, timestamp: null },

12-08 21:34:25.775 14505 14533 I ReactNativeJS:         '2': { id: 2, enabled: false, timestamp: null },

12-08 21:34:25.775 14505 14533 I ReactNativeJS:         snooze: { id: 1, enabled: false, timestamp: null } } } }

12-08 21:34:25.776 14505 14533 I ReactNativeJS: '%c', 'color: #000; background: #ff8080', '%c action', 'color: #03A9F4; font-weight: bold', { type: 'ALARM_STATE_LOADED',

12-08 21:34:25.776 14505 14533 I ReactNativeJS:   payload: { stateString: '{"scheduleIds":[2],"schedulesById":{"2":{"id":2,"enabled":true,"time":{"hour":9,"minute":15},"doesRepeat":true,"repeatMap":{"Sun":true,"Mon":true,"Tue":true,"Wed":true,"Thu":true,"Fri":true,"Sat":false}},"snooze":{"id":"snooze","enabled":true,"time":{"hour":7,"minute":30},"doesRepeat":false,"repeatMap":{"Sun":false,"Mon":true,"Tue":true,"Wed":true,"Thu":true,"Fri":true,"Sat":false}}},"alarmsById":{"2":{"id":2,"enabled":true,"timestamp":1481271300190},"snooze":{"enabled":true,"id":"snooze","timestamp":1481229253045}}}' },

12-08 21:34:25.776 14505 14533 I ReactNativeJS:   getState: [Function: o] }

12-08 21:34:25.781 14505 14533 I ReactNativeJS: '%c', 'color: #000; background: #ff8080', '%c next state', 'color: #4CAF50; font-weight: bold', { navigation: 

12-08 21:34:25.781 14505 14533 I ReactNativeJS:    { activeScene: 'alarm',

12-08 21:34:25.781 14505 14533 I ReactNativeJS:      video: { reload: false, autoplay: false } },

12-08 21:34:25.781 14505 14533 I ReactNativeJS:   settings: 

12-08 21:34:25.781 14505 14533 I ReactNativeJS:    { playRandom: true,

12-08 21:34:25.781 14505 14533 I ReactNativeJS:      playCustomVideoId: 'hbkZrOU1Zag',

12-08 21:34:25.781 14505 14533 I ReactNativeJS:      wifiOnly: true,

12-08 21:34:25.781 14505 14533 I ReactNativeJS:      volume: 30,

12-08 21:34:25.781 14505 14533 I ReactNativeJS:      snoozeMinutes: 15 },

12-08 21:34:25.781 14505 14533 I ReactNativeJS:   alarm: 

12-08 21:34:25.781 14505 14533 I ReactNativeJS:    { scheduleIds: [ 2 ],

12-08 21:34:25.781 14505 14533 I ReactNativeJS:      schedulesById: 

12-08 21:34:25.781 14505 14533 I ReactNativeJS:       { '2': 

12-08 21:34:25.781 14505 14533 I ReactNativeJS:          { id: 2,

12-08 21:34:25.781 14505 14533 I ReactNativeJS:            enabled: true,

12-08 21:34:25.781 14505 14533 I ReactNativeJS:            time: { hour: 9, minute: 15 },

12-08 21:34:25.781 14505 14533 I ReactNativeJS:            doesRepeat: true,

12-08 21:34:25.781 14505 14533 I ReactNativeJS:            repeatMap: 

12-08 21:34:25.781 14505 14533 I ReactNativeJS:             { Sun: true,

12-08 21:34:25.781 14505 14533 I ReactNativeJS:               Mon: true,

12-08 21:34:25.781 14505 14533 I ReactNativeJS:               Tue: true,

12-08 21:34:25.781 14505 14533 I ReactNativeJS:               Wed: true,

12-08 21:34:25.781 14505 14533 I ReactNativeJS:               Thu: true,

12-08 21:34:25.781 14505 14533 I ReactNativeJS:               Fri: true,

12-08 21:34:25.781 14505 14533 I ReactNativeJS:               Sat: false } },

12-08 21:34:25.781 14505 14533 I ReactNativeJS:         snooze: 

12-08 21:34:25.781 14505 14533 I ReactNativeJS:          { id: 'snooze',

12-08 21:34:25.781 14505 14533 I ReactNativeJS:            enabled: true,

12-08 21:34:25.781 14505 14533 I ReactNativeJS:            time: { hour: 7, minute: 30 },

12-08 21:34:25.781 14505 14533 I ReactNativeJS:            doesRepeat: false,

12-08 21:34:25.781 14505 14533 I ReactNativeJS:            repeatMap: 

12-08 21:34:25.781 14505 14533 I ReactNativeJS:             { Sun: false,

12-08 21:34:25.781 14505 14533 I ReactNativeJS:               Mon: true,

12-08 21:34:25.781 14505 14533 I ReactNativeJS:               Tue: true,

12-08 21:34:25.781 14505 14533 I ReactNativeJS:               Wed: true,

12-08 21:34:25.781 14505 14533 I ReactNativeJS:               Thu: true,

12-08 21:34:25.781 14505 14533 I ReactNativeJS:               Fri: true,

12-08 21:34:25.781 14505 14533 I ReactNativeJS:               Sat: false } } },

12-08 21:34:25.781 14505 14533 I ReactNativeJS:      alarmsById: 

12-08 21:34:25.781 14505 14533 I ReactNativeJS:       { '2': { id: 2, enabled: true, timestamp: 1481271300190 },

12-08 21:34:25.781 14505 14533 I ReactNativeJS:         snooze: { enabled: true, id: 'snooze', timestamp: 1481229253045 } } } }

12-08 21:34:25.782 14505 14533 I ReactNativeJS: '%c', 'color: #000; background: #ff8080', '—— log end ——'

12-08 21:34:25.803 14505 14505 W System  : ClassLoader referenced unknown path: /data/user/0/com.google.android.gms/app_chimera/m/00000014/n/armeabi

12-08 21:34:25.821 14505 14533 I ReactNativeJS: '%c', 'color: #000; background: #ff8080', 'action @ 21:34:25.810 SETTINGS_STATE_LOADED'

12-08 21:34:25.824 14505 14533 I ReactNativeJS: '%c', 'color: #000; background: #ff8080', '%c prev state', 'color: #9E9E9E; font-weight: bold', { navigation: 

12-08 21:34:25.824 14505 14533 I ReactNativeJS:    { activeScene: 'alarm',

12-08 21:34:25.824 14505 14533 I ReactNativeJS:      video: { reload: false, autoplay: false } },

12-08 21:34:25.824 14505 14533 I ReactNativeJS:   settings: 

12-08 21:34:25.824 14505 14533 I ReactNativeJS:    { playRandom: true,

12-08 21:34:25.824 14505 14533 I ReactNativeJS:      playCustomVideoId: 'hbkZrOU1Zag',

12-08 21:34:25.824 14505 14533 I ReactNativeJS:      wifiOnly: true,

12-08 21:34:25.824 14505 14533 I ReactNativeJS:      volume: 30,

12-08 21:34:25.824 14505 14533 I ReactNativeJS:      snoozeMinutes: 15 },

12-08 21:34:25.824 14505 14533 I ReactNativeJS:   alarm: 

12-08 21:34:25.824 14505 14533 I ReactNativeJS:    { scheduleIds: [ 2 ],

12-08 21:34:25.824 14505 14533 I ReactNativeJS:      schedulesById: 

12-08 21:34:25.824 14505 14533 I ReactNativeJS:       { '2': 

12-08 21:34:25.824 14505 14533 I ReactNativeJS:          { id: 2,

12-08 21:34:25.824 14505 14533 I ReactNativeJS:            enabled: true,

12-08 21:34:25.824 14505 14533 I ReactNativeJS:            time: { hour: 9, minute: 15 },

12-08 21:34:25.824 14505 14533 I ReactNativeJS:            doesRepeat: true,

12-08 21:34:25.824 14505 14533 I ReactNativeJS:            repeatMap: 

12-08 21:34:25.824 14505 14533 I ReactNativeJS:             { Sun: true,

12-08 21:34:25.824 14505 14533 I ReactNativeJS:               Mon: true,

12-08 21:34:25.824 14505 14533 I ReactNativeJS:               Tue: true,

12-08 21:34:25.824 14505 14533 I ReactNativeJS:               Wed: true,

12-08 21:34:25.824 14505 14533 I ReactNativeJS:               Thu: true,

12-08 21:34:25.824 14505 14533 I ReactNativeJS:               Fri: true,

12-08 21:34:25.824 14505 14533 I ReactNativeJS:               Sat: false } },

12-08 21:34:25.824 14505 14533 I ReactNativeJS:         snooze: 

12-08 21:34:25.824 14505 14533 I ReactNativeJS:          { id: 'snooze',

12-08 21:34:25.824 14505 14533 I ReactNativeJS:            enabled: true,

12-08 21:34:25.824 14505 14533 I ReactNativeJS:            time: { hour: 7, minute: 30 },

12-08 21:34:25.824 14505 14533 I ReactNativeJS:            doesRepeat: false,

12-08 21:34:25.824 14505 14533 I ReactNativeJS:            repeatMap: 

12-08 21:34:25.824 14505 14533 I ReactNativeJS:             { Sun: false,

12-08 21:34:25.824 14505 14533 I ReactNativeJS:               Mon: true,

12-08 21:34:25.824 14505 14533 I ReactNativeJS:               Tue: true,

12-08 21:34:25.824 14505 14533 I ReactNativeJS:               Wed: true,

12-08 21:34:25.824 14505 14533 I ReactNativeJS:               Thu: true,

12-08 21:34:25.824 14505 14533 I ReactNativeJS:               Fri: true,

12-08 21:34:25.824 14505 14533 I ReactNativeJS:               Sat: false } } },

12-08 21:34:25.824 14505 14533 I ReactNativeJS:      alarmsById: 

12-08 21:34:25.824 14505 14533 I ReactNativeJS:       { '2': { id: 2, enabled: true, timestamp: 1481271300190 },

12-08 21:34:25.824 14505 14533 I ReactNativeJS:         snooze: { enabled: true, id: 'snooze', timestamp: 1481229253045 } } } }

12-08 21:34:25.825 14505 14533 I ReactNativeJS: '%c', 'color: #000; background: #ff8080', '%c action', 'color: #03A9F4; font-weight: bold', { type: 'SETTINGS_STATE_LOADED',

12-08 21:34:25.825 14505 14533 I ReactNativeJS:   payload: { stateString: '{"playRandom":true,"playCustomVideoId":"hbkZrOU1Zag","wifiOnly":true,"volume":20,"snoozeMinutes":0}' },

12-08 21:34:25.825 14505 14533 I ReactNativeJS:   getState: [Function: o] }

12-08 21:34:25.828 14505 14533 I ReactNativeJS: '%c', 'color: #000; background: #ff8080', '%c next state', 'color: #4CAF50; font-weight: bold', { navigation: 

12-08 21:34:25.828 14505 14533 I ReactNativeJS:    { activeScene: 'alarm',

12-08 21:34:25.828 14505 14533 I ReactNativeJS:      video: { reload: false, autoplay: false } },

12-08 21:34:25.828 14505 14533 I ReactNativeJS:   settings: 

12-08 21:34:25.828 14505 14533 I ReactNativeJS:    { playRandom: true,

12-08 21:34:25.828 14505 14533 I ReactNativeJS:      playCustomVideoId: 'hbkZrOU1Zag',

12-08 21:34:25.828 14505 14533 I ReactNativeJS:      wifiOnly: true,

12-08 21:34:25.828 14505 14533 I ReactNativeJS:      volume: 20,

12-08 21:34:25.828 14505 14533 I ReactNativeJS:      snoozeMinutes: 0 },

12-08 21:34:25.828 14505 14533 I ReactNativeJS:   alarm: 

12-08 21:34:25.828 14505 14533 I ReactNativeJS:    { scheduleIds: [ 2 ],

12-08 21:34:25.828 14505 14533 I ReactNativeJS:      schedulesById: 

12-08 21:34:25.828 14505 14533 I ReactNativeJS:       { '2': 

12-08 21:34:25.828 14505 14533 I ReactNativeJS:          { id: 2,

12-08 21:34:25.828 14505 14533 I ReactNativeJS:            enabled: true,

12-08 21:34:25.828 14505 14533 I ReactNativeJS:            time: { hour: 9, minute: 15 },

12-08 21:34:25.828 14505 14533 I ReactNativeJS:            doesRepeat: true,

12-08 21:34:25.828 14505 14533 I ReactNativeJS:            repeatMap: 

12-08 21:34:25.828 14505 14533 I ReactNativeJS:             { Sun: true,

12-08 21:34:25.828 14505 14533 I ReactNativeJS:               Mon: true,

12-08 21:34:25.828 14505 14533 I ReactNativeJS:               Tue: true,

12-08 21:34:25.828 14505 14533 I ReactNativeJS:               Wed: true,

12-08 21:34:25.828 14505 14533 I ReactNativeJS:               Thu: true,

12-08 21:34:25.828 14505 14533 I ReactNativeJS:               Fri: true,

12-08 21:34:25.828 14505 14533 I ReactNativeJS:               Sat: false } },

12-08 21:34:25.828 14505 14533 I ReactNativeJS:         snooze: 

12-08 21:34:25.828 14505 14533 I ReactNativeJS:          { id: 'snooze',

12-08 21:34:25.828 14505 14533 I ReactNativeJS:            enabled: true,

12-08 21:34:25.828 14505 14533 I ReactNativeJS:            time: { hour: 7, minute: 30 },

12-08 21:34:25.828 14505 14533 I ReactNativeJS:            doesRepeat: false,

12-08 21:34:25.828 14505 14533 I ReactNativeJS:            repeatMap: 

12-08 21:34:25.828 14505 14533 I ReactNativeJS:             { Sun: false,

12-08 21:34:25.828 14505 14533 I ReactNativeJS:               Mon: true,

12-08 21:34:25.828 14505 14533 I ReactNativeJS:               Tue: true,

12-08 21:34:25.828 14505 14533 I ReactNativeJS:               Wed: true,

12-08 21:34:25.828 14505 14533 I ReactNativeJS:               Thu: true,

12-08 21:34:25.828 14505 14533 I ReactNativeJS:               Fri: true,

12-08 21:34:25.828 14505 14533 I ReactNativeJS:               Sat: false } } },

12-08 21:34:25.828 14505 14533 I ReactNativeJS:      alarmsById: 

12-08 21:34:25.828 14505 14533 I ReactNativeJS:       { '2': { id: 2, enabled: true, timestamp: 1481271300190 },

12-08 21:34:25.828 14505 14533 I ReactNativeJS:         snooze: { enabled: true, id: 'snooze', timestamp: 1481229253045 } } } }

12-08 21:34:25.829 14505 14533 I ReactNativeJS: '%c', 'color: #000; background: #ff8080', '—— log end ——'

12-08 21:34:25.853 14505 14505 D DynamitePackage: Instantiated singleton DynamitePackage.

12-08 21:34:25.853 14505 14505 D DynamitePackage: Instantiating com.google.android.gms.ads.ChimeraAdManagerCreatorImpl

12-08 21:34:25.864 14505 14533 I ReactNativeJS: '%c', 'color: #000; background: #ff8080', 'action @ 21:34:25.831 APP_LAUNCHED'

12-08 21:34:25.868 14505 14533 I ReactNativeJS: '%c', 'color: #000; background: #ff8080', '%c prev state', 'color: #9E9E9E; font-weight: bold', { navigation: 

12-08 21:34:25.868 14505 14533 I ReactNativeJS:    { activeScene: 'alarm',

12-08 21:34:25.868 14505 14533 I ReactNativeJS:      video: { reload: false, autoplay: false } },

12-08 21:34:25.868 14505 14533 I ReactNativeJS:   settings: 

12-08 21:34:25.868 14505 14533 I ReactNativeJS:    { playRandom: true,

12-08 21:34:25.868 14505 14533 I ReactNativeJS:      playCustomVideoId: 'hbkZrOU1Zag',

12-08 21:34:25.868 14505 14533 I ReactNativeJS:      wifiOnly: true,

12-08 21:34:25.868 14505 14533 I ReactNativeJS:      volume: 20,

12-08 21:34:25.868 14505 14533 I ReactNativeJS:      snoozeMinutes: 0 },

12-08 21:34:25.868 14505 14533 I ReactNativeJS:   alarm: 

12-08 21:34:25.868 14505 14533 I ReactNativeJS:    { scheduleIds: [ 2 ],

12-08 21:34:25.868 14505 14533 I ReactNativeJS:      schedulesById: 

12-08 21:34:25.868 14505 14533 I ReactNativeJS:       { '2': 

12-08 21:34:25.868 14505 14533 I ReactNativeJS:          { id: 2,

12-08 21:34:25.868 14505 14533 I ReactNativeJS:            enabled: true,

12-08 21:34:25.868 14505 14533 I ReactNativeJS:            time: { hour: 9, minute: 15 },

12-08 21:34:25.868 14505 14533 I ReactNativeJS:            doesRepeat: true,

12-08 21:34:25.868 14505 14533 I ReactNativeJS:            repeatMap: 

12-08 21:34:25.868 14505 14533 I ReactNativeJS:             { Sun: true,

12-08 21:34:25.868 14505 14533 I ReactNativeJS:               Mon: true,

12-08 21:34:25.868 14505 14533 I ReactNativeJS:               Tue: true,

12-08 21:34:25.868 14505 14533 I ReactNativeJS:               Wed: true,

12-08 21:34:25.868 14505 14533 I ReactNativeJS:               Thu: true,

12-08 21:34:25.868 14505 14533 I ReactNativeJS:               Fri: true,

12-08 21:34:25.868 14505 14533 I ReactNativeJS:               Sat: false } },

12-08 21:34:25.868 14505 14533 I ReactNativeJS:         snooze: 

12-08 21:34:25.868 14505 14533 I ReactNativeJS:          { id: 'snooze',

12-08 21:34:25.868 14505 14533 I ReactNativeJS:            enabled: true,

12-08 21:34:25.868 14505 14533 I ReactNativeJS:            time: { hour: 7, minute: 30 },

12-08 21:34:25.868 14505 14533 I ReactNativeJS:            doesRepeat: false,

12-08 21:34:25.868 14505 14533 I ReactNativeJS:            repeatMap: 

12-08 21:34:25.868 14505 14533 I ReactNativeJS:             { Sun: false,

12-08 21:34:25.868 14505 14533 I ReactNativeJS:               Mon: true,

12-08 21:34:25.868 14505 14533 I ReactNativeJS:               Tue: true,

12-08 21:34:25.868 14505 14533 I ReactNativeJS:               Wed: true,

12-08 21:34:25.868 14505 14533 I ReactNativeJS:               Thu: true,

12-08 21:34:25.868 14505 14533 I ReactNativeJS:               Fri: true,

12-08 21:34:25.868 14505 14533 I ReactNativeJS:               Sat: false } } },

12-08 21:34:25.868 14505 14533 I ReactNativeJS:      alarmsById: 

12-08 21:34:25.868 14505 14533 I ReactNativeJS:       { '2': { id: 2, enabled: true, timestamp: 1481271300190 },

12-08 21:34:25.868 14505 14533 I ReactNativeJS:         snooze: { enabled: true, id: 'snooze', timestamp: 1481229253045 } } } }

12-08 21:34:25.868 14505 14533 I ReactNativeJS: '%c', 'color: #000; background: #ff8080', '%c action', 'color: #03A9F4; font-weight: bold', { type: 'APP_LAUNCHED',

12-08 21:34:25.868 14505 14533 I ReactNativeJS:   payload: { alarmId: undefined, connectionInfo: 'WIFI' },

12-08 21:34:25.868 14505 14533 I ReactNativeJS:   getState: [Function: o] }

12-08 21:34:25.872 14505 14533 I ReactNativeJS: '%c', 'color: #000; background: #ff8080', '%c next state', 'color: #4CAF50; font-weight: bold', { navigation: 

12-08 21:34:25.872 14505 14533 I ReactNativeJS:    { activeScene: 'alarm',

12-08 21:34:25.872 14505 14533 I ReactNativeJS:      video: { reload: false, autoplay: false } },

12-08 21:34:25.872 14505 14533 I ReactNativeJS:   settings: 

12-08 21:34:25.872 14505 14533 I ReactNativeJS:    { playRandom: true,

12-08 21:34:25.872 14505 14533 I ReactNativeJS:      playCustomVideoId: 'hbkZrOU1Zag',

12-08 21:34:25.872 14505 14533 I ReactNativeJS:      wifiOnly: true,

12-08 21:34:25.872 14505 14533 I ReactNativeJS:      volume: 20,

12-08 21:34:25.872 14505 14533 I ReactNativeJS:      snoozeMinutes: 0 },

12-08 21:34:25.872 14505 14533 I ReactNativeJS:   alarm: 

12-08 21:34:25.872 14505 14533 I ReactNativeJS:    { scheduleIds: [ 2 ],

12-08 21:34:25.872 14505 14533 I ReactNativeJS:      schedulesById: 

12-08 21:34:25.872 14505 14533 I ReactNativeJS:       { '2': 

12-08 21:34:25.872 14505 14533 I ReactNativeJS:          { id: 2,

12-08 21:34:25.872 14505 14533 I ReactNativeJS:            enabled: true,

12-08 21:34:25.872 14505 14533 I ReactNativeJS:            time: { hour: 9, minute: 15 },

12-08 21:34:25.872 14505 14533 I ReactNativeJS:            doesRepeat: true,

12-08 21:34:25.872 14505 14533 I ReactNativeJS:            repeatMap: 

12-08 21:34:25.872 14505 14533 I ReactNativeJS:             { Sun: true,

12-08 21:34:25.872 14505 14533 I ReactNativeJS:               Mon: true,

12-08 21:34:25.872 14505 14533 I ReactNativeJS:               Tue: true,

12-08 21:34:25.872 14505 14533 I ReactNativeJS:               Wed: true,

12-08 21:34:25.872 14505 14533 I ReactNativeJS:               Thu: true,

12-08 21:34:25.872 14505 14533 I ReactNativeJS:               Fri: true,

12-08 21:34:25.872 14505 14533 I ReactNativeJS:               Sat: false } },

12-08 21:34:25.872 14505 14533 I ReactNativeJS:         snooze: 

12-08 21:34:25.872 14505 14533 I ReactNativeJS:          { id: 'snooze',

12-08 21:34:25.872 14505 14533 I ReactNativeJS:            enabled: true,

12-08 21:34:25.872 14505 14533 I ReactNativeJS:            time: { hour: 7, minute: 30 },

12-08 21:34:25.872 14505 14533 I ReactNativeJS:            doesRepeat: false,

12-08 21:34:25.872 14505 14533 I ReactNativeJS:            repeatMap: 

12-08 21:34:25.872 14505 14533 I ReactNativeJS:             { Sun: false,

12-08 21:34:25.872 14505 14533 I ReactNativeJS:               Mon: true,

12-08 21:34:25.872 14505 14533 I ReactNativeJS:               Tue: true,

12-08 21:34:25.872 14505 14533 I ReactNativeJS:               Wed: true,

12-08 21:34:25.872 14505 14533 I ReactNativeJS:               Thu: true,

12-08 21:34:25.872 14505 14533 I ReactNativeJS:               Fri: true,

12-08 21:34:25.872 14505 14533 I ReactNativeJS:               Sat: false } } },

12-08 21:34:25.872 14505 14533 I ReactNativeJS:      alarmsById: { '2': { id: 2, enabled: true, timestamp: 1481271300834 } } } }

12-08 21:34:25.872 14505 14533 I ReactNativeJS: '%c', 'color: #000; background: #ff8080', '—— log end ——'

12-08 21:34:25.883 14505 14554 I DynamiteModule: Considering local module com.google.android.gms.piccard.dynamite:0 and remote module com.google.android.gms.piccard.dynamite:9

12-08 21:34:25.884 14505 14554 I DynamiteModule: Selected remote version of com.google.android.gms.piccard.dynamite, version >= 9

12-08 21:34:25.894 14505 14505 I WebViewFactory: Loading com.google.android.webview version 54.0.2840.85 (code 284008500)

12-08 21:34:25.909 14505 14554 W System  : ClassLoader referenced unknown path: /data/user/0/com.google.android.gms/app_chimera/m/00000014/n/armeabi

12-08 21:34:25.941 14505 14505 I art     : Rejecting re-init on previously-failed class java.lang.Class<com.android.webview.chromium.TokenBindingManagerAdapter>

12-08 21:34:25.941 14505 14505 I art     : Rejecting re-init on previously-failed class java.lang.Class<com.android.webview.chromium.TokenBindingManagerAdapter>

12-08 21:34:25.946 14505 14505 I art     : Rejecting re-init on previously-failed class java.lang.Class<com.android.webview.chromium.ServiceWorkerControllerAdapter>

12-08 21:34:25.947 14505 14505 I art     : Rejecting re-init on previously-failed class java.lang.Class<com.android.webview.chromium.ServiceWorkerControllerAdapter>

12-08 21:34:25.948 14505 14554 W VideoCapabilities: Unrecognized profile 2130706433 for video/avc

12-08 21:34:25.951 14505 14505 I cr_LibraryLoader: Time to load native libraries: 1 ms (timestamps 4944-4945)

12-08 21:34:25.951 14505 14505 I cr_LibraryLoader: Expected native library version number "54.0.2840.85", actual native library version number "54.0.2840.85"

12-08 21:34:25.958 14505 14505 I cr_LibraryLoader: Expected native library version number "54.0.2840.85", actual native library version number "54.0.2840.85"

12-08 21:34:25.959 14505 14505 I chromium: [INFO:library_loader_hooks.cc(151)] Chromium logging enabled: level = 0, default verbosity = 0

12-08 21:34:25.960 14505 14554 W VideoCapabilities: Unrecognized profile/level 0/3 for video/mpeg2

12-08 21:34:25.961 14505 14554 W VideoCapabilities: Unrecognized profile/level 0/3 for video/mpeg2

12-08 21:34:25.967 14505 14554 W VideoCapabilities: Unsupported mime video/x-ms-wmv

12-08 21:34:25.968 14505 14554 W VideoCapabilities: Unsupported mime video/divx

12-08 21:34:25.969 14505 14505 I cr_BrowserStartup: Initializing chromium process, singleProcess=true

12-08 21:34:25.970 14505 14554 W VideoCapabilities: Unsupported mime video/divx311

12-08 21:34:25.972 14505 14554 W VideoCapabilities: Unsupported mime video/divx4

12-08 21:34:25.976 14505 14554 W VideoCapabilities: Unsupported mime video/mp4v-esdp

12-08 21:34:25.992 14505 14554 I VideoCapabilities: Unsupported profile 4 for video/mp4v-es

12-08 21:34:25.996 14505 14554 W AudioCapabilities: Unsupported mime audio/x-ape

12-08 21:34:25.996 14505 14554 W AudioCapabilities: Unsupported mime audio/ffmpeg

12-08 21:34:25.997 14505 14554 W AudioCapabilities: Unsupported mime audio/dts

12-08 21:34:25.999 14505 14554 W AudioCapabilities: Unsupported mime audio/mpeg-L2

12-08 21:34:26.000 14505 14554 W AudioCapabilities: Unsupported mime audio/vnd.rn-realaudio

12-08 21:34:26.000 14505 14554 W AudioCapabilities: Unsupported mime audio/x-ms-wma

12-08 21:34:26.001 14505 14554 W VideoCapabilities: Unsupported mime video/divx

12-08 21:34:26.003 14505 14554 W VideoCapabilities: Unsupported mime video/x-flv

12-08 21:34:26.007 14505 14554 W VideoCapabilities: Unsupported mime video/vnd.rn-realvideo

12-08 21:34:26.009 14505 14554 W VideoCapabilities: Unsupported mime video/vc1

12-08 21:34:26.010 14505 14554 W VideoCapabilities: Unsupported mime video/ffmpeg

12-08 21:34:26.012 14505 14554 W VideoCapabilities: Unsupported mime video/x-ms-wmv

12-08 21:34:26.050 14505 14505 I Ads     : Starting ad request.

12-08 21:34:26.051 14505 14505 I Ads     : Use AdRequest.Builder.addTestDevice("CE6EFF53BDDB470A5F2D8624FA22FC10") to get test ads on this device.

12-08 21:34:26.124 17702 21579 D ConnectivityService: listenForNetwork for Listen from uid/pid:10175/14505 for NetworkRequest [ id=103, legacyType=-1, [ Capabilities: INTERNET&NOT_RESTRICTED&TRUSTED] ]

12-08 21:34:26.290 19089 14598 W Ads     : Received error HTTP response code: 400

12-08 21:34:26.291 14505 14517 W Ads     : There was a problem getting an ad response. ErrorCode: 0

12-08 21:34:26.292 14505 14505 W Ads     : Failed to load ad: 0

12-08 21:34:26.294 14505 14533 I ReactNativeJS: '%c', 'color: #000; background: #ff8080', 'ERROR_CODE_INTERNAL_ERROR'

12-08 21:34:27.644 17477 17836 D audio_hw_primary: out_standby: enter: stream (0xb5ff6fc0) usecase(4: audio-ull-playback)

12-08 21:34:27.707 17477 17836 D hardware_info: hw_info_append_hw_type : device_name = speaker

12-08 21:34:28.061 19947 20009 D HeadsetStateMachine: Disconnected process message: 10, size: 0

12-08 21:34:29.563 14505 14533 I ReactNativeJS: '%c', 'color: #000; background: #ff8080', 'action @ 21:34:29.557 TAB_PRESSED'

12-08 21:34:29.574 14505 14533 I ReactNativeJS: '%c', 'color: #000; background: #ff8080', '%c prev state', 'color: #9E9E9E; font-weight: bold', { navigation: 

12-08 21:34:29.574 14505 14533 I ReactNativeJS:    { activeScene: 'alarm',

12-08 21:34:29.574 14505 14533 I ReactNativeJS:      video: { reload: false, autoplay: false } },

12-08 21:34:29.574 14505 14533 I ReactNativeJS:   settings: 

12-08 21:34:29.574 14505 14533 I ReactNativeJS:    { playRandom: true,

12-08 21:34:29.574 14505 14533 I ReactNativeJS:      playCustomVideoId: 'hbkZrOU1Zag',

12-08 21:34:29.574 14505 14533 I ReactNativeJS:      wifiOnly: true,

12-08 21:34:29.574 14505 14533 I ReactNativeJS:      volume: 20,

12-08 21:34:29.574 14505 14533 I ReactNativeJS:      snoozeMinutes: 0 },

12-08 21:34:29.574 14505 14533 I ReactNativeJS:   alarm: 

12-08 21:34:29.574 14505 14533 I ReactNativeJS:    { scheduleIds: [ 2 ],

12-08 21:34:29.574 14505 14533 I ReactNativeJS:      schedulesById: 

12-08 21:34:29.574 14505 14533 I ReactNativeJS:       { '2': 

12-08 21:34:29.574 14505 14533 I ReactNativeJS:          { id: 2,

12-08 21:34:29.574 14505 14533 I ReactNativeJS:            enabled: true,

12-08 21:34:29.574 14505 14533 I ReactNativeJS:            time: { hour: 9, minute: 15 },

12-08 21:34:29.574 14505 14533 I ReactNativeJS:            doesRepeat: true,

12-08 21:34:29.574 14505 14533 I ReactNativeJS:            repeatMap: 

12-08 21:34:29.574 14505 14533 I ReactNativeJS:             { Sun: true,

12-08 21:34:29.574 14505 14533 I ReactNativeJS:               Mon: true,

12-08 21:34:29.574 14505 14533 I ReactNativeJS:               Tue: true,

12-08 21:34:29.574 14505 14533 I ReactNativeJS:               Wed: true,

12-08 21:34:29.574 14505 14533 I ReactNativeJS:               Thu: true,

12-08 21:34:29.574 14505 14533 I ReactNativeJS:               Fri: true,

12-08 21:34:29.574 14505 14533 I ReactNativeJS:               Sat: false } },

12-08 21:34:29.574 14505 14533 I ReactNativeJS:         snooze: 

12-08 21:34:29.574 14505 14533 I ReactNativeJS:          { id: 'snooze',

12-08 21:34:29.574 14505 14533 I ReactNativeJS:            enabled: true,

12-08 21:34:29.574 14505 14533 I ReactNativeJS:            time: { hour: 7, minute: 30 },

12-08 21:34:29.574 14505 14533 I ReactNativeJS:            doesRepeat: false,

12-08 21:34:29.574 14505 14533 I ReactNativeJS:            repeatMap: 

12-08 21:34:29.574 14505 14533 I ReactNativeJS:             { Sun: false,

12-08 21:34:29.574 14505 14533 I ReactNativeJS:               Mon: true,

12-08 21:34:29.574 14505 14533 I ReactNativeJS:               Tue: true,

12-08 21:34:29.574 14505 14533 I ReactNativeJS:               Wed: true,

12-08 21:34:29.574 14505 14533 I ReactNativeJS:               Thu: true,

12-08 21:34:29.574 14505 14533 I ReactNativeJS:               Fri: true,

12-08 21:34:29.574 14505 14533 I ReactNativeJS:               Sat: false } } },

12-08 21:34:29.574 14505 14533 I ReactNativeJS:      alarmsById: { '2': { id: 2, enabled: true, timestamp: 1481271300834 } } } }

12-08 21:34:29.576 14505 14533 I ReactNativeJS: '%c', 'color: #000; background: #ff8080', '%c action', 'color: #03A9F4; font-weight: bold', { type: 'TAB_PRESSED',

12-08 21:34:29.576 14505 14533 I ReactNativeJS:   payload: 'video',

12-08 21:34:29.576 14505 14533 I ReactNativeJS:   getState: [Function: o] }

12-08 21:34:29.579 14505 14533 I ReactNativeJS: '%c', 'color: #000; background: #ff8080', '%c next state', 'color: #4CAF50; font-weight: bold', { navigation: 

12-08 21:34:29.579 14505 14533 I ReactNativeJS:    { activeScene: 'video',

12-08 21:34:29.579 14505 14533 I ReactNativeJS:      video: { reload: false, autoplay: false } },

12-08 21:34:29.579 14505 14533 I ReactNativeJS:   settings: 

12-08 21:34:29.579 14505 14533 I ReactNativeJS:    { playRandom: true,

12-08 21:34:29.579 14505 14533 I ReactNativeJS:      playCustomVideoId: 'hbkZrOU1Zag',

12-08 21:34:29.579 14505 14533 I ReactNativeJS:      wifiOnly: true,

12-08 21:34:29.579 14505 14533 I ReactNativeJS:      volume: 20,

12-08 21:34:29.579 14505 14533 I ReactNativeJS:      snoozeMinutes: 0 },

12-08 21:34:29.579 14505 14533 I ReactNativeJS:   alarm: 

12-08 21:34:29.579 14505 14533 I ReactNativeJS:    { scheduleIds: [ 2 ],

12-08 21:34:29.579 14505 14533 I ReactNativeJS:      schedulesById: 

12-08 21:34:29.579 14505 14533 I ReactNativeJS:       { '2': 

12-08 21:34:29.579 14505 14533 I ReactNativeJS:          { id: 2,

12-08 21:34:29.579 14505 14533 I ReactNativeJS:            enabled: true,

12-08 21:34:29.579 14505 14533 I ReactNativeJS:            time: { hour: 9, minute: 15 },

12-08 21:34:29.579 14505 14533 I ReactNativeJS:            doesRepeat: true,

12-08 21:34:29.579 14505 14533 I ReactNativeJS:            repeatMap: 

12-08 21:34:29.579 14505 14533 I ReactNativeJS:             { Sun: true,

12-08 21:34:29.579 14505 14533 I ReactNativeJS:               Mon: true,

12-08 21:34:29.579 14505 14533 I ReactNativeJS:               Tue: true,

12-08 21:34:29.579 14505 14533 I ReactNativeJS:               Wed: true,

12-08 21:34:29.579 14505 14533 I ReactNativeJS:               Thu: true,

12-08 21:34:29.579 14505 14533 I ReactNativeJS:               Fri: true,

12-08 21:34:29.579 14505 14533 I ReactNativeJS:               Sat: false } },

12-08 21:34:29.579 14505 14533 I ReactNativeJS:         snooze: 

12-08 21:34:29.579 14505 14533 I ReactNativeJS:          { id: 'snooze',

12-08 21:34:29.579 14505 14533 I ReactNativeJS:            enabled: true,

12-08 21:34:29.579 14505 14533 I ReactNativeJS:            time: { hour: 7, minute: 30 },

12-08 21:34:29.579 14505 14533 I ReactNativeJS:            doesRepeat: false,

12-08 21:34:29.579 14505 14533 I ReactNativeJS:            repeatMap: 

12-08 21:34:29.579 14505 14533 I ReactNativeJS:             { Sun: false,

12-08 21:34:29.579 14505 14533 I ReactNativeJS:               Mon: true,

12-08 21:34:29.579 14505 14533 I ReactNativeJS:               Tue: true,

12-08 21:34:29.579 14505 14533 I ReactNativeJS:               Wed: true,

12-08 21:34:29.579 14505 14533 I ReactNativeJS:               Thu: true,

12-08 21:34:29.579 14505 14533 I ReactNativeJS:               Fri: true,

12-08 21:34:29.579 14505 14533 I ReactNativeJS:               Sat: false } } },

12-08 21:34:29.579 14505 14533 I ReactNativeJS:      alarmsById: { '2': { id: 2, enabled: true, timestamp: 1481271300834 } } } }

12-08 21:34:29.581 14505 14533 I ReactNativeJS: '%c', 'color: #000; background: #ff8080', '—— log end ——'

12-08 21:34:29.594 14505 14533 I ReactNativeJS: '%c', 'color: #000; background: #ff8080', 'https://mrtoph.github.io/react-native-motivation-app/api.html?nocache=1481229269593&volume=100', ''

12-08 21:34:29.643 17702 21649 D ConnectivityService: listenForNetwork for Listen from uid/pid:10175/14505 for NetworkRequest [ id=104, legacyType=-1, [ Capabilities: INTERNET&NOT_RESTRICTED&TRUSTED] ]

12-08 21:34:29.663 14505 14582 W cr_media: Requires BLUETOOTH permission

12-08 21:34:29.665   243   243 E SELinux : avc:  denied  { find } for service=batterymanager scontext=u:r:untrusted_app:s0:c512,c768 tcontext=u:object_r:battery_service:s0 tclass=service_manager

12-08 21:34:29.670 14505 14505 I cr_Ime  : ImeThread is enabled.

12-08 21:34:29.737 14505 14621 E libEGL  : validate_display:255 error 3008 (EGL_BAD_DISPLAY)

12-08 21:34:30.027 14505 14505 W cr_BindingManager: Cannot call determinedVisibility() - never saw a connection for the pid: 14505

12-08 21:34:30.069 23409 23759 W YT.MDX.discovery: Dropping TV: Markus's Fire TV stick status: -1

12-08 21:34:30.070 14505 14505 I chromium: [INFO:CONSOLE(112)] "[object Object]", source: https://mrtoph.github.io/react-native-motivation-app/bundle.js?v=13 (112)

12-08 21:34:30.214 14505 14505 E chromium: [ERROR:interface_registry.cc(99)] Failed to locate a binder for interface: autofill::mojom::AutofillDriver

12-08 21:34:32.367 14505 14533 I ReactNativeJS: '%c', 'color: #000; background: #ff8080', 'action @ 21:34:32.366 VIDEO_PLAYER_LOAD_END'

12-08 21:34:32.372 14505 14533 I ReactNativeJS: '%c', 'color: #000; background: #ff8080', '%c prev state', 'color: #9E9E9E; font-weight: bold', { navigation: 

12-08 21:34:32.372 14505 14533 I ReactNativeJS:    { activeScene: 'video',

12-08 21:34:32.372 14505 14533 I ReactNativeJS:      video: { reload: false, autoplay: false } },

12-08 21:34:32.372 14505 14533 I ReactNativeJS:   settings: 

12-08 21:34:32.372 14505 14533 I ReactNativeJS:    { playRandom: true,

12-08 21:34:32.372 14505 14533 I ReactNativeJS:      playCustomVideoId: 'hbkZrOU1Zag',

12-08 21:34:32.372 14505 14533 I ReactNativeJS:      wifiOnly: true,

12-08 21:34:32.372 14505 14533 I ReactNativeJS:      volume: 20,

12-08 21:34:32.372 14505 14533 I ReactNativeJS:      snoozeMinutes: 0 },

12-08 21:34:32.372 14505 14533 I ReactNativeJS:   alarm: 

12-08 21:34:32.372 14505 14533 I ReactNativeJS:    { scheduleIds: [ 2 ],

12-08 21:34:32.372 14505 14533 I ReactNativeJS:      schedulesById: 

12-08 21:34:32.372 14505 14533 I ReactNativeJS:       { '2': 

12-08 21:34:32.372 14505 14533 I ReactNativeJS:          { id: 2,

12-08 21:34:32.372 14505 14533 I ReactNativeJS:            enabled: true,

12-08 21:34:32.372 14505 14533 I ReactNativeJS:            time: { hour: 9, minute: 15 },

12-08 21:34:32.372 14505 14533 I ReactNativeJS:            doesRepeat: true,

12-08 21:34:32.372 14505 14533 I ReactNativeJS:            repeatMap: 

12-08 21:34:32.372 14505 14533 I ReactNativeJS:             { Sun: true,

12-08 21:34:32.372 14505 14533 I ReactNativeJS:               Mon: true,

12-08 21:34:32.372 14505 14533 I ReactNativeJS:               Tue: true,

12-08 21:34:32.372 14505 14533 I ReactNativeJS:               Wed: true,

12-08 21:34:32.372 14505 14533 I ReactNativeJS:               Thu: true,

12-08 21:34:32.372 14505 14533 I ReactNativeJS:               Fri: true,

12-08 21:34:32.372 14505 14533 I ReactNativeJS:               Sat: false } },

12-08 21:34:32.372 14505 14533 I ReactNativeJS:         snooze: 

12-08 21:34:32.372 14505 14533 I ReactNativeJS:          { id: 'snooze',

12-08 21:34:32.372 14505 14533 I ReactNativeJS:            enabled: true,

12-08 21:34:32.372 14505 14533 I ReactNativeJS:            time: { hour: 7, minute: 30 },

12-08 21:34:32.372 14505 14533 I ReactNativeJS:            doesRepeat: false,

12-08 21:34:32.372 14505 14533 I ReactNativeJS:            repeatMap: 

12-08 21:34:32.372 14505 14533 I ReactNativeJS:             { Sun: false,

12-08 21:34:32.372 14505 14533 I ReactNativeJS:               Mon: true,

12-08 21:34:32.372 14505 14533 I ReactNativeJS:               Tue: true,

12-08 21:34:32.372 14505 14533 I ReactNativeJS:               Wed: true,

12-08 21:34:32.372 14505 14533 I ReactNativeJS:               Thu: true,

12-08 21:34:32.372 14505 14533 I ReactNativeJS:               Fri: true,

12-08 21:34:32.372 14505 14533 I ReactNativeJS:               Sat: false } } },

12-08 21:34:32.372 14505 14533 I ReactNativeJS:      alarmsById: { '2': { id: 2, enabled: true, timestamp: 1481271300834 } } } }

12-08 21:34:32.373 14505 14533 I ReactNativeJS: '%c', 'color: #000; background: #ff8080', '%c action', 'color: #03A9F4; font-weight: bold', { type: 'VIDEO_PLAYER_LOAD_END', getState: [Function: o] }

12-08 21:34:32.374 18699 18699 W Binder_8: type=1400 audit(0.0:37519): avc: denied { ioctl } for path="socket:[3312979]" dev="sockfs" ino=3312979 ioctlcmd=7704 scontext=u:r:system_server:s0 tcontext=u:r:system_server:s0 tclass=unix_stream_socket permissive=0

12-08 21:34:32.374 18699 18699 W Binder_8: type=1400 audit(0.0:37520): avc: denied { ioctl } for path="socket:[3312979]" dev="sockfs" ino=3312979 ioctlcmd=7704 scontext=u:r:system_server:s0 tcontext=u:r:system_server:s0 tclass=unix_stream_socket permissive=0

12-08 21:34:32.376 14505 14533 I ReactNativeJS: '%c', 'color: #000; background: #ff8080', '%c next state', 'color: #4CAF50; font-weight: bold', { navigation: 

12-08 21:34:32.376 14505 14533 I ReactNativeJS:    { activeScene: 'video',

12-08 21:34:32.376 14505 14533 I ReactNativeJS:      video: { reload: false, autoplay: false } },

12-08 21:34:32.376 14505 14533 I ReactNativeJS:   settings: 

12-08 21:34:32.376 14505 14533 I ReactNativeJS:    { playRandom: true,

12-08 21:34:32.376 14505 14533 I ReactNativeJS:      playCustomVideoId: 'hbkZrOU1Zag',

12-08 21:34:32.376 14505 14533 I ReactNativeJS:      wifiOnly: true,

12-08 21:34:32.376 14505 14533 I ReactNativeJS:      volume: 20,

12-08 21:34:32.376 14505 14533 I ReactNativeJS:      snoozeMinutes: 0 },

12-08 21:34:32.376 14505 14533 I ReactNativeJS:   alarm: 

12-08 21:34:32.376 14505 14533 I ReactNativeJS:    { scheduleIds: [ 2 ],

12-08 21:34:32.376 14505 14533 I ReactNativeJS:      schedulesById: 

12-08 21:34:32.376 14505 14533 I ReactNativeJS:       { '2': 

12-08 21:34:32.376 14505 14533 I ReactNativeJS:          { id: 2,

12-08 21:34:32.376 14505 14533 I ReactNativeJS:            enabled: true,

12-08 21:34:32.376 14505 14533 I ReactNativeJS:            time: { hour: 9, minute: 15 },

12-08 21:34:32.376 14505 14533 I ReactNativeJS:            doesRepeat: true,

12-08 21:34:32.376 14505 14533 I ReactNativeJS:            repeatMap: 

12-08 21:34:32.376 14505 14533 I ReactNativeJS:             { Sun: true,

12-08 21:34:32.376 14505 14533 I ReactNativeJS:               Mon: true,

12-08 21:34:32.376 14505 14533 I ReactNativeJS:               Tue: true,

12-08 21:34:32.376 14505 14533 I ReactNativeJS:               Wed: true,

12-08 21:34:32.376 14505 14533 I ReactNativeJS:               Thu: true,

12-08 21:34:32.376 14505 14533 I ReactNativeJS:               Fri: true,

12-08 21:34:32.376 14505 14533 I ReactNativeJS:               Sat: false } },

12-08 21:34:32.376 14505 14533 I ReactNativeJS:         snooze: 

12-08 21:34:32.376 14505 14533 I ReactNativeJS:          { id: 'snooze',

12-08 21:34:32.376 14505 14533 I ReactNativeJS:            enabled: true,

12-08 21:34:32.376 14505 14533 I ReactNativeJS:            time: { hour: 7, minute: 30 },

12-08 21:34:32.376 14505 14533 I ReactNativeJS:            doesRepeat: false,

12-08 21:34:32.376 14505 14533 I ReactNativeJS:            repeatMap: 

12-08 21:34:32.376 14505 14533 I ReactNativeJS:             { Sun: false,

12-08 21:34:32.376 14505 14533 I ReactNativeJS:               Mon: true,

12-08 21:34:32.376 14505 14533 I ReactNativeJS:               Tue: true,

12-08 21:34:32.376 14505 14533 I ReactNativeJS:               Wed: true,

12-08 21:34:32.376 14505 14533 I ReactNativeJS:               Thu: true,

12-08 21:34:32.376 14505 14533 I ReactNativeJS:               Fri: true,

12-08 21:34:32.376 14505 14533 I ReactNativeJS:               Sat: false } } },

12-08 21:34:32.376 14505 14533 I ReactNativeJS:      alarmsById: { '2': { id: 2, enabled: true, timestamp: 1481271300834 } } } }

12-08 21:34:32.377 14505 14533 I ReactNativeJS: '%c', 'color: #000; background: #ff8080', '—— log end ——'

12-08 21:34:32.379 17959 18283 I vol.Events: writeEvent active_stream_changed STREAM_MUSIC

12-08 21:34:32.385 17959 17959 I vol.Events: writeEvent show_dialog volume_changed keyguard=false

12-08 21:34:32.579 27286 27286 I chatty  : uid=10020(com.quora.android) expire 14 lines

12-08 21:34:33.158 27286 27286 W cr_AwContents: Application attempted to call on a destroyed WebView

12-08 21:34:33.158 27286 27286 W cr_AwContents: java.lang.Throwable

12-08 21:34:33.158 27286 27286 W cr_AwContents: 	at org.chromium.android_webview.AwContents.isDestroyed(AwContents.java:1231)

12-08 21:34:33.158 27286 27286 W cr_AwContents: 	at org.chromium.android_webview.AwContents.evaluateJavaScript(AwContents.java:2218)

12-08 21:34:33.158 27286 27286 W cr_AwContents: 	at com.android.webview.chromium.WebViewChromium.evaluateJavaScript(WebViewChromium.java:579)

12-08 21:34:33.158 27286 27286 W cr_AwContents: 	at android.webkit.WebView.evaluateJavascript(WebView.java:994)

12-08 21:34:33.158 27286 27286 W cr_AwContents: 	at com.quora.android.view.QWebView.evaluateJavascript(QWebView.java:386)

12-08 21:34:33.158 27286 27286 W cr_AwContents: 	at com.quora.android.view.QWebViewFragment.invokeJavaScript(QWebViewFragment.java:1879)

12-08 21:34:33.158 27286 27286 W cr_AwContents: 	at com.quora.android.view.QWebViewFragment.findVisibleActionableComponents(QWebViewFragment.java:2346)

12-08 21:34:33.158 27286 27286 W cr_AwContents: 	at com.quora.android.logging.QActionLogger$1.run(QActionLogger.java:21)

12-08 21:34:33.158 27286 27286 W cr_AwContents: 	at com.quora.android.util.HandlerTimer$1.run(HandlerTimer.java:28)

12-08 21:34:33.158 27286 27286 W cr_AwContents: 	at android.os.Handler.handleCallback(Handler.java:739)

12-08 21:34:33.158 27286 27286 W cr_AwContents: 	at android.os.Handler.dispatchMessage(Handler.java:95)

12-08 21:34:33.158 27286 27286 W cr_AwContents: 	at android.os.Looper.loop(Looper.java:148)

12-08 21:34:33.158 27286 27286 W cr_AwContents: 	at android.app.ActivityThread.main(ActivityThread.java:5461)

12-08 21:34:33.158 27286 27286 W cr_AwContents: 	at java.lang.reflect.Method.invoke(Native Method)

12-08 21:34:33.158 27286 27286 W cr_AwContents: 	at com.android.internal.os.ZygoteInit$MethodAndArgsCaller.run(ZygoteInit.java:726)

12-08 21:34:33.158 27286 27286 W cr_AwContents: 	at com.android.internal.os.ZygoteInit.main(ZygoteInit.java:616)

12-08 21:34:33.158 27286 27286 W cr_AwContents: Application attempted to call on a destroyed WebView

12-08 21:34:33.158 27286 27286 W cr_AwContents: java.lang.Throwable

12-08 21:34:33.158 27286 27286 W cr_AwContents: 	at org.chromium.android_webview.AwContents.isDestroyed(AwContents.java:1231)

12-08 21:34:33.158 27286 27286 W cr_AwContents: 	at org.chromium.android_webview.AwContents.evaluateJavaScript(AwContents.java:2218)

12-08 21:34:33.158 27286 27286 W cr_AwContents: 	at com.android.webview.chromium.WebViewChromium.evaluateJavaScript(WebViewChromium.java:579)

12-08 21:34:33.158 27286 27286 W cr_AwContents: 	at android.webkit.WebView.evaluateJavascript(WebView.java:994)

12-08 21:34:33.158 27286 27286 W cr_AwContents: 	at com.quora.android.view.QWebView.evaluateJavascript(QWebView.java:386)

12-08 21:34:33.158 27286 27286 W cr_AwContents: 	at com.quora.android.view.QWebViewFragment.invokeJavaScript(QWebViewFragment.java:1879)

12-08 21:34:33.158 27286 27286 W cr_AwContents: 	at com.quora.android.view.QWebViewFragment.findVisibleFeedItems(QWebViewFragment.java:2353)

12-08 21:34:33.158 27286 27286 W cr_AwContents: 	at com.quora.android.logging.QActionLogger$1.run(QActionLogger.java:22)

12-08 21:34:33.158 27286 27286 W cr_AwContents: 	at com.quora.android.util.HandlerTimer$1.run(HandlerTimer.java:28)

12-08 21:34:33.158 27286 27286 W cr_AwContents: 	at android.os.Handler.handleCallback(Handler.java:739)

12-08 21:34:33.158 27286 27286 W cr_AwContents: 	at android.os.Handler.dispatchMessage(Handler.java:95)

12-08 21:34:33.158 27286 27286 W cr_AwContents: 	at android.os.Looper.loop(Looper.java:148)

12-08 21:34:33.158 27286 27286 W cr_AwContents: 	at android.app.ActivityThread.main(ActivityThread.java:5461)

12-08 21:34:33.158 27286 27286 W cr_AwContents: 	at java.lang.reflect.Method.invoke(Native Method)

12-08 21:34:33.158 27286 27286 W cr_AwContents: 	at com.android.internal.os.ZygoteInit$MethodAndArgsCaller.run(ZygoteInit.java:726)

12-08 21:34:33.158 27286 27286 W cr_AwContents: 	at com.android.internal.os.ZygoteInit.main(ZygoteInit.java:616)

12-08 21:34:33.159 27286 27286 W cr_AwContents: Application attempted to call on a destroyed WebView

12-08 21:34:33.159 27286 27286 W cr_AwContents: java.lang.Throwable

12-08 21:34:33.159 27286 27286 W cr_AwContents: 	at org.chromium.android_webview.AwContents.isDestroyed(AwContents.java:1231)

12-08 21:34:33.159 27286 27286 W cr_AwContents: 	at org.chromium.android_webview.AwContents.evaluateJavaScript(AwContents.java:2218)

12-08 21:34:33.159 27286 27286 W cr_AwContents: 	at com.android.webview.chromium.WebViewChromium.evaluateJavaScript(WebViewChromium.java:579)

12-08 21:34:33.159 27286 27286 W cr_AwContents: 	at android.webkit.WebView.evaluateJavascript(WebView.java:994)

12-08 21:34:33.159 27286 27286 W cr_AwContents: 	at com.quora.android.view.QWebView.evaluateJavascript(QWebView.java:386)

12-08 21:34:33.159 27286 27286 W cr_AwContents: 	at com.quora.android.view.QWebViewFragment.invokeJavaScript(QWebViewFragment.java:1879)

12-08 21:34:33.159 27286 27286 W cr_AwContents: 	at com.quora.android.view.QWebViewFragment.findVisibleActionableComponents(QWebViewFragment.java:2346)

12-08 21:34:33.159 27286 27286 W cr_AwContents: 	at com.quora.android.logging.QActionLogger$1.run(QActionLogger.java:21)

12-08 21:34:33.159 27286 27286 W cr_AwContents: 	at com.quora.android.util.HandlerTimer$1.run(HandlerTimer.java:28)

12-08 21:34:33.159 27286 27286 W cr_AwContents: 	at android.os.Handler.handleCallback(Handler.java:739)

12-08 21:34:33.159 27286 27286 W cr_AwContents: 	at android.os.Handler.dispatchMessage(Handler.java:95)

12-08 21:34:33.159 27286 27286 W cr_AwContents: 	at android.os.Looper.loop(Looper.java:148)

12-08 21:34:33.159 27286 27286 W cr_AwContents: 	at android.app.ActivityThread.main(ActivityThread.java:5461)

12-08 21:34:33.159 27286 27286 W cr_AwContents: 	at java.lang.reflect.Method.invoke(Native Method)

12-08 21:34:33.159 27286 27286 W cr_AwContents: 	at com.android.internal.os.ZygoteInit$MethodAndArgsCaller.run(ZygoteInit.java:726)

12-08 21:34:33.159 27286 27286 W cr_AwContents: 	at com.android.internal.os.ZygoteInit.main(ZygoteInit.java:616)

12-08 21:34:33.159 27286 27286 W cr_AwContents: Application attempted to call on a destroyed WebView

12-08 21:34:33.159 27286 27286 W cr_AwContents: java.lang.Throwable

12-08 21:34:33.159 27286 27286 W cr_AwContents: 	at org.chromium.android_webview.AwContents.isDestroyed(AwContents.java:1231)

12-08 21:34:33.159 27286 27286 W cr_AwContents: 	at org.chromium.android_webview.AwContents.evaluateJavaScript(AwContents.java:2218)

12-08 21:34:33.159 27286 27286 W cr_AwContents: 	at com.android.webview.chromium.WebViewChromium.evaluateJavaScript(WebViewChromium.java:579)

12-08 21:34:33.159 27286 27286 W cr_AwContents: 	at android.webkit.WebView.evaluateJavascript(WebView.java:994)

12-08 21:34:33.159 27286 27286 W cr_AwContents: 	at com.quora.android.view.QWebView.evaluateJavascript(QWebView.java:386)

12-08 21:34:33.159 27286 27286 W cr_AwContents: 	at com.quora.android.view.QWebViewFragment.invokeJavaScript(QWebViewFragment.java:1879)

12-08 21:34:33.159 27286 27286 W cr_AwContents: 	at com.quora.android.view.QWebViewFragment.findVisibleFeedItems(QWebViewFragment.java:2353)

12-08 21:34:33.159 27286 27286 W cr_AwContents: 	at com.quora.android.logging.QActionLogger$1.run(QActionLogger.java:22)

12-08 21:34:33.159 27286 27286 W cr_AwContents: 	at com.quora.android.util.HandlerTimer$1.run(HandlerTimer.java:28)

12-08 21:34:33.159 27286 27286 W cr_AwContents: 	at android.os.Handler.handleCallback(Handler.java:739)

12-08 21:34:33.159 27286 27286 W cr_AwContents: 	at android.os.Handler.dispatchMessage(Handler.java:95)

