12-08 18:46:40.096 17702 17913 D ConnectivityService: releasing NetworkRequest NetworkRequest [ id=73, legacyType=-1, [ Capabilities: INTERNET&NOT_RESTRICTED&TRUSTED] ]
12-08 18:46:40.097 17702 17913 E ConnectivityService: RemoteException caught trying to send a callback msg for NetworkRequest [ id=73, legacyType=-1, [ Capabilities: INTERNET&NOT_RESTRICTED&TRUSTED] ]
12-08 18:46:40.110 17702 21656 I ActivityManager: Process com.motivation (pid 30817) has died
12-08 18:46:42.636 17702 17913 D ConnectivityService: notifyType CAP_CHANGED for NetworkAgentInfo [WIFI () - 134]
12-08 18:46:45.644 17702 17913 D ConnectivityService: notifyType CAP_CHANGED for NetworkAgentInfo [WIFI () - 134]
12-08 18:46:51.681 17702 17913 D ConnectivityService: notifyType CAP_CHANGED for NetworkAgentInfo [WIFI () - 134]
12-08 18:47:00.206 17702 19393 I ActivityManager: START u0 {act=android.intent.action.MAIN cat=[android.intent.category.LAUNCHER] flg=0x10200000 cmp=com.motivation/.MainActivity bnds=[804,942][1068,1275] (has extras)} from uid 10026 on display 0
12-08 18:47:00.249 17702 18699 I ActivityManager: Start proc 32005:com.motivation/u0a175 for activity com.motivation/.MainActivity
12-08 18:47:01.770 17702 21657 D ConnectivityService: listenForNetwork for Listen from uid/pid:10175/32005 for NetworkRequest [ id=75, legacyType=-1, [ Capabilities: INTERNET&NOT_RESTRICTED&TRUSTED] ]
12-08 18:47:03.568 17702 17716 D ConnectivityService: listenForNetwork for Listen from uid/pid:10175/32005 for NetworkRequest [ id=76, legacyType=-1, [ Capabilities: INTERNET&NOT_RESTRICTED&TRUSTED] ]
12-08 18:47:12.744 17702 17913 D ConnectivityService: notifyType CAP_CHANGED for NetworkAgentInfo [WIFI () - 134]
12-08 18:47:30.813 17702 17913 D ConnectivityService: notifyType CAP_CHANGED for NetworkAgentInfo [WIFI () - 134]
12-08 18:47:54.902 17702 17913 D ConnectivityService: notifyType CAP_CHANGED for NetworkAgentInfo [WIFI () - 134]
12-08 18:48:12.170 17702 21579 I ActivityManager: Start proc 32486:com.google.android.apps.photos/u0a111 for broadcast com.google.android.apps.photos/.scheduler.AlarmReceiver
12-08 18:48:12.639 17702 18678 D WifiService: acquireWifiLockLocked: WifiLock{NlpWifiLock type=2 binder=android.os.BinderProxy@d048a23}
12-08 18:48:12.754 17702 17981 D ConnectivityService: ConnectivityService NetworkRequestInfo binderDied(NetworkRequest [ id=70, legacyType=-1, [ Capabilities: INTERNET&NOT_RESTRICTED&TRUSTED] ], android.os.BinderProxy@b0ba57f)
12-08 18:48:12.755 17702 18699 I ActivityManager: Start proc 32519:com.google.process.gapps/u0a13 for content provider com.google.android.gsf/.gservices.GservicesProvider
12-08 18:48:12.755 17702 17913 D ConnectivityService: releasing NetworkRequest NetworkRequest [ id=70, legacyType=-1, [ Capabilities: INTERNET&NOT_RESTRICTED&TRUSTED] ]
12-08 18:48:12.755 17702 17912 D WifiService: Client connection lost with reason: 4
12-08 18:48:12.755 17702 17913 E ConnectivityService: RemoteException caught trying to send a callback msg for NetworkRequest [ id=70, legacyType=-1, [ Capabilities: INTERNET&NOT_RESTRICTED&TRUSTED] ]
12-08 18:48:12.789 17702 18668 I ActivityManager: Process com.facebook.katana (pid 29582) has died
12-08 18:48:12.791 17702 18668 W ActivityManager: Scheduling restart of crashed service com.facebook.katana/com.facebook.mqttlite.MqttService in 1000ms
12-08 18:48:12.808 17702 21649 W BroadcastQueue: Failure sending broadcast Intent { act=X.06N.ACTION_INEXACT_ALARM.MqttLite.com.facebook.katana flg=0x14 pkg=com.facebook.katana (has extras) }
12-08 18:48:12.808 17702 21649 W BroadcastQueue: android.os.RemoteException: app.thread must not be null
12-08 18:48:12.808 17702 21649 W BroadcastQueue: 	at com.android.server.am.BroadcastQueue.performReceiveLocked(BroadcastQueue.java:462)
12-08 18:48:12.808 17702 21649 W BroadcastQueue: 	at com.android.server.am.BroadcastQueue.deliverToRegisteredReceiverLocked(BroadcastQueue.java:599)
12-08 18:48:12.808 17702 21649 W BroadcastQueue: 	at com.android.server.am.BroadcastQueue.processNextBroadcast(BroadcastQueue.java:837)
12-08 18:48:12.808 17702 21649 W BroadcastQueue: 	at com.android.server.am.ActivityManagerService.finishReceiver(ActivityManagerService.java:17488)
12-08 18:48:12.808 17702 21649 W BroadcastQueue: 	at android.app.ActivityManagerNative.onTransact(ActivityManagerNative.java:496)
12-08 18:48:12.808 17702 21649 W BroadcastQueue: 	at com.android.server.am.ActivityManagerService.onTransact(ActivityManagerService.java:2674)
12-08 18:48:12.808 17702 21649 W BroadcastQueue: 	at android.os.Binder.execTransact(Binder.java:453)
12-08 18:48:12.883 17702 17702 I ActivityManager: Start proc 32533:com.android.contacts/u0a8 for service com.android.contacts/.incall.InCallMetricsJobService
12-08 18:48:12.975 17702 19028 I ActivityManager: Start proc 32551:android.process.acore/u0a8 for content provider com.android.providers.contacts/.ContactsProvider2
12-08 18:48:13.025 17702 17717 I ActivityManager: Killing 30520:com.ext.ui/u0a100 (adj 15): empty for 1935s
12-08 18:48:13.076 17702 18384 D WifiService: releaseWifiLockLocked: WifiLock{NlpWifiLock type=2 binder=android.os.BinderProxy@d048a23}
12-08 18:48:13.082 17702 17724 I ActivityManager: Start proc 32572:com.skype.raider/u0a143 for broadcast com.skype.raider/com.skype.android.service.GetAccountReceiver
12-08 18:48:13.090 17702 19028 I ActivityManager: Killing 30696:com.shazam.android/u0a109 (adj 15): empty for 1934s
12-08 18:48:13.362 17702 21649 I ActivityManager: Start proc 32588:com.google.process.gapps/u0a135 for content provider com.google.android.syncadapters.contacts/.GalProvider
12-08 18:48:13.382 17702 17981 I ActivityManager: Killing 30221:com.android.defcontainer/u0a9 (adj 15): empty for 1931s
12-08 18:48:13.519 17702 18384 I ActivityManager: Start proc 32603:com.boxer.email/u0a105 for content provider com.boxer.email/com.boxer.exchange.provider.ExchangeDirectoryProvider
12-08 18:48:13.542 17702 17912 D WifiService: New client listening to asynchronous messages
12-08 18:48:13.679 32603 32629 D ActivityThread: Loading provider com.boxer.email.provider;com.boxer.email.notifier: com.boxer.email.provider.EmailProvider
12-08 18:48:13.763 17702 18678 W ActivityManager: Unable to start service Intent { cmp=com.boxer.email/.service.AttachmentService } U=0: not found
12-08 18:48:13.786 17702 17981 W ActivityManager: Unable to start service Intent { cmp=com.boxer.email/.service.AttachmentService } U=0: not found
12-08 18:48:13.801 17702 17724 I ActivityManager: Start proc 32643:com.facebook.katana/u0a62 for service com.facebook.katana/com.facebook.mqttlite.MqttService
12-08 18:48:14.014 17702 18678 I ActivityManager: Start proc 32687:com.airwatch.boxer.plugin.cyanogen.onenote/u0a83 for service com.airwatch.boxer.plugin.cyanogen.onenote/.CyanogenOneNotePluginService
12-08 18:48:15.028 17702 17912 D WifiService: New client listening to asynchronous messages
12-08 18:48:19.335 17702 17724 W BroadcastQueue: Permission Denial: broadcasting Intent { act=android.net.conn.CONNECTIVITY_CHANGE flg=0x4000010 (has extras) } from null (pid=-1, uid=-1) requires com.facebook.permission.prod.FB_APP_COMMUNICATION due to registered receiver BroadcastFilter{13f9f2c u0 ReceiverList{7ad6df 32643 com.facebook.katana/10062/u0 remote:954217e}}
12-08 18:48:19.335 17702 17724 W BroadcastQueue: Permission Denial: broadcasting Intent { act=android.net.conn.INET_CONDITION_ACTION flg=0x4000010 (has extras) } from null (pid=-1, uid=-1) requires com.facebook.permission.prod.FB_APP_COMMUNICATION due to registered receiver BroadcastFilter{13f9f2c u0 ReceiverList{7ad6df 32643 com.facebook.katana/10062/u0 remote:954217e}}
12-08 18:48:19.668 17702 17724 W BroadcastQueue: Permission Denial: broadcasting Intent { act=android.net.conn.CONNECTIVITY_CHANGE flg=0x4000010 (has extras) } from null (pid=-1, uid=-1) requires com.facebook.permission.prod.FB_APP_COMMUNICATION due to registered receiver BroadcastFilter{a331619 u0 ReceiverList{df95160 32643 com.facebook.katana/10062/u0 remote:be7e163}}
12-08 18:48:28.013 17702 17913 D ConnectivityService: notifyType CAP_CHANGED for NetworkAgentInfo [WIFI () - 134]
12-08 18:48:28.939 17702 17724 I ActivityManager: Waited long enough for: ServiceRecord{c4c02b0 u0 com.boxer.email/.service.ApiService}
12-08 18:48:35.448 17702 17913 D ConnectivityService: releasing NetworkRequest NetworkRequest [ id=76, legacyType=-1, [ Capabilities: INTERNET&NOT_RESTRICTED&TRUSTED] ]
12-08 18:48:36.899 17702 18735 D ConnectivityService: listenForNetwork for Listen from uid/pid:10175/32005 for NetworkRequest [ id=77, legacyType=-1, [ Capabilities: INTERNET&NOT_RESTRICTED&TRUSTED] ]
12-08 18:48:43.011 17702 17913 D ConnectivityService: releasing NetworkRequest NetworkRequest [ id=77, legacyType=-1, [ Capabilities: INTERNET&NOT_RESTRICTED&TRUSTED] ]
12-08 18:48:49.082 17702 17913 D ConnectivityService: notifyType CAP_CHANGED for NetworkAgentInfo [WIFI () - 134]
12-08 18:48:52.099 17702 17913 D ConnectivityService: notifyType CAP_CHANGED for NetworkAgentInfo [WIFI () - 134]
12-08 18:48:54.161 17702 21579 D ConnectivityService: listenForNetwork for Listen from uid/pid:10175/32005 for NetworkRequest [ id=78, legacyType=-1, [ Capabilities: INTERNET&NOT_RESTRICTED&TRUSTED] ]
12-08 18:48:57.500 17702 17913 D ConnectivityService: releasing NetworkRequest NetworkRequest [ id=78, legacyType=-1, [ Capabilities: INTERNET&NOT_RESTRICTED&TRUSTED] ]
12-08 18:49:10.182 17702 17913 D ConnectivityService: notifyType CAP_CHANGED for NetworkAgentInfo [WIFI () - 134]
12-08 18:49:18.873 17702 17981 D WifiService: setWifiEnabled: false pid=17959, uid=10004
12-08 18:49:18.873 17702 17981 E WifiService: Invoking mWifiStateMachine.setWifiEnabled
12-08 18:49:18.944 17702 19028 D ConnectivityService: reportNetworkConnectivity(134, false) by 10013
12-08 18:49:18.953 17702 17913 D ConnectivityService: NetworkAgentInfo [WIFI () - 134] EVENT_NETWORK_INFO_CHANGED, going from CONNECTED to DISCONNECTED
12-08 18:49:18.953 17702 17913 D ConnectivityService: NetworkAgentInfo [WIFI () - 134] got DISCONNECTED, was satisfying 15
12-08 18:49:19.015 17702 17913 D ConnectivityService: notifyType LOST for NetworkAgentInfo [WIFI () - 134]
12-08 18:49:19.105 17702 17913 D CSLegacyTypeTracker: Sending DISCONNECTED broadcast for type 1 NetworkAgentInfo [WIFI () - 134] isDefaultNetwork=true
12-08 18:49:19.105 17702 17913 D ConnectivityService: sendStickyBroadcast: action=android.net.conn.CONNECTIVITY_CHANGE
12-08 18:49:19.213 17702 17912 D WifiService: Client connection lost with reason: 4
12-08 18:49:19.219 17702 17913 D ConnectivityService: setProvNotificationVisibleIntent null visible=false networkType=MOBILE extraInfo=null highPriority=false
12-08 18:49:19.258 17702 18384 I ActivityManager: Start proc 744:com.google.android.keep/u0a136 for broadcast com.google.android.keep/.notification.AlertReceiver
12-08 18:49:19.289 17702 17981 I ActivityManager: Process com.tinder (pid 30982) has died
12-08 18:49:19.309 17702 19028 I ActivityManager: Process com.google.android.googlequicksearchbox:search (pid 30463) has died
12-08 18:49:19.581 17702 19028 I ActivityManager: Start proc 761:com.snapchat.android/u0a2 for broadcast com.snapchat.android/com.snapchat.laguna.service.LagunaWakefulReceiver
12-08 18:49:19.856 17702 17912 D WifiService: New client listening to asynchronous messages
12-08 18:49:20.325 17702 18020 I ActivityManager: Start proc 823:com.cyngn.fota/u0a93 for broadcast com.cyngn.fota/.SystemUpdateReceiver
12-08 18:49:20.477 17702 18020 D ConnectivityService: ConnectivityService NetworkRequestInfo binderDied(NetworkRequest [ id=66, legacyType=-1, [ Capabilities: INTERNET&NOT_RESTRICTED&TRUSTED] ], android.os.BinderProxy@897289d)
12-08 18:49:20.477 17702 17913 D ConnectivityService: releasing NetworkRequest NetworkRequest [ id=66, legacyType=-1, [ Capabilities: INTERNET&NOT_RESTRICTED&TRUSTED] ]
12-08 18:49:20.477 17702 17913 E ConnectivityService: RemoteException caught trying to send a callback msg for NetworkRequest [ id=66, legacyType=-1, [ Capabilities: INTERNET&NOT_RESTRICTED&TRUSTED] ]
12-08 18:49:20.487 17702 18668 I ActivityManager: Start proc 843:com.cyanogen.ambient.updater/u0a77 for broadcast com.cyanogen.ambient.updater/.ConnectivityReceiver
12-08 18:49:20.499 17702 21657 I ActivityManager: Process com.whatsapp (pid 31464) has died
12-08 18:49:20.519 17702 18735 I ActivityManager: Process com.google.android.talk (pid 21299) has died
12-08 18:49:20.520 17702 18735 W ActivityManager: Scheduling restart of crashed service com.google.android.talk/com.google.android.apps.hangouts.concurrent.impl.ConcurrentService in 1000ms
12-08 18:49:20.563 17702 19393 W InputMethodManagerService: Window already focused, ignoring focus gain of: com.android.internal.view.IInputMethodClient$Stub$Proxy@602ae0 attribute=android.view.inputmethod.EditorInfo@f42b199, token = android.os.BinderProxy@11eb4b8
12-08 18:49:20.597 17702 21656 I ActivityManager: Start proc 867:com.google.android.apps.magazines/u0a61 for broadcast com.google.android.apps.magazines/com.google.apps.dots.android.newsstand.appwidget.NewsWidgetProvider
12-08 18:49:21.014 17702 18668 I ActivityManager: Start proc 913:com.google.android.apps.plus/u0a73 for broadcast com.google.android.apps.plus/com.google.android.libraries.social.autobackup.AutoBackupEnvironment$ConnectivityReceiver
12-08 18:49:21.781 17702 18668 I ActivityManager: Start proc 957:com.tinder/u0a5 for broadcast com.tinder/.receivers.BroadcastReceiverConnectionChange
12-08 18:49:22.275 17702 18735 I ActivityManager: Start proc 1044:com.nianticlabs.pokemongo/u0a152 for broadcast com.nianticlabs.pokemongo/com.upsight.android.analytics.internal.dispatcher.schema.NetworkChangeBroadcastReceiver
12-08 18:49:22.489 17702 18699 I ActivityManager: Start proc 1067:tv.twitch.android.app/u0a45 for broadcast tv.twitch.android.app/tv.twitch.android.network.NetworkStatusReceiver
12-08 18:49:22.491 17702 18699 I ActivityManager: Killing 32533:com.android.contacts/u0a8 (adj 15): empty #17
12-08 18:49:22.530 17702 17717 I ActivityManager: Process com.boxer.email (pid 32603) has died
12-08 18:49:22.807 17702 19393 I ActivityManager: Start proc 1115:com.calm.android/u0a87 for broadcast com.calm.android/.services.ConnectivityChangedReceiver
12-08 18:49:22.822 17702 21654 I ActivityManager: Start proc 1127:com.cyngn.gallerynext/u0a49 for service com.cyngn.gallerynext/com.cyngn.route.AirPlayRouteProviderService
12-08 18:49:22.830 17702 21649 W ActivityManager: Permission Denial: Accessing service ComponentInfo{com.google.android.music/com.google.android.music.dial.DialMediaRouteProviderService} from pid=1067, uid=10045 that is not exported from uid 10064
12-08 18:49:23.209 17702 19028 I ActivityManager: Killing 32588:com.google.process.gapps/u0a135 (adj 15): empty #17
12-08 18:49:23.311 17702 19393 I ActivityManager: Killing 32687:com.airwatch.boxer.plugin.cyanogen.onenote/u0a83 (adj 15): empty #17
12-08 18:49:28.905 17702 18020 D ConnectivityService: listenForNetwork for Listen from uid/pid:10175/32005 for NetworkRequest [ id=79, legacyType=-1, [ Capabilities: INTERNET&NOT_RESTRICTED&TRUSTED] ]
12-08 18:49:30.160 17702 17913 D ConnectivityService: releasing NetworkRequest NetworkRequest [ id=79, legacyType=-1, [ Capabilities: INTERNET&NOT_RESTRICTED&TRUSTED] ]
12-08 18:49:30.197 32005 32033 E AndroidRuntime: FATAL EXCEPTION: mqt_native_modules
12-08 18:49:30.197 32005 32033 E AndroidRuntime: Process: com.motivation, PID: 32005
12-08 18:49:30.197 32005 32033 E AndroidRuntime: Theme: themes:{default=overlay:com.cyngn.hexo, iconPack:com.cyngn.hexo, fontPkg:com.cyngn.hexo, com.android.systemui=overlay:com.cyngn.hexo, com.android.systemui.navbar=overlay:com.cyngn.hexo}
12-08 18:49:30.197 32005 32033 E AndroidRuntime: com.facebook.react.bridge.NativeArgumentsParseException: TypeError: expected dynamic type `double', but had type `string' (constructing arguments for RNAdMobInterstitial.showAd at argument index 0)
12-08 18:49:30.197 32005 32033 E AndroidRuntime: 	at com.facebook.react.bridge.BaseJavaModule$JavaMethod.invoke(BaseJavaModule.java:312)
12-08 18:49:30.197 32005 32033 E AndroidRuntime: 	at com.facebook.react.cxxbridge.JavaModuleWrapper.invoke(JavaModuleWrapper.java:158)
12-08 18:49:30.197 32005 32033 E AndroidRuntime: 	at com.facebook.react.bridge.queue.NativeRunnable.run(Native Method)
12-08 18:49:30.197 32005 32033 E AndroidRuntime: 	at android.os.Handler.handleCallback(Handler.java:739)
12-08 18:49:30.197 32005 32033 E AndroidRuntime: 	at android.os.Handler.dispatchMessage(Handler.java:95)
12-08 18:49:30.197 32005 32033 E AndroidRuntime: 	at com.facebook.react.bridge.queue.MessageQueueThreadHandler.dispatchMessage(MessageQueueThreadHandler.java:31)
12-08 18:49:30.197 32005 32033 E AndroidRuntime: 	at android.os.Looper.loop(Looper.java:148)
12-08 18:49:30.197 32005 32033 E AndroidRuntime: 	at com.facebook.react.bridge.queue.MessageQueueThreadImpl$3.run(MessageQueueThreadImpl.java:196)
12-08 18:49:30.197 32005 32033 E AndroidRuntime: 	at java.lang.Thread.run(Thread.java:818)
12-08 18:49:30.197 32005 32033 E AndroidRuntime: Caused by: com.facebook.react.bridge.UnexpectedNativeTypeException: TypeError: expected dynamic type `double', but had type `string'
12-08 18:49:30.197 32005 32033 E AndroidRuntime: 	at com.facebook.react.bridge.ReadableNativeArray.getDouble(Native Method)
12-08 18:49:30.197 32005 32033 E AndroidRuntime: 	at com.facebook.react.bridge.BaseJavaModule$8.extractArgument(BaseJavaModule.java:136)
12-08 18:49:30.197 32005 32033 E AndroidRuntime: 	at com.facebook.react.bridge.BaseJavaModule$8.extractArgument(BaseJavaModule.java:129)
12-08 18:49:30.197 32005 32033 E AndroidRuntime: 	at com.facebook.react.bridge.BaseJavaModule$JavaMethod.invoke(BaseJavaModule.java:304)
12-08 18:49:30.197 32005 32033 E AndroidRuntime: 	... 8 more
12-08 18:49:30.199 17702 21649 W ActivityManager:   Force finishing activity com.motivation/.MainActivity
12-08 18:49:30.577 17702 17724 I ActivityManager: Killing 823:com.cyngn.fota/u0a93 (adj 15): empty #17
12-08 18:49:31.526 17702 19393 D ConnectivityService: ConnectivityService NetworkRequestInfo binderDied(NetworkRequest [ id=75, legacyType=-1, [ Capabilities: INTERNET&NOT_RESTRICTED&TRUSTED] ], android.os.BinderProxy@b1446f1)
12-08 18:49:31.526 17702 17913 D ConnectivityService: releasing NetworkRequest NetworkRequest [ id=75, legacyType=-1, [ Capabilities: INTERNET&NOT_RESTRICTED&TRUSTED] ]
12-08 18:49:31.527 17702 17913 E ConnectivityService: RemoteException caught trying to send a callback msg for NetworkRequest [ id=75, legacyType=-1, [ Capabilities: INTERNET&NOT_RESTRICTED&TRUSTED] ]
12-08 18:49:31.549 17702 18668 I ActivityManager: Process com.motivation (pid 32005) has died
12-08 18:49:35.061 17702 17724 I ActivityManager: Start proc 1290:com.motivation/u0a175 for broadcast com.motivation/io.cmichel.appLauncher.AlarmReceiver
12-08 18:49:35.139 17702 21649 I ActivityManager: START u0 {act=android.intent.action.MAIN cat=[android.intent.category.LAUNCHER] flg=0x14000000 pkg=com.motivation cmp=com.motivation/.MainActivity (has extras)} from uid 10175 on display 0
12-08 18:49:35.604 17702 17724 I ActivityManager: Waited long enough for: ServiceRecord{23c75f8 u0 com.snapchat.android/com.snapchat.laguna.service.LagunaService}
12-08 18:49:36.727 17702 21649 D ConnectivityService: listenForNetwork for Listen from uid/pid:10175/1290 for NetworkRequest [ id=80, legacyType=-1, [ Capabilities: INTERNET&NOT_RESTRICTED&TRUSTED] ]
12-08 18:50:19.140 17702 17913 D ConnectivityService: Failed to find a new network - expiring NetTransition Wakelock
12-08 18:50:46.894 17702 21656 D ConnectivityService: listenForNetwork for Listen from uid/pid:10175/1290 for NetworkRequest [ id=81, legacyType=-1, [ Capabilities: INTERNET&NOT_RESTRICTED&TRUSTED] ]
12-08 18:50:49.333 17702 17913 D ConnectivityService: releasing NetworkRequest NetworkRequest [ id=81, legacyType=-1, [ Capabilities: INTERNET&NOT_RESTRICTED&TRUSTED] ]
12-08 18:50:58.183 17702 18668 D WifiService: setWifiEnabled: true pid=17959, uid=10004
12-08 18:50:58.183 17702 18668 E WifiService: Invoking mWifiStateMachine.setWifiEnabled
12-08 18:50:58.810 17702 17908 E NetdConnector: NDC Command {6076 softap fwreload wlan0 STA} took too long (620ms)
12-08 18:51:00.390 17702 17908 D ConnectivityService: registerNetworkAgent NetworkAgentInfo{ ni{[type: WIFI[], state: CONNECTING/CONNECTING, reason: (unspecified), extra: "Speedport W 501V", roaming: false, failover: false, isAvailable: true]}  network{135}  lp{{LinkAddresses: []  Routes: [] DnsAddresses: [] Domains: null MTU: 0 TcpBufferSizes: 524288,2097152,4194304,262144,524288,1048576}}  nc{[ Transports: WIFI Capabilities: INTERNET&NOT_RESTRICTED&TRUSTED&NOT_VPN LinkUpBandwidth>=1048576Kbps LinkDnBandwidth>=1048576Kbps]}  Score{20}  everValidated{false}  lastValidated{false}  created{false} lingering{false} explicitlySelected{false} acceptUnvalidated{false} everCaptivePortalDetected{false} lastCaptivePortalDetected{false} }
12-08 18:51:00.390 17702 17913 D ConnectivityService: NetworkAgentInfo [WIFI () - 135] EVENT_NETWORK_INFO_CHANGED, going from null to CONNECTING
12-08 18:51:00.420 17702 17913 D ConnectivityService: notifyType CAP_CHANGED for NetworkAgentInfo [WIFI () - 135]
12-08 18:51:00.420 17702 17913 D ConnectivityService: updateNetworkScore for NetworkAgentInfo [WIFI () - 135] to 60
12-08 18:51:02.153 17702 17913 D ConnectivityService: NetworkAgentInfo [WIFI () - 135] EVENT_NETWORK_INFO_CHANGED, going from CONNECTING to CONNECTED
12-08 18:51:02.156 17702 17913 D ConnectivityService: Adding iface wlan0 to network 135
12-08 18:51:02.217 17702 17913 E ConnectivityService: Unexpected mtu value: 0, wlan0
12-08 18:51:02.218 17702 17913 D ConnectivityService: Adding Route [fe80::/64 -> :: wlan0] to network 135
12-08 18:51:02.225 17702 17913 D ConnectivityService: Adding Route [192.168.2.0/24 -> 0.0.0.0 wlan0] to network 135
12-08 18:51:02.227 17702 17913 D ConnectivityService: Adding Route [0.0.0.0/0 -> 192.168.2.1 wlan0] to network 135
12-08 18:51:02.229 17702 17913 D ConnectivityService: Setting Dns servers for network 135 to [/192.168.2.1]
12-08 18:51:02.252 17702 17913 D ConnectivityService: notifyType IP_CHANGED for NetworkAgentInfo [WIFI () - 135]
12-08 18:51:02.268 17702 17913 D ConnectivityService: scheduleUnvalidatedPrompt 135
12-08 18:51:02.269 17702 17913 D ConnectivityService: updateSignalStrengthThresholds: CONNECT, sending [] to NetworkAgentInfo [WIFI () - 135]
12-08 18:51:02.269 17702 17913 D ConnectivityService: rematch for NetworkAgentInfo [WIFI () - 135]
12-08 18:51:02.269 17702 17913 D ConnectivityService:    accepting network in place of null
12-08 18:51:02.270 17702 17913 D ConnectivityService: Switching to new default network: NetworkAgentInfo{ ni{[type: WIFI[], state: CONNECTED/CONNECTED, reason: (unspecified), extra: "Speedport W 501V", roaming: false, failover: false, isAvailable: true]}  network{135}  lp{{InterfaceName: wlan0 LinkAddresses: [fe80::c2ee:fbff:fe34:83d6/64,192.168.2.48/24,]  Routes: [fe80::/64 -> :: wlan0,192.168.2.0/24 -> 0.0.0.0 wlan0,0.0.0.0/0 -> 192.168.2.1 wlan0,] DnsAddresses: [192.168.2.1,] Domains: null MTU: 0 TcpBufferSizes: 524288,2097152,4194304,262144,524288,1048576}}  nc{[ Transports: WIFI Capabilities: INTERNET&NOT_RESTRICTED&TRUSTED&NOT_VPN LinkUpBandwidth>=1048576Kbps LinkDnBandwidth>=1048576Kbps SignalStrength: -57]}  Score{20}  everValidated{false}  lastValidated{false}  created{true} lingering{false} explicitlySelected{false} acceptUnvalidated{false} everCaptivePortalDetected{false} lastCaptivePortalDetected{false} }
12-08 18:51:02.326 17702 17913 D CSLegacyTypeTracker: Sending CONNECTED broadcast for type 1 NetworkAgentInfo [WIFI () - 135] isDefaultNetwork=true
12-08 18:51:02.327 17702 17913 D ConnectivityService: sendStickyBroadcast: action=android.net.conn.CONNECTIVITY_CHANGE
12-08 18:51:02.338 17702 17913 D ConnectivityService: notifyType PRECHECK for NetworkAgentInfo [WIFI () - 135]
12-08 18:51:02.357 17702 17981 D ConnectivityService: Returning blocked NetworkInfo to uid=10087
12-08 18:51:02.357 17702 18735 D ConnectivityService: Returning blocked NetworkInfo to uid=10061
12-08 18:51:02.409 17702 17717 I ActivityManager: Start proc 1755:com.cyngn.fota/u0a93 for broadcast com.cyngn.fota/.SystemUpdateReceiver
12-08 18:51:02.448 17702 17913 D ConnectivityService: setProvNotificationVisibleIntent null visible=false networkType=MOBILE extraInfo=null highPriority=false
12-08 18:51:02.448 17702 17913 D ConnectivityService: NetworkAgentInfo [WIFI () - 135] validation  passed
12-08 18:51:02.448 17702 17913 D ConnectivityService: notifyType CAP_CHANGED for NetworkAgentInfo [WIFI () - 135]
12-08 18:51:02.453 17702 17913 D ConnectivityService: sendStickyBroadcast: action=android.net.conn.INET_CONDITION_ACTION
12-08 18:51:02.626 17702 19393 D ConnectivityService: Returning blocked NetworkInfo to uid=10077
12-08 18:51:02.633 17702 21657 D ConnectivityService: Returning blocked NetworkInfo to uid=10073
12-08 18:51:02.651 17702 18699 D ConnectivityService: Returning blocked NetworkInfo to uid=10045
12-08 18:51:02.662 17702 19028 D ConnectivityService: Returning blocked NetworkInfo to uid=10111
12-08 18:51:03.424 17702 17913 D ConnectivityService: notifyType CAP_CHANGED for NetworkAgentInfo [WIFI () - 135]
12-08 18:51:03.437 17702 17724 I ActivityManager: Start proc 1820:com.google.android.talk/u0a53 for broadcast com.google.android.talk/com.google.android.apps.hangouts.service.broadcastreceiver.GcmStateReceiver
12-08 18:51:04.281 17702 19028 I ActivityManager: Killing 32551:android.process.acore/u0a8 (adj 15): empty #17
12-08 18:51:10.270 17702 17913 D ConnectivityService: handlePromptUnvalidated 135
12-08 18:51:19.136 17702 18668 I Telecom : PhoneAccountRegistrar: SimCallManager queried, returning: null
12-08 18:51:19.152 17702 18384 I Telecom : PhoneAccountRegistrar: SimCallManager queried, returning: null
12-08 18:51:32.810 17702 21579 I ActivityManager: Start proc 1940:android.process.acore/u0a8 for content provider com.android.providers.contacts/.ContactsProvider2
12-08 18:51:33.196 17702 17981 I ActivityManager: Start proc 1967:com.google.process.gapps/u0a135 for content provider com.google.android.syncadapters.contacts/.GalProvider
12-08 18:51:33.271 17702 21649 I ActivityManager: Killing 744:com.google.android.keep/u0a136 (adj 15): empty #17
12-08 18:51:33.311 17702 18384 I ActivityManager: Start proc 1983:com.boxer.email/u0a105 for content provider com.boxer.email/com.boxer.exchange.provider.ExchangeDirectoryProvider
12-08 18:51:33.413  1983  2000 D ActivityThread: Loading provider com.boxer.email.provider;com.boxer.email.notifier: com.boxer.email.provider.EmailProvider
12-08 18:51:33.531 17702 18020 W ActivityManager: Unable to start service Intent { cmp=com.boxer.email/.service.AttachmentService } U=0: not found
12-08 18:51:33.549 17702 18678 W ActivityManager: Unable to start service Intent { cmp=com.boxer.email/.service.AttachmentService } U=0: not found
12-08 18:51:33.676 17702 18678 I ActivityManager: Start proc 2041:com.airwatch.boxer.plugin.cyanogen.onenote/u0a83 for service com.airwatch.boxer.plugin.cyanogen.onenote/.CyanogenOneNotePluginService
12-08 18:51:33.757 17702 19028 I ActivityManager: Killing 1755:com.cyngn.fota/u0a93 (adj 15): empty #17
12-08 18:51:48.639 17702 17724 I ActivityManager: Waited long enough for: ServiceRecord{acb1da0 u0 com.boxer.email/.service.ApiService}
12-08 18:51:55.108 17702 17981 I ActivityManager: Killing 30879:com.cyanogenmod.lockclock/u0a60 (adj 15): empty #17
12-08 18:52:59.286 17702 21579 I ActivityManager: Killing 761:com.snapchat.android/u0a2 (adj 15): empty #17
12-08 18:52:59.306 17702 17912 D WifiService: Client connection lost with reason: 4
12-08 18:59:59.223 17702 21654 I ActivityManager: Killing 843:com.cyanogen.ambient.updater/u0a77 (adj 15): empty #17
12-08 19:00:50.278 17702 17716 W InputMethodManagerService: Window already focused, ignoring focus gain of: com.android.internal.view.IInputMethodClient$Stub$Proxy@9d04d4d attribute=null, token = android.os.BinderProxy@90dd75e
12-08 19:00:52.922 17702 17716 D ConnectivityService: listenForNetwork for Listen from uid/pid:10175/1290 for NetworkRequest [ id=82, legacyType=-1, [ Capabilities: INTERNET&NOT_RESTRICTED&TRUSTED] ]
12-08 19:00:53.903 17702 17913 D ConnectivityService: notifyType CAP_CHANGED for NetworkAgentInfo [WIFI () - 135]
12-08 19:00:58.971 17702 19028 I ActivityManager: Start proc 2486:com.cyanogenmod.lockclock/u0a60 for broadcast com.cyanogenmod.lockclock/.ClockWidgetProvider
12-08 19:00:59.072 17702 17913 D ConnectivityService: releasing NetworkRequest NetworkRequest [ id=82, legacyType=-1, [ Capabilities: INTERNET&NOT_RESTRICTED&TRUSTED] ]
12-08 19:00:59.100 17702 17717 I ActivityManager: Killing 867:com.google.android.apps.magazines/u0a61 (adj 15): empty #17
12-08 19:00:59.388  1290  1320 E AndroidRuntime: FATAL EXCEPTION: mqt_native_modules
12-08 19:00:59.388  1290  1320 E AndroidRuntime: Process: com.motivation, PID: 1290
12-08 19:00:59.388  1290  1320 E AndroidRuntime: Theme: themes:{default=overlay:com.cyngn.hexo, iconPack:com.cyngn.hexo, fontPkg:com.cyngn.hexo, com.android.systemui=overlay:com.cyngn.hexo, com.android.systemui.navbar=overlay:com.cyngn.hexo}
12-08 19:00:59.388  1290  1320 E AndroidRuntime: com.facebook.react.bridge.NativeArgumentsParseException: TypeError: expected dynamic type `double', but had type `string' (constructing arguments for RNAdMobInterstitial.showAd at argument index 0)
12-08 19:00:59.388  1290  1320 E AndroidRuntime: 	at com.facebook.react.bridge.BaseJavaModule$JavaMethod.invoke(BaseJavaModule.java:312)
12-08 19:00:59.388  1290  1320 E AndroidRuntime: 	at com.facebook.react.cxxbridge.JavaModuleWrapper.invoke(JavaModuleWrapper.java:158)
12-08 19:00:59.388  1290  1320 E AndroidRuntime: 	at com.facebook.react.bridge.queue.NativeRunnable.run(Native Method)
12-08 19:00:59.388  1290  1320 E AndroidRuntime: 	at android.os.Handler.handleCallback(Handler.java:739)
12-08 19:00:59.388  1290  1320 E AndroidRuntime: 	at android.os.Handler.dispatchMessage(Handler.java:95)
12-08 19:00:59.388  1290  1320 E AndroidRuntime: 	at com.facebook.react.bridge.queue.MessageQueueThreadHandler.dispatchMessage(MessageQueueThreadHandler.java:31)
12-08 19:00:59.388  1290  1320 E AndroidRuntime: 	at android.os.Looper.loop(Looper.java:148)
12-08 19:00:59.388  1290  1320 E AndroidRuntime: 	at com.facebook.react.bridge.queue.MessageQueueThreadImpl$3.run(MessageQueueThreadImpl.java:196)
12-08 19:00:59.388  1290  1320 E AndroidRuntime: 	at java.lang.Thread.run(Thread.java:818)
12-08 19:00:59.388  1290  1320 E AndroidRuntime: Caused by: com.facebook.react.bridge.UnexpectedNativeTypeException: TypeError: expected dynamic type `double', but had type `string'
12-08 19:00:59.388  1290  1320 E AndroidRuntime: 	at com.facebook.react.bridge.ReadableNativeArray.getDouble(Native Method)
12-08 19:00:59.388  1290  1320 E AndroidRuntime: 	at com.facebook.react.bridge.BaseJavaModule$8.extractArgument(BaseJavaModule.java:136)
12-08 19:00:59.388  1290  1320 E AndroidRuntime: 	at com.facebook.react.bridge.BaseJavaModule$8.extractArgument(BaseJavaModule.java:129)
12-08 19:00:59.388  1290  1320 E AndroidRuntime: 	at com.facebook.react.bridge.BaseJavaModule$JavaMethod.invoke(BaseJavaModule.java:304)
12-08 19:00:59.388  1290  1320 E AndroidRuntime: 	... 8 more
12-08 19:00:59.389 17702 18384 W ActivityManager:   Force finishing activity com.motivation/.MainActivity
12-08 19:00:59.760 17702 17724 I ActivityManager: Killing 913:com.google.android.apps.plus/u0a73 (adj 15): empty #17
12-08 19:01:01.025 17702 18678 D ConnectivityService: ConnectivityService NetworkRequestInfo binderDied(NetworkRequest [ id=80, legacyType=-1, [ Capabilities: INTERNET&NOT_RESTRICTED&TRUSTED] ], android.os.BinderProxy@de1d127)
12-08 19:01:01.026 17702 17913 D ConnectivityService: releasing NetworkRequest NetworkRequest [ id=80, legacyType=-1, [ Capabilities: INTERNET&NOT_RESTRICTED&TRUSTED] ]
12-08 19:01:01.027 17702 17913 E ConnectivityService: RemoteException caught trying to send a callback msg for NetworkRequest [ id=80, legacyType=-1, [ Capabilities: INTERNET&NOT_RESTRICTED&TRUSTED] ]
12-08 19:01:01.059 17702 21579 I ActivityManager: Process com.motivation (pid 1290) has died
12-08 19:01:03.927 17702 17724 I ActivityManager: Start proc 2550:com.motivation/u0a175 for broadcast com.motivation/io.cmichel.appLauncher.AlarmReceiver
12-08 19:01:04.002 17702 17716 I ActivityManager: START u0 {act=android.intent.action.MAIN cat=[android.intent.category.LAUNCHER] flg=0x14000000 pkg=com.motivation cmp=com.motivation/.MainActivity (has extras)} from uid 10175 on display 0
12-08 19:01:05.454 17702 17717 D ConnectivityService: listenForNetwork for Listen from uid/pid:10175/2550 for NetworkRequest [ id=83, legacyType=-1, [ Capabilities: INTERNET&NOT_RESTRICTED&TRUSTED] ]
12-08 19:01:05.533 17702 17981 D ConnectivityService: listenForNetwork for Listen from uid/pid:10175/2550 for NetworkRequest [ id=84, legacyType=-1, [ Capabilities: INTERNET&NOT_RESTRICTED&TRUSTED] ]
12-08 19:01:05.944 17702 17913 D ConnectivityService: notifyType CAP_CHANGED for NetworkAgentInfo [WIFI () - 135]
12-08 19:01:11.958 17702 17913 D ConnectivityService: notifyType CAP_CHANGED for NetworkAgentInfo [WIFI () - 135]
12-08 19:01:14.962 17702 17913 D ConnectivityService: notifyType CAP_CHANGED for NetworkAgentInfo [WIFI () - 135]
12-08 19:01:19.725 17702 17913 D ConnectivityService: releasing NetworkRequest NetworkRequest [ id=83, legacyType=-1, [ Capabilities: INTERNET&NOT_RESTRICTED&TRUSTED] ]
12-08 19:01:21.111 17702 17900 I PowerManagerService: Going to sleep due to power button (uid 1000)...
12-08 19:01:21.639 17702 17735 I DisplayManagerService: Display device changed state: "Built-in Screen", OFF
12-08 19:01:21.875 17702 17822 I PowerManagerService: Sleeping (uid 1000)...
12-08 19:01:23.711 17702 17981 D WifiService: acquireWifiLockLocked: WifiLock{NlpWifiLock type=2 binder=android.os.BinderProxy@d428a89}
12-08 19:01:23.874 17702 17822 W PowerManagerService: Sandman unresponsive, releasing suspend blocker
12-08 19:01:53.790 17702 17981 D WifiService: releaseWifiLockLocked: WifiLock{NlpWifiLock type=2 binder=android.os.BinderProxy@d428a89}
12-08 19:05:59.267 17702 17724 I ProcessStatsService: Prepared write state in 6ms
12-08 19:05:59.277 17702 17724 I ProcessStatsService: Prepared write state in 10ms
12-08 19:06:37.471 17702 17723 I UsageStatsService: User[0] Flushing usage stats to disk
12-08 19:21:02.698 17702 17724 I ActivityManager: Killing 1067:tv.twitch.android.app/u0a45 (adj 13): empty for 1800s
12-08 19:21:02.720 17702 17724 I ActivityManager: Killing 1044:com.nianticlabs.pokemongo/u0a152 (adj 15): empty for 1800s
12-08 19:21:02.752 17702 17724 I ActivityManager: Killing 1127:com.cyngn.gallerynext/u0a49 (adj 13): empty for 1800s
12-08 19:21:02.770 17702 17724 I ActivityManager: Killing 957:com.tinder/u0a5 (adj 15): empty for 1800s
12-08 19:21:02.792 17702 17724 I ActivityManager: Killing 32572:com.skype.raider/u0a143 (adj 15): empty for 1800s
12-08 19:21:02.804 17702 17912 D WifiService: Client connection lost with reason: 4
12-08 19:21:02.818 17702 21579 W ActivityManager: Exception when unbinding service com.cyngn.gallerynext/com.cyngn.route.AirPlayRouteProviderService
12-08 19:21:02.818 17702 21579 W ActivityManager: android.os.DeadObjectException
12-08 19:21:02.818 17702 21579 W ActivityManager: 	at android.os.BinderProxy.transactNative(Native Method)
12-08 19:21:02.818 17702 21579 W ActivityManager: 	at android.os.BinderProxy.transact(Binder.java:503)
12-08 19:21:02.818 17702 21579 W ActivityManager: 	at android.app.ApplicationThreadProxy.scheduleUnbindService(ApplicationThreadNative.java:956)
12-08 19:21:02.818 17702 21579 W ActivityManager: 	at com.android.server.am.ActiveServices.removeConnectionLocked(ActiveServices.java:1939)
12-08 19:21:02.818 17702 21579 W ActivityManager: 	at com.android.server.am.ActiveServices.killServicesLocked(ActiveServices.java:2302)
12-08 19:21:02.818 17702 21579 W ActivityManager: 	at com.android.server.am.ActivityManagerService.cleanUpApplicationRecordLocked(ActivityManagerService.java:15901)
12-08 19:21:02.818 17702 21579 W ActivityManager: 	at com.android.server.am.ActivityManagerService.handleAppDiedLocked(ActivityManagerService.java:4787)
12-08 19:21:02.818 17702 21579 W ActivityManager: 	at com.android.server.am.ActivityManagerService.appDiedLocked(ActivityManagerService.java:4955)
12-08 19:21:02.818 17702 21579 W ActivityManager: 	at com.android.server.am.ActivityManagerService$AppDeathRecipient.binderDied(ActivityManagerService.java:1352)
12-08 19:21:02.818 17702 21579 W ActivityManager: 	at android.os.BinderProxy.sendDeathNotice(Binder.java:558)
12-08 19:21:02.821 17702 21579 W ActivityManager: Exception when unbinding service com.cyngn.gallerynext/com.cyngn.route.UpnpRouteProviderService
12-08 19:21:02.821 17702 21579 W ActivityManager: android.os.DeadObjectException
12-08 19:21:02.821 17702 21579 W ActivityManager: 	at android.os.BinderProxy.transactNative(Native Method)
12-08 19:21:02.821 17702 21579 W ActivityManager: 	at android.os.BinderProxy.transact(Binder.java:503)
12-08 19:21:02.821 17702 21579 W ActivityManager: 	at android.app.ApplicationThreadProxy.scheduleUnbindService(ApplicationThreadNative.java:956)
12-08 19:21:02.821 17702 21579 W ActivityManager: 	at com.android.server.am.ActiveServices.removeConnectionLocked(ActiveServices.java:1939)
12-08 19:21:02.821 17702 21579 W ActivityManager: 	at com.android.server.am.ActiveServices.killServicesLocked(ActiveServices.java:2302)
12-08 19:21:02.821 17702 21579 W ActivityManager: 	at com.android.server.am.ActivityManagerService.cleanUpApplicationRecordLocked(ActivityManagerService.java:15901)
12-08 19:21:02.821 17702 21579 W ActivityManager: 	at com.android.server.am.ActivityManagerService.handleAppDiedLocked(ActivityManagerService.java:4787)
12-08 19:21:02.821 17702 21579 W ActivityManager: 	at com.android.server.am.ActivityManagerService.appDiedLocked(ActivityManagerService.java:4955)
12-08 19:21:02.821 17702 21579 W ActivityManager: 	at com.android.server.am.ActivityManagerService$AppDeathRecipient.binderDied(ActivityManagerService.java:1352)
12-08 19:21:02.821 17702 21579 W ActivityManager: 	at android.os.BinderProxy.sendDeathNotice(Binder.java:558)
12-08 19:21:02.927 17702 18384 I ActivityManager: Start proc 3486:com.google.android.apps.photos:CameraShortcut/u0a111 for service com.google.android.apps.photos/.camerashortcut.CameraShortcutServiceImpl
12-08 19:21:05.177 17702 21579 I ActivityManager: Killing 1115:com.calm.android/u0a87 (adj 15): empty for 1802s
12-08 19:24:17.708 17702 21657 I ActivityManager: Killing 1820:com.google.android.talk/u0a53 (adj 15): empty for 1978s
12-08 19:29:03.886 17702 17717 D ConnectivityService: reportNetworkConnectivity(135, false) by 10013
12-08 19:29:04.147 17702 17913 D ConnectivityService: setProvNotificationVisibleIntent null visible=false networkType=MOBILE extraInfo=null highPriority=false
12-08 19:29:04.147 17702 17913 D ConnectivityService: NetworkAgentInfo [WIFI () - 135] validation  passed
12-08 19:29:04.531 17702 17724 I ActivityManager: Start proc 3713:com.google.android.talk/u0a53 for broadcast com.google.android.talk/com.google.android.apps.hangouts.service.broadcastreceiver.GcmStateReceiver
12-08 19:29:05.138 17702 18384 I ActivityManager: Killing 1967:com.google.process.gapps/u0a135 (adj 15): empty for 2251s
12-08 19:29:20.206 17702 17717 I Telecom : PhoneAccountRegistrar: SimCallManager queried, returning: null
12-08 19:29:20.216 17702 18735 I Telecom : PhoneAccountRegistrar: SimCallManager queried, returning: null
12-08 19:35:59.433 17702 17724 I ProcessStatsService: Prepared write state in 34ms
12-08 19:35:59.492 17702 17724 I ProcessStatsService: Prepared write state in 4ms
12-08 19:36:02.529 17702 17717 I ActivityManager: Start proc 4008:com.whatsapp/u0a107 for broadcast com.whatsapp/.AlarmBroadcastReceiver
12-08 19:36:03.302 17702 21649 I ActivityManager: Killing 1983:com.boxer.email/u0a105 (adj 15): empty for 2669s
12-08 19:48:04.675 17702 21654 D ConnectivityService: reportNetworkConnectivity(135, false) by 10013
12-08 19:48:05.096 17702 17913 D ConnectivityService: setProvNotificationVisibleIntent null visible=false networkType=MOBILE extraInfo=null highPriority=false
12-08 19:48:05.097 17702 17913 D ConnectivityService: NetworkAgentInfo [WIFI () - 135] validation  passed
12-08 19:51:04.406 17702 17724 I ActivityManager: Start proc 4578:com.google.android.googlequicksearchbox:search/u0a26 for broadcast com.google.android.googlequicksearchbox/com.google.android.apps.gsa.search.core.udc.UdcSettingBroadcastReceiver
12-08 19:51:05.112 17702 17912 D WifiService: New client listening to asynchronous messages
12-08 19:51:05.150 17702 18020 I ActivityManager: Start proc 4611:com.google.android.partnersetup/u0a16 for content provider com.google.android.partnersetup/.RlzAppProvider
12-08 19:51:05.443 17702 17716 D ConnectivityService: listenForNetwork for Listen from uid/pid:10026/4578 for NetworkRequest [ id=85, legacyType=-1, [ Capabilities: INTERNET&NOT_RESTRICTED&TRUSTED] ]
12-08 19:54:17.901 17702 17717 I ActivityManager: Killing 1940:android.process.acore/u0a8 (adj 15): empty for 3734s
12-08 19:54:17.941 17702 17717 I ActivityManager: Killing 2041:com.airwatch.boxer.plugin.cyanogen.onenote/u0a83 (adj 15): empty for 3764s
12-08 19:59:37.666 17702 17702 I EntropyMixer: Added HW RNG output to entropy pool
12-08 19:59:37.666 17702 17702 I EntropyMixer: Writing entropy...
12-08 20:00:52.217 17702 17897 I ActivityManager: Start proc 5005:com.cyngn.fota/u0a93 for service com.cyngn.fota/.SystemUpdateService
12-08 20:00:52.265 17702 17717 I ActivityManager: Start proc 5011:com.cyngn.bookmarkprovider/u0a110 for content provider com.cyngn.bookmarkprovider/com.android.bookmarkprovider.BookmarkProvider
12-08 20:00:52.495 17702 18699 I ActivityManager: Killing 2486:com.cyanogenmod.lockclock/u0a60 (adj 15): empty for 3587s
12-08 20:04:42.183 17702 17724 I ActivityManager: Killing 3486:com.google.android.apps.photos:CameraShortcut/u0a111 (adj 15): empty for 2619s
12-08 20:05:59.544 17702 17724 I ProcessStatsService: Prepared write state in 34ms
12-08 20:05:59.603 17702 17724 I ProcessStatsService: Prepared write state in 5ms
12-08 20:07:05.660 17702 18699 D ConnectivityService: reportNetworkConnectivity(135, false) by 10013
12-08 20:07:05.763 17702 17913 D ConnectivityService: setProvNotificationVisibleIntent null visible=false networkType=MOBILE extraInfo=null highPriority=false
12-08 20:07:05.763 17702 17913 D ConnectivityService: NetworkAgentInfo [WIFI () - 135] validation  passed
12-08 20:15:08.950 17702 17822 I PowerManagerService: Waking up from sleep (uid 1000)...
12-08 20:15:08.983 17702 17726 I BatteryStatsImpl: Resetting battery stats: level=100 status=5 dischargeLevel=100 lowAmount=0 highAmount=0
12-08 20:15:09.061 17702 17822 I DisplayPowerController: Blocking screen on until initial contents have been drawn.
12-08 20:15:09.101 17702 17735 I DisplayManagerService: Display device changed state: "Built-in Screen", ON
12-08 20:15:09.111 17702 21656 I ActivityManager: Start proc 5428:com.google.android.apps.plus/u0a73 for broadcast com.google.android.apps.plus/com.google.android.libraries.social.autobackup.AutoBackupEnvironment$BatteryReceiver
12-08 20:15:09.182 17702 17822 I DisplayPowerController: Unblocked screen on after 121 ms
12-08 20:15:09.722 17702 19028 I ActivityManager: Start proc 5486:android.process.acore/u0a8 for content provider com.android.providers.contacts/.ContactsProvider2
12-08 20:15:09.749 17702 18735 I ActivityManager: Killing 4008:com.whatsapp/u0a107 (adj 15): empty for 2220s
12-08 20:15:10.082 17702 21654 I ActivityManager: Start proc 5507:com.google.process.gapps/u0a135 for content provider com.google.android.syncadapters.contacts/.GalProvider
12-08 20:15:10.179 17702 21656 I ActivityManager: Start proc 5524:com.boxer.email/u0a105 for content provider com.boxer.email/com.boxer.exchange.provider.ExchangeDirectoryProvider
12-08 20:15:10.393 17702 21649 W ActivityManager: Unable to start service Intent { cmp=com.boxer.email/.service.AttachmentService } U=0: not found
12-08 20:15:10.555 17702 21656 D ConnectivityService: ConnectivityService NetworkRequestInfo binderDied(NetworkRequest [ id=85, legacyType=-1, [ Capabilities: INTERNET&NOT_RESTRICTED&TRUSTED] ], android.os.BinderProxy@1880b0f)
12-08 20:15:10.555 17702 17912 D WifiService: Client connection lost with reason: 4
12-08 20:15:10.555 17702 17913 D ConnectivityService: releasing NetworkRequest NetworkRequest [ id=85, legacyType=-1, [ Capabilities: INTERNET&NOT_RESTRICTED&TRUSTED] ]
12-08 20:15:10.556 17702 17913 E ConnectivityService: RemoteException caught trying to send a callback msg for NetworkRequest [ id=85, legacyType=-1, [ Capabilities: INTERNET&NOT_RESTRICTED&TRUSTED] ]
12-08 20:15:10.572 17702 18668 I ActivityManager: Start proc 5571:com.airwatch.boxer.plugin.cyanogen.onenote/u0a83 for service com.airwatch.boxer.plugin.cyanogen.onenote/.CyanogenOneNotePluginService
12-08 20:15:10.589 17702 21654 I ActivityManager: Process com.google.android.googlequicksearchbox:search (pid 4578) has died
12-08 20:15:11.142 17702 18699 D WifiService: acquireWifiLockLocked: WifiLock{NlpWifiLock type=2 binder=android.os.BinderProxy@2c3ffcc}
12-08 20:15:11.232 17702 18668 W BroadcastQueue: Failure sending broadcast Intent { act=android.intent.action.SCREEN_ON flg=0x50000010 }
12-08 20:15:11.232 17702 18668 W BroadcastQueue: android.os.RemoteException: app.thread must not be null
12-08 20:15:11.232 17702 18668 W BroadcastQueue: 	at com.android.server.am.BroadcastQueue.performReceiveLocked(BroadcastQueue.java:462)
12-08 20:15:11.232 17702 18668 W BroadcastQueue: 	at com.android.server.am.BroadcastQueue.deliverToRegisteredReceiverLocked(BroadcastQueue.java:599)
12-08 20:15:11.232 17702 18668 W BroadcastQueue: 	at com.android.server.am.BroadcastQueue.processNextBroadcast(BroadcastQueue.java:837)
12-08 20:15:11.232 17702 18668 W BroadcastQueue: 	at com.android.server.am.ActivityManagerService.finishReceiver(ActivityManagerService.java:17488)
12-08 20:15:11.232 17702 18668 W BroadcastQueue: 	at android.app.ActivityManagerNative.onTransact(ActivityManagerNative.java:496)
12-08 20:15:11.232 17702 18668 W BroadcastQueue: 	at com.android.server.am.ActivityManagerService.onTransact(ActivityManagerService.java:2674)
12-08 20:15:11.232 17702 18668 W BroadcastQueue: 	at android.os.Binder.execTransact(Binder.java:453)
12-08 20:15:11.811 17702 18020 D WifiService: releaseWifiLockLocked: WifiLock{NlpWifiLock type=2 binder=android.os.BinderProxy@2c3ffcc}
12-08 20:15:12.987 17702 17900 I PowerManagerService: Going to sleep due to power button (uid 1000)...
12-08 20:15:13.507 17702 17735 I DisplayManagerService: Display device changed state: "Built-in Screen", OFF
12-08 20:15:13.730 17702 17822 I PowerManagerService: Sleeping (uid 1000)...
12-08 20:15:15.730 17702 17822 W PowerManagerService: Sandman unresponsive, releasing suspend blocker
12-08 20:15:34.684 17702 17822 I PowerManagerService: Waking up from sleep (uid 1000)...
12-08 20:15:34.741 17702 17822 I DisplayPowerController: Blocking screen on until initial contents have been drawn.
12-08 20:15:34.769 17702 17735 I DisplayManagerService: Display device changed state: "Built-in Screen", ON
12-08 20:15:34.772 17702 17913 D ConnectivityService: notifyType CAP_CHANGED for NetworkAgentInfo [WIFI () - 135]
12-08 20:15:34.864 17702 17724 I ActivityManager: Start proc 5719:com.android.cellbroadcastreceiver/u0a38 for broadcast com.android.cellbroadcastreceiver/.CellBroadcastReceiver
12-08 20:15:34.875 17702 17822 I DisplayPowerController: Unblocked screen on after 134 ms
12-08 20:15:40.787 17702 17913 D ConnectivityService: notifyType CAP_CHANGED for NetworkAgentInfo [WIFI () - 135]
12-08 20:15:42.960 17702 17724 I ActivityManager: Waited long enough for: ServiceRecord{9e48470 u0 com.boxer.email/.service.ApiService}
12-08 20:15:43.479 17702 17900 I PowerManagerService: Going to sleep due to power button (uid 1000)...
12-08 20:15:44.004 17702 17735 I DisplayManagerService: Display device changed state: "Built-in Screen", OFF
12-08 20:15:44.232 17702 17822 I PowerManagerService: Sleeping (uid 1000)...
12-08 20:15:46.233 17702 17822 W PowerManagerService: Sandman unresponsive, releasing suspend blocker
12-08 20:16:03.563 17702 17822 I PowerManagerService: Waking up from sleep (uid 1000)...
12-08 20:16:03.628 17702 17822 I DisplayPowerController: Blocking screen on until initial contents have been drawn.
12-08 20:16:03.653 17702 17735 I DisplayManagerService: Display device changed state: "Built-in Screen", ON
12-08 20:16:03.691 17702 17913 D ConnectivityService: notifyType CAP_CHANGED for NetworkAgentInfo [WIFI () - 135]
12-08 20:16:03.728 17702 17822 I DisplayPowerController: Unblocked screen on after 100 ms
12-08 20:16:06.688 17702 17899 I ActivityManager: START u0 {act=android.intent.action.MAIN cat=[android.intent.category.HOME] flg=0x10200000 cmp=com.google.android.googlequicksearchbox/com.google.android.launcher.GEL (has extras)} from uid 1000 on display 0
12-08 20:16:06.702 17702 17913 D ConnectivityService: updateNetworkScore for NetworkAgentInfo [WIFI () - 135] to 56
12-08 20:16:12.720 17702 17913 D ConnectivityService: notifyType CAP_CHANGED for NetworkAgentInfo [WIFI () - 135]
12-08 20:16:12.728 17702 17913 D ConnectivityService: updateNetworkScore for NetworkAgentInfo [WIFI () - 135] to 60
