12-06 00:52:51.327 19239 19258 E AndroidRuntime: callTimer@55:626
12-06 00:52:51.327 19239 19258 E AndroidRuntime: callImmediatesPass@55:1749
12-06 00:52:51.327 19239 19258 E AndroidRuntime: callImmediates@55:1865
12-06 00:52:51.327 19239 19258 E AndroidRuntime: <unknown>@53:2476
12-06 00:52:51.327 19239 19258 E AndroidRuntime: d@53:127
12-06 00:52:51.327 19239 19258 E AndroidRuntime: value@53:2441
12-06 00:52:51.327 19239 19258 E AndroidRuntime: <unknown>@53:1426
12-06 00:52:51.327 19239 19258 E AndroidRuntime: d@53:127
12-06 00:52:51.327 19239 19258 E AndroidRuntime: value@53:1372
12-06 00:52:51.327 19239 19258 E AndroidRuntime: 
12-06 00:52:51.327 19239 19258 E AndroidRuntime: 	at com.facebook.react.modules.core.ExceptionsManagerModule.showOrThrowError(ExceptionsManagerModule.java:97)
12-06 00:52:51.327 19239 19258 E AndroidRuntime: 	at com.facebook.react.modules.core.ExceptionsManagerModule.reportFatalException(ExceptionsManagerModule.java:81)
12-06 00:52:51.327 19239 19258 E AndroidRuntime: 	at java.lang.reflect.Method.invoke(Native Method)
12-06 00:52:51.327 19239 19258 E AndroidRuntime: 	at com.facebook.react.bridge.BaseJavaModule$JavaMethod.invoke(BaseJavaModule.java:318)
12-06 00:52:51.327 19239 19258 E AndroidRuntime: 	at com.facebook.react.cxxbridge.JavaModuleWrapper.invoke(JavaModuleWrapper.java:158)
12-06 00:52:51.327 19239 19258 E AndroidRuntime: 	at com.facebook.react.bridge.queue.NativeRunnable.run(Native Method)
12-06 00:52:51.327 19239 19258 E AndroidRuntime: 	at android.os.Handler.handleCallback(Handler.java:739)
12-06 00:52:51.327 19239 19258 E AndroidRuntime: 	at android.os.Handler.dispatchMessage(Handler.java:95)
12-06 00:52:51.327 19239 19258 E AndroidRuntime: 	at com.facebook.react.bridge.queue.MessageQueueThreadHandler.dispatchMessage(MessageQueueThreadHandler.java:31)
12-06 00:52:51.327 19239 19258 E AndroidRuntime: 	at android.os.Looper.loop(Looper.java:148)
12-06 00:52:51.327 19239 19258 E AndroidRuntime: 	at com.facebook.react.bridge.queue.MessageQueueThreadImpl$3.run(MessageQueueThreadImpl.java:196)
12-06 00:52:51.327 19239 19258 E AndroidRuntime: 	at java.lang.Thread.run(Thread.java:818)
12-06 00:52:54.521 19310 19334 E AndroidRuntime: FATAL EXCEPTION: mqt_native_modules
12-06 00:52:54.521 19310 19334 E AndroidRuntime: Process: com.motivation, PID: 19310
12-06 00:52:54.521 19310 19334 E AndroidRuntime: Theme: themes:{default=overlay:com.cyngn.hexo, iconPack:com.cyngn.hexo, fontPkg:com.cyngn.hexo, com.android.systemui=overlay:com.cyngn.hexo, com.android.systemui.navbar=overlay:com.cyngn.hexo}
12-06 00:52:54.521 19310 19334 E AndroidRuntime: com.facebook.react.common.JavascriptException: undefined is not an object (evaluating 'e.schedulesById[a].enabled'), stack:
12-06 00:52:54.521 19310 19334 E AndroidRuntime: d@408:420
12-06 00:52:54.521 19310 19334 E AndroidRuntime: <unknown>@406:340
12-06 00:52:54.521 19310 19334 E AndroidRuntime: T@625:2145
12-06 00:52:54.521 19310 19334 E AndroidRuntime: computeStateProps@368:3949
12-06 00:52:54.521 19310 19334 E AndroidRuntime: updateStatePropsIfNeeded@368:4785
12-06 00:52:54.521 19310 19334 E AndroidRuntime: h@368:749
12-06 00:52:54.521 19310 19334 E AndroidRuntime: handleChange@368:6378
12-06 00:52:54.521 19310 19334 E AndroidRuntime: c@372:812
12-06 00:52:54.521 19310 19334 E AndroidRuntime: <unknown>@394:810
12-06 00:52:54.521 19310 19334 E AndroidRuntime: <unknown>@393:100
12-06 00:52:54.521 19310 19334 E AndroidRuntime: <unknown>@400:174
12-06 00:52:54.521 19310 19334 E AndroidRuntime: dispatch@389:295
12-06 00:52:54.521 19310 19334 E AndroidRuntime: <unknown>@414:388
12-06 00:52:54.521 19310 19334 E AndroidRuntime: u@182:133
12-06 00:52:54.521 19310 19334 E AndroidRuntime: <unknown>@182:887
12-06 00:52:54.521 19310 19334 E AndroidRuntime: <unknown>@60:967
12-06 00:52:54.521 19310 19334 E AndroidRuntime: callTimer@55:626
12-06 00:52:54.521 19310 19334 E AndroidRuntime: callImmediatesPass@55:1749
12-06 00:52:54.521 19310 19334 E AndroidRuntime: callImmediates@55:1865
12-06 00:52:54.521 19310 19334 E AndroidRuntime: <unknown>@53:2476
12-06 00:52:54.521 19310 19334 E AndroidRuntime: d@53:127
12-06 00:52:54.521 19310 19334 E AndroidRuntime: value@53:2441
12-06 00:52:54.521 19310 19334 E AndroidRuntime: <unknown>@53:1426
12-06 00:52:54.521 19310 19334 E AndroidRuntime: d@53:127
12-06 00:52:54.521 19310 19334 E AndroidRuntime: value@53:1372
12-06 00:52:54.521 19310 19334 E AndroidRuntime: 
12-06 00:52:54.521 19310 19334 E AndroidRuntime: 	at com.facebook.react.modules.core.ExceptionsManagerModule.showOrThrowError(ExceptionsManagerModule.java:97)
12-06 00:52:54.521 19310 19334 E AndroidRuntime: 	at com.facebook.react.modules.core.ExceptionsManagerModule.reportFatalException(ExceptionsManagerModule.java:81)
12-06 00:52:54.521 19310 19334 E AndroidRuntime: 	at java.lang.reflect.Method.invoke(Native Method)
12-06 00:52:54.521 19310 19334 E AndroidRuntime: 	at com.facebook.react.bridge.BaseJavaModule$JavaMethod.invoke(BaseJavaModule.java:318)
12-06 00:52:54.521 19310 19334 E AndroidRuntime: 	at com.facebook.react.cxxbridge.JavaModuleWrapper.invoke(JavaModuleWrapper.java:158)
12-06 00:52:54.521 19310 19334 E AndroidRuntime: 	at com.facebook.react.bridge.queue.NativeRunnable.run(Native Method)
12-06 00:52:54.521 19310 19334 E AndroidRuntime: 	at android.os.Handler.handleCallback(Handler.java:739)
12-06 00:52:54.521 19310 19334 E AndroidRuntime: 	at android.os.Handler.dispatchMessage(Handler.java:95)
12-06 00:52:54.521 19310 19334 E AndroidRuntime: 	at com.facebook.react.bridge.queue.MessageQueueThreadHandler.dispatchMessage(MessageQueueThreadHandler.java:31)
12-06 00:52:54.521 19310 19334 E AndroidRuntime: 	at android.os.Looper.loop(Looper.java:148)
12-06 00:52:54.521 19310 19334 E AndroidRuntime: 	at com.facebook.react.bridge.queue.MessageQueueThreadImpl$3.run(MessageQueueThreadImpl.java:196)
12-06 00:52:54.521 19310 19334 E AndroidRuntime: 	at java.lang.Thread.run(Thread.java:818)
--------- beginning of system
12-07 19:51:21.733   212   216 E Cryptfs : not running with encryption, aborting
12-07 19:51:21.733 17702 17903 I chatty  : uid=1000(system) CryptdConnector expire 1 line
12-07 19:51:21.740 17702 17822 I chatty  : uid=1000(system) PowerManagerSer expire 24 lines
12-07 19:51:21.774 19089 13978 E ActivityThread: Failed to find provider info for com.google.android.wearable.settings
12-07 19:51:22.288 17702 18678 I chatty  : uid=1000(system) Binder_7 expire 5 lines
12-07 19:51:22.800 17702 17717 I chatty  : uid=1000(system) Binder_2 expire 6 lines
12-07 19:51:22.897 17702 19393 I chatty  : uid=1000(system) Binder_B expire 9 lines
12-07 19:51:23.299 17702 21657 I chatty  : uid=1000(system) Binder_10 expire 12 lines
12-07 19:51:23.639 17702 17702 I chatty  : uid=1000 system_server expire 13 lines
12-07 19:51:23.640 17702 17716 I chatty  : uid=1000(system) Binder_1 expire 6 lines
12-07 19:51:23.688 17702 18668 I chatty  : uid=1000(system) Binder_6 expire 4 lines
12-07 19:51:24.473 17702 21649 I chatty  : uid=1000(system) Binder_D expire 3 lines
12-07 19:51:30.295 17702 17913 I chatty  : uid=1000(system) ConnectivitySer expire 27 lines
12-07 19:51:31.637 17702 17724 I chatty  : uid=1000(system) ActivityManager expire 14 lines
12-07 19:51:31.730 17702 18020 I chatty  : uid=1000(system) Binder_4 expire 6 lines
12-07 19:51:31.749 17702 21654 I chatty  : uid=1000(system) Binder_E expire 3 lines
12-07 19:51:31.811 17702 17981 I chatty  : uid=1000(system) Binder_3 expire 4 lines
12-07 19:51:31.904 14284 14284 I chatty  : uid=1000(system) expire 1 line
12-07 19:51:32.130 17702 17900 I chatty  : uid=1000(system) InputReader expire 4 lines
12-07 19:51:32.133 17702 21656 I chatty  : uid=1000(system) Binder_F expire 9 lines
12-07 19:51:32.184 17702 18699 I chatty  : uid=1000(system) Binder_8 expire 5 lines
12-07 19:51:32.746 17702 17735 I chatty  : uid=1000(system) android.display expire 9 lines
12-07 19:51:36.357 19089 13978 E ActivityThread: Failed to find provider info for com.google.android.wearable.settings
12-07 19:51:36.431 17702 19028 I chatty  : uid=1000(system) Binder_A expire 7 lines
12-07 19:51:36.531 17702 21579 I chatty  : uid=1000(system) Binder_C expire 9 lines
12-07 19:51:37.643 17702 18735 I chatty  : uid=1000(system) Binder_9 expire 10 lines
12-07 19:51:37.684 17702 17822 I chatty  : uid=1000(system) PowerManagerSer expire 16 lines
12-07 19:51:39.340 17702 17912 I chatty  : uid=1000(system) WifiService expire 4 lines
12-07 19:51:39.680 17702 17899 I chatty  : uid=1000(system) InputDispatcher expire 3 lines
12-07 19:51:40.808 17702 18384 I chatty  : uid=1000(system) Binder_5 expire 7 lines
12-07 19:51:47.852 14996 14996 I chatty  : uid=1000(system) expire 1 line
12-07 19:54:41.745 17702 17723 I chatty  : uid=1000(system) android.bg expire 4 lines
12-07 20:00:50.837 17702 17897 I chatty  : uid=1000(system) AlarmManager expire 2 lines
12-08 00:14:48.937 17702 17913 I chatty  : uid=1000(system) ConnectivitySer expire 11 lines
12-08 00:26:49.808 17702 19393 I chatty  : uid=1000(system) Binder_B expire 2 lines
12-08 00:36:01.045 17702 17717 I chatty  : uid=1000(system) Binder_2 expire 8 lines
12-08 00:42:47.054 17702 17723 I chatty  : uid=1000(system) android.bg expire 10 lines
12-08 00:45:13.143 17702 18678 I chatty  : uid=1000(system) Binder_7 expire 4 lines
12-08 00:54:14.094 17702 21654 I chatty  : uid=1000(system) Binder_E expire 7 lines
12-08 00:54:14.397 17702 17724 I chatty  : uid=1000(system) ActivityManager expire 18 lines
12-08 00:58:59.824 17702 17716 I chatty  : uid=1000(system) Binder_1 expire 6 lines
12-08 00:59:00.026 17702 21657 I chatty  : uid=1000(system) Binder_10 expire 9 lines
12-08 00:59:00.213 17702 21579 I chatty  : uid=1000(system) Binder_C expire 9 lines
12-08 00:59:00.321 17702 18668 I chatty  : uid=1000(system) Binder_6 expire 10 lines
12-08 00:59:00.510 17702 21649 I chatty  : uid=1000(system) Binder_D expire 6 lines
12-08 00:59:00.899 17702 17702 I chatty  : uid=1000 system_server expire 15 lines
12-08 00:59:01.197 31186 21179 D DownloadManager: Removed 0 stale downloads
12-08 00:59:01.216 31186 21179 D DownloadManager: Found 5 files in database
12-08 00:59:01.216 31186 21179 D DownloadManager: Found 0 files on disk
12-08 01:00:31.832 17702 17913 I chatty  : uid=1000(system) ConnectivitySer expire 47 lines
12-08 01:44:32.993 17702 19028 I chatty  : uid=1000(system) Binder_A expire 6 lines
12-08 01:48:58.152 17702 17822 I chatty  : uid=1000(system) PowerManagerSer expire 23 lines
12-08 01:48:58.170 17702 17735 I chatty  : uid=1000(system) android.display expire 17 lines
12-08 01:49:03.928 17702 17900 I chatty  : uid=1000(system) InputReader expire 7 lines
12-08 02:00:34.295 17702 18384 I chatty  : uid=1000(system) Binder_5 expire 6 lines
12-08 02:08:42.943 17702 18699 I chatty  : uid=1000(system) Binder_8 expire 6 lines
12-08 02:38:06.423 17702 18020 I chatty  : uid=1000(system) Binder_4 expire 4 lines
12-08 02:38:08.264 17702 21656 I chatty  : uid=1000(system) Binder_F expire 2 lines
12-08 02:38:09.049 17702 17899 I chatty  : uid=1000(system) InputDispatcher expire 1 line
12-08 02:38:15.618 17702 17981 I chatty  : uid=1000(system) Binder_3 expire 5 lines
12-08 04:37:06.490 17702 18735 I chatty  : uid=1000(system) Binder_9 expire 9 lines
12-08 07:43:22.991 17702 17822 I chatty  : uid=1000(system) PowerManagerSer expire 16 lines
12-08 07:43:23.031 17702 17716 I chatty  : uid=1000(system) Binder_1 expire 8 lines
12-08 07:43:26.907 17702 17723 I chatty  : uid=1000(system) android.bg expire 5 lines
12-08 07:43:27.159 17702 17702 I chatty  : uid=1000 system_server expire 17 lines
12-08 09:14:30.049 17702 18678 I chatty  : uid=1000(system) Binder_7 expire 7 lines
12-08 09:14:30.158 17702 18020 I chatty  : uid=1000(system) Binder_4 expire 7 lines
12-08 09:14:30.162 17702 21657 I chatty  : uid=1000(system) Binder_10 expire 4 lines
12-08 09:14:30.165   212   216 E Cryptfs : not running with encryption, aborting
12-08 09:14:30.165 17702 17903 I chatty  : uid=1000(system) CryptdConnector expire 1 line
12-08 09:14:30.290 17702 21649 I chatty  : uid=1000(system) Binder_D expire 6 lines
12-08 09:14:30.373 17702 17724 I chatty  : uid=1000(system) ActivityManager expire 11 lines
12-08 09:14:31.335 17702 17981 I chatty  : uid=1000(system) Binder_3 expire 8 lines
12-08 09:14:31.453 17702 21656 I chatty  : uid=1000(system) Binder_F expire 7 lines
12-08 09:14:32.001 17702 17717 I chatty  : uid=1000(system) Binder_2 expire 8 lines
12-08 09:14:32.739  9441  9759 E ActivityThread: Failed to find provider info for com.facebook.appmanager.attribution
12-08 09:15:01.032 17702 17735 I chatty  : uid=1000(system) android.display expire 7 lines
12-08 09:15:01.045 17702 17822 I chatty  : uid=1000(system) PowerManagerSer expire 14 lines
12-08 09:15:01.106 17702 17913 I chatty  : uid=1000(system) ConnectivitySer expire 40 lines
12-08 09:15:54.218 17702 17900 I chatty  : uid=1000(system) InputReader expire 3 lines
12-08 09:28:37.862 17702 17899 I chatty  : uid=1000(system) InputDispatcher expire 4 lines
12-08 09:28:52.377 17702 19393 I chatty  : uid=1000(system) Binder_B expire 7 lines
12-08 09:28:55.377 17702 18384 I chatty  : uid=1000(system) Binder_5 expire 10 lines
12-08 09:29:06.383 17702 21654 I chatty  : uid=1000(system) Binder_E expire 5 lines
12-08 09:29:15.459 17702 18668 I chatty  : uid=1000(system) Binder_6 expire 11 lines
12-08 09:29:35.242 17702 21579 I chatty  : uid=1000(system) Binder_C expire 8 lines
12-08 09:29:41.276 17702 18699 I chatty  : uid=1000(system) Binder_8 expire 9 lines
12-08 09:30:06.647 23086 23086 W ViewRootImpl: Dropping event due to no window focus: MotionEvent { action=ACTION_MOVE, actionButton=0, id[0]=0, x[0]=765.2914, y[0]=728.34454, toolType[0]=TOOL_TYPE_FINGER, buttonState=0, metaState=0, flags=0x0, edgeFlags=0x0, pointerCount=1, historySize=1, eventTime=248699545, downTime=248698600, deviceId=5, source=0x1002 }
12-08 09:30:06.709 23086 23086 W ViewRootImpl: Dropping event due to no window focus: MotionEvent { action=ACTION_MOVE, actionButton=0, id[0]=0, x[0]=765.2914, y[0]=728.34454, toolType[0]=TOOL_TYPE_FINGER, buttonState=0, metaState=0, flags=0x0, edgeFlags=0x0, pointerCount=1, historySize=3, eventTime=248699593, downTime=248698600, deviceId=5, source=0x1002 }
12-08 09:30:06.724 23086 23086 W ViewRootImpl: Dropping event due to no window focus: MotionEvent { action=ACTION_MOVE, actionButton=0, id[0]=0, x[0]=765.2914, y[0]=728.34454, toolType[0]=TOOL_TYPE_FINGER, buttonState=0, metaState=0, flags=0x0, edgeFlags=0x0, pointerCount=1, historySize=1, eventTime=248699610, downTime=248698600, deviceId=5, source=0x1002 }
12-08 09:30:06.732 23086 23086 W ViewRootImpl: Dropping event due to no window focus: MotionEvent { action=ACTION_MOVE, actionButton=0, id[0]=0, x[0]=765.2914, y[0]=727.3098, toolType[0]=TOOL_TYPE_FINGER, buttonState=0, metaState=0, flags=0x0, edgeFlags=0x0, pointerCount=1, historySize=2, eventTime=248699626, downTime=248698600, deviceId=5, source=0x1002 }
12-08 09:30:06.752 23086 23086 W ViewRootImpl: Dropping event due to no window focus: MotionEvent { action=ACTION_MOVE, actionButton=0, id[0]=0, x[0]=765.2914, y[0]=726.1629, toolType[0]=TOOL_TYPE_FINGER, buttonState=0, metaState=0, flags=0x0, edgeFlags=0x0, pointerCount=1, historySize=1, eventTime=248699642, downTime=248698600, deviceId=5, source=0x1002 }
12-08 09:30:06.763 23086 23086 W ViewRootImpl: Dropping event due to no window focus: MotionEvent { action=ACTION_MOVE, actionButton=0, id[0]=0, x[0]=765.2914, y[0]=725.0049, toolType[0]=TOOL_TYPE_FINGER, buttonState=0, metaState=0, flags=0x0, edgeFlags=0x0, pointerCount=1, historySize=1, eventTime=248699659, downTime=248698600, deviceId=5, source=0x1002 }
12-08 09:30:06.771 23086 23086 W ViewRootImpl: Cancelling event due to no window focus: MotionEvent { action=ACTION_CANCEL, actionButton=0, id[0]=0, x[0]=765.2914, y[0]=725.0049, toolType[0]=TOOL_TYPE_FINGER, buttonState=0, metaState=0, flags=0x0, edgeFlags=0x0, pointerCount=1, historySize=0, eventTime=248699667, downTime=248698600, deviceId=5, source=0x1002 }
12-08 09:30:06.771 23086 23086 W ViewRootImpl: Cancelling event due to no window focus: MotionEvent { action=ACTION_CANCEL, actionButton=0, id[0]=0, x[0]=765.2914, y[0]=725.0049, toolType[0]=TOOL_TYPE_FINGER, buttonState=0, metaState=0, flags=0x0, edgeFlags=0x0, pointerCount=1, historySize=0, eventTime=248699667, downTime=248698600, deviceId=5, source=0x1002 }
12-08 09:30:06.771 23086 23086 W ViewRootImpl: Cancelling event due to no window focus: MotionEvent { action=ACTION_CANCEL, actionButton=0, id[0]=0, x[0]=765.2914, y[0]=725.0049, toolType[0]=TOOL_TYPE_FINGER, buttonState=0, metaState=0, flags=0x0, edgeFlags=0x0, pointerCount=1, historySize=0, eventTime=248699667, downTime=248698600, deviceId=5, source=0x1002 }
12-08 09:44:42.697 17702 17897 I chatty  : uid=1000(system) AlarmManager expire 2 lines
12-08 09:44:43.447 17702 19028 I chatty  : uid=1000(system) Binder_A expire 6 lines
12-08 09:44:44.602  1475  1510 D ActivityThread: Loading provider com.google.android.gmail.provider;com.android.mail.notifier;com.google.android.gm.email.provider;com.google.android.gm.email.notifier: com.android.email.provider.EmailProvider
12-08 09:49:57.104 17702 17912 I chatty  : uid=1000(system) WifiService expire 3 lines
12-08 10:39:58.477 17702 17908 I chatty  : uid=1000(system) WifiStateMachin expire 1 line
12-08 10:40:01.732 17702 17937 I chatty  : uid=1000(system) backup expire 7 lines
12-08 10:40:06.831  4013  4038 D ActivityThread: Loading provider com.google.android.gmail.provider;com.android.mail.notifier;com.google.android.gm.email.provider;com.google.android.gm.email.notifier: com.android.email.provider.EmailProvider
12-08 10:40:09.237 17702 17724 I chatty  : uid=1000(system) ActivityManager expire 9 lines
12-08 10:40:10.823 17702 17716 I chatty  : uid=1000(system) Binder_1 expire 3 lines
12-08 10:40:11.793 17702 17913 I chatty  : uid=1000(system) ConnectivitySer expire 25 lines
12-08 10:40:11.813 17702 18384 I chatty  : uid=1000(system) Binder_5 expire 11 lines
12-08 10:40:12.755 17702 21657 I chatty  : uid=1000(system) Binder_10 expire 4 lines
12-08 10:40:15.481  4344  4632 E ActivityThread: Failed to find provider info for com.facebook.appmanager.attribution
12-08 10:40:26.785 17702 17981 I chatty  : uid=1000(system) Binder_3 expire 1 line
12-08 10:40:26.802 17702 18699 I chatty  : uid=1000(system) Binder_8 expire 3 lines
12-08 10:40:26.830 17702 18678 I chatty  : uid=1000(system) Binder_7 expire 6 lines
12-08 10:40:26.848 17702 17912 I chatty  : uid=1000(system) WifiService expire 2 lines
12-08 10:40:34.219 17702 19028 I chatty  : uid=1000(system) Binder_A expire 3 lines
12-08 10:40:34.312 17702 18668 I chatty  : uid=1000(system) Binder_6 expire 1 line
12-08 10:40:34.859 17702 21656 I chatty  : uid=1000(system) Binder_F expire 3 lines
12-08 10:41:12.789 17702 21579 I chatty  : uid=1000(system) Binder_C expire 5 lines
12-08 10:51:07.085 17702 17822 I chatty  : uid=1000(system) PowerManagerSer expire 84 lines
12-08 10:51:07.133 17702 17735 I chatty  : uid=1000(system) android.display expire 49 lines
12-08 10:51:08.570 17702 17899 I chatty  : uid=1000(system) InputDispatcher expire 8 lines
12-08 10:51:19.815 17702 18735 I chatty  : uid=1000(system) Binder_9 expire 5 lines
12-08 10:51:37.283 17702 17900 I chatty  : uid=1000(system) InputReader expire 17 lines
12-08 10:54:57.742 17702 17702 I chatty  : uid=1000 system_server expire 7 lines
12-08 10:54:59.228 17702 19393 I chatty  : uid=1000(system) Binder_B expire 1 line
12-08 11:00:04.079 17702 17723 I chatty  : uid=1000(system) android.bg expire 2 lines
12-08 11:05:50.917 17702 17717 I chatty  : uid=1000(system) Binder_2 expire 1 line
12-08 11:08:18.947 17702 21649 I chatty  : uid=1000(system) Binder_D expire 6 lines
12-08 11:24:47.026 17702 17735 I chatty  : uid=1000(system) android.display expire 50 lines
12-08 11:24:47.035 17702 17913 I chatty  : uid=1000(system) ConnectivitySer expire 34 lines
12-08 11:24:47.108 17702 17822 I chatty  : uid=1000(system) PowerManagerSer expire 81 lines
12-08 11:24:48.435 17702 17981 I chatty  : uid=1000(system) Binder_3 expire 6 lines
12-08 11:24:49.631 17702 17899 I chatty  : uid=1000(system) InputDispatcher expire 2 lines
12-08 11:24:51.706 17702 17900 I chatty  : uid=1000(system) InputReader expire 17 lines
12-08 11:25:37.102 17702 17702 I chatty  : uid=1000 system_server expire 4 lines
12-08 11:25:38.357 17702 18020 I chatty  : uid=1000(system) Binder_4 expire 2 lines
12-08 11:25:39.780 17702 21657 I chatty  : uid=1000(system) Binder_10 expire 6 lines
12-08 11:25:41.646 17702 19393 I chatty  : uid=1000(system) Binder_B expire 3 lines
12-08 11:25:41.811 17702 18735 I chatty  : uid=1000(system) Binder_9 expire 3 lines
12-08 11:25:43.317 17702 17716 I chatty  : uid=1000(system) Binder_1 expire 4 lines
12-08 11:25:45.651 17702 17717 I chatty  : uid=1000(system) Binder_2 expire 4 lines
12-08 11:25:45.801 17702 17912 I chatty  : uid=1000(system) WifiService expire 1 line
12-08 11:25:45.881 17702 18668 I chatty  : uid=1000(system) Binder_6 expire 1 line
12-08 11:25:45.907 17702 18678 I chatty  : uid=1000(system) Binder_7 expire 3 lines
12-08 11:25:46.916 17702 17724 I chatty  : uid=1000(system) ActivityManager expire 14 lines
12-08 11:28:18.740 17702 21654 I chatty  : uid=1000(system) Binder_E expire 3 lines
12-08 11:28:18.800 17702 18699 I chatty  : uid=1000(system) Binder_8 expire 3 lines
12-08 11:31:01.025 17702 19028 I chatty  : uid=1000(system) Binder_A expire 3 lines
12-08 11:31:05.789 17702 21656 I chatty  : uid=1000(system) Binder_F expire 1 line
12-08 11:32:37.017 17702 21579 I chatty  : uid=1000(system) Binder_C expire 1 line
12-08 11:40:48.750 17702 17723 I chatty  : uid=1000(system) android.bg expire 1 line
12-08 11:49:43.568 17702 18384 I chatty  : uid=1000(system) Binder_5 expire 7 lines
12-08 11:53:41.220 17702 17822 I chatty  : uid=1000(system) PowerManagerSer expire 39 lines
12-08 11:53:41.306 17702 17735 I chatty  : uid=1000(system) android.display expire 24 lines
12-08 11:53:41.375 17702 17913 I chatty  : uid=1000(system) ConnectivitySer expire 23 lines
12-08 11:53:43.715 17702 21649 I chatty  : uid=1000(system) Binder_D expire 5 lines
12-08 11:53:49.066 17702 17900 I chatty  : uid=1000(system) InputReader expire 8 lines
12-08 11:53:50.986 17702 17716 I chatty  : uid=1000(system) Binder_1 expire 3 lines
12-08 11:55:07.714 17702 17724 I chatty  : uid=1000(system) ActivityManager expire 15 lines
12-08 11:55:38.302 17702 21579 I chatty  : uid=1000(system) Binder_C expire 5 lines
12-08 11:58:32.890 17702 17702 I chatty  : uid=1000 system_server expire 3 lines
12-08 11:59:45.862 17702 18668 I chatty  : uid=1000(system) Binder_6 expire 4 lines
12-08 11:59:46.002 17702 18678 I chatty  : uid=1000(system) Binder_7 expire 11 lines
12-08 12:00:48.774 17702 21654 I chatty  : uid=1000(system) Binder_E expire 8 lines
12-08 12:01:16.909 17702 17723 I chatty  : uid=1000(system) android.bg expire 1 line
12-08 12:01:40.846 17702 18699 I chatty  : uid=1000(system) Binder_8 expire 8 lines
12-08 12:01:41.109 17702 19393 I chatty  : uid=1000(system) Binder_B expire 7 lines
12-08 12:01:44.664 17702 21657 I chatty  : uid=1000(system) Binder_10 expire 6 lines
12-08 12:02:11.053 17702 18735 I chatty  : uid=1000(system) Binder_9 expire 4 lines
12-08 12:07:47.420 17702 17717 I chatty  : uid=1000(system) Binder_2 expire 4 lines
12-08 12:13:10.205 17702 17981 I chatty  : uid=1000(system) Binder_3 expire 10 lines
12-08 12:14:47.354 17702 21656 I chatty  : uid=1000(system) Binder_F expire 10 lines
12-08 12:14:50.108 17702 18020 I chatty  : uid=1000(system) Binder_4 expire 4 lines
12-08 12:14:50.226 17394 17419 D ActivityThread: Loading provider com.boxer.email.provider;com.boxer.email.notifier: com.boxer.email.provider.EmailProvider
12-08 12:14:50.227 17394 17418 D ActivityThread: Loading provider com.boxer.email.provider;com.boxer.email.notifier: com.boxer.email.provider.EmailProvider
12-08 12:14:50.682 17702 17908 I chatty  : uid=1000(system) WifiStateMachin expire 1 line
12-08 12:14:50.682 17702 17913 I chatty  : uid=1000(system) ConnectivitySer expire 25 lines
12-08 12:14:50.742 17702 17912 I chatty  : uid=1000(system) WifiService expire 4 lines
12-08 12:14:50.751 17702 19028 I chatty  : uid=1000(system) Binder_A expire 5 lines
12-08 12:14:57.996 17702 17724 I chatty  : uid=1000(system) ActivityManager expire 14 lines
12-08 12:15:22.752 17702 17913 I chatty  : uid=1000(system) ConnectivitySer expire 72 lines
12-08 12:15:22.942 17702 21579 I chatty  : uid=1000(system) Binder_C expire 3 lines
12-08 12:15:23.001 17702 21649 I chatty  : uid=1000(system) Binder_D expire 7 lines
12-08 12:15:23.015 17702 18020 I chatty  : uid=1000(system) Binder_4 expire 4 lines
12-08 12:15:23.199 17702 17716 I chatty  : uid=1000(system) Binder_1 expire 7 lines
12-08 12:15:23.287 17702 21656 I chatty  : uid=1000(system) Binder_F expire 6 lines
12-08 12:15:23.365 17702 17981 I chatty  : uid=1000(system) Binder_3 expire 8 lines
12-08 12:15:23.805 17702 17717 I chatty  : uid=1000(system) Binder_2 expire 4 lines
12-08 12:15:23.991 17702 18678 I chatty  : uid=1000(system) Binder_7 expire 6 lines
12-08 12:15:24.182 17702 19393 I chatty  : uid=1000(system) Binder_B expire 5 lines
12-08 12:15:24.472 17702 18735 I chatty  : uid=1000(system) Binder_9 expire 5 lines
12-08 12:15:25.362 17702 17912 I chatty  : uid=1000(system) WifiService expire 3 lines
12-08 12:15:26.700 17702 18699 I chatty  : uid=1000(system) Binder_8 expire 5 lines
12-08 12:15:27.008 17702 18668 I chatty  : uid=1000(system) Binder_6 expire 2 lines
12-08 12:18:15.081 17702 21654 I chatty  : uid=1000(system) Binder_E expire 3 lines
12-08 12:20:45.141 17702 18384 I chatty  : uid=1000(system) Binder_5 expire 2 lines
12-08 12:20:48.701 17702 17822 I chatty  : uid=1000(system) PowerManagerSer expire 43 lines
12-08 12:20:48.771 17702 17735 I chatty  : uid=1000(system) android.display expire 21 lines
12-08 12:20:50.846 17702 17899 I chatty  : uid=1000(system) InputDispatcher expire 12 lines
12-08 12:21:02.677 17702 17900 I chatty  : uid=1000(system) InputReader expire 8 lines
12-08 12:21:44.601 17702 17723 I chatty  : uid=1000(system) android.bg expire 3 lines
12-08 12:44:05.782 17702 17908 I chatty  : uid=1000(system) WifiStateMachin expire 2 lines
12-08 12:44:29.460 17702 21657 I chatty  : uid=1000(system) Binder_10 expire 3 lines
12-08 13:07:59.731 17702 17702 I chatty  : uid=1000 system_server expire 2 lines
12-08 13:20:28.545 17702 19028 I chatty  : uid=1000(system) Binder_A expire 13 lines
12-08 13:20:45.843 17702 21654 I chatty  : uid=1000(system) Binder_E expire 11 lines
12-08 13:20:53.404 17702 17900 I chatty  : uid=1000(system) InputReader expire 3 lines
12-08 13:20:53.931 17702 17735 I chatty  : uid=1000(system) android.display expire 6 lines
12-08 13:20:54.147 17702 17822 I chatty  : uid=1000(system) PowerManagerSer expire 12 lines
12-08 13:21:36.003 17702 18384 I chatty  : uid=1000(system) Binder_5 expire 11 lines
12-08 13:21:42.437 17702 17702 I chatty  : uid=1000 system_server expire 8 lines
12-08 13:21:44.766 17702 18735 I chatty  : uid=1000(system) Binder_9 expire 12 lines
12-08 13:21:45.498 17702 17913 I chatty  : uid=1000(system) ConnectivitySer expire 13 lines
12-08 13:21:51.268 17702 17724 I chatty  : uid=1000(system) ActivityManager expire 27 lines
12-08 13:22:22.145 17702 19393 I chatty  : uid=1000(system) Binder_B expire 5 lines
12-08 13:22:23.550 17702 21657 I chatty  : uid=1000(system) Binder_10 expire 12 lines
12-08 13:22:23.646 17702 17981 I chatty  : uid=1000(system) Binder_3 expire 10 lines
12-08 13:22:23.666 17702 18699 I chatty  : uid=1000(system) Binder_8 expire 7 lines
12-08 13:22:24.959 17702 17716 I chatty  : uid=1000(system) Binder_1 expire 9 lines
12-08 13:22:25.396 17702 18678 I chatty  : uid=1000(system) Binder_7 expire 4 lines
12-08 13:22:25.415 17702 21649 I chatty  : uid=1000(system) Binder_D expire 6 lines
12-08 13:22:25.456 17702 18668 I chatty  : uid=1000(system) Binder_6 expire 6 lines
12-08 13:22:25.841 17702 17717 I chatty  : uid=1000(system) Binder_2 expire 8 lines
12-08 13:22:25.841 17702 17912 I chatty  : uid=1000(system) WifiService expire 4 lines
12-08 13:22:27.115 17702 17723 I chatty  : uid=1000(system) android.bg expire 4 lines
12-08 13:22:27.297 17702 18020 I chatty  : uid=1000(system) Binder_4 expire 6 lines
12-08 13:22:29.832 18698 18698 D MccTable: updateMccMncConfiguration mccmnc='26207' fromServiceState=true
12-08 13:22:29.833 18698 18698 D MccTable: updateMccMncConfiguration defaultMccMnc=26203
12-08 13:22:29.833 18698 18698 D MccTable: updateMccMncConfiguration: mcc=262, mnc=7
12-08 13:22:29.833 18698 18698 D MccTable: WIFI_COUNTRY_CODE set to de
12-08 13:22:40.683 18698 18698 D MccTable: updateMccMncConfiguration mccmnc='26203' fromServiceState=true
12-08 13:22:40.684 18698 18698 D MccTable: updateMccMncConfiguration defaultMccMnc=26203
12-08 13:22:40.684 18698 18698 D MccTable: updateMccMncConfiguration: mcc=262, mnc=3
12-08 13:22:40.684 18698 18698 D MccTable: WIFI_COUNTRY_CODE set to de
12-08 13:30:22.405 17702 17913 I chatty  : uid=1000(system) ConnectivitySer expire 5 lines
12-08 13:30:22.807 17702 21656 I chatty  : uid=1000(system) Binder_F expire 4 lines
12-08 13:30:25.265 17702 21579 I chatty  : uid=1000(system) Binder_C expire 8 lines
12-08 13:31:28.497 17702 17825 I chatty  : uid=1000(system) PackageManager expire 29 lines
12-08 13:32:07.067 26966 26966 I chatty  : uid=1000(system) expire 3 lines
12-08 13:32:07.240 26986 26986 I chatty  : uid=1000(system) expire 1 line
12-08 13:32:10.242 27128 27128 I chatty  : uid=1000(system) expire 2 lines
12-08 13:33:06.546 17702 17825 W PackageManager: Unknown permission com.htc.launcher.permission.READ_SETTINGS in package com.snapchat.android
12-08 13:33:06.546 17702 17825 W PackageManager: Unknown permission com.htc.launcher.permission.UPDATE_SHORTCUT in package com.snapchat.android
12-08 13:33:06.546 17702 17825 W PackageManager: Unknown permission com.sonyericsson.home.permission.BROADCAST_BADGE in package com.snapchat.android
12-08 13:33:06.546 17702 17825 W PackageManager: Unknown permission com.anddoes.launcher.permission.UPDATE_COUNT in package com.snapchat.android
12-08 13:33:06.546 17702 17825 W PackageManager: Unknown permission com.majeur.launcher.permission.UPDATE_BADGE in package com.snapchat.android
12-08 13:33:06.614 17702 17825 W PackageSettings: Skipping PackageSetting{9af1e72 com.cyngn.lockscreens.instagram/10139} due to missing metadata
12-08 13:33:06.768 17702 17825 W PackageManager: Couldn't remove dex file for package:  at location /data/app/com.snapchat.android-1/base.apk, retcode=-1
12-08 13:33:06.771 17702 17825 I ActivityManager: Force stopping com.snapchat.android appid=10002 user=0: pkg removed
12-08 13:33:06.843 17702 17717 W ActivityManager: Permission Denial: Accessing service ComponentInfo{com.google.android.music/com.google.android.music.dial.DialMediaRouteProviderService} from pid=30460, uid=10033 that is not exported from uid 10064
12-08 13:33:06.846 17702 19028 W ActivityManager: Permission Denial: Accessing service ComponentInfo{com.google.android.music/com.google.android.music.dial.DialMediaRouteProviderService} from pid=30460, uid=10033 that is not exported from uid 10064
12-08 13:33:06.848 17702 18020 W ActivityManager: Permission Denial: Accessing service ComponentInfo{com.google.android.music/com.google.android.music.dial.DialMediaRouteProviderService} from pid=30460, uid=10033 that is not exported from uid 10064
12-08 13:33:06.952 17702 17702 D JobSchedulerService: Receieved: android.intent.action.PACKAGE_REMOVED
12-08 13:33:07.048 26966 26966 W ContextImpl: Calling a method in the system process without a qualified user: android.app.ContextImpl.startService:1231 android.content.ContextWrapper.startService:587 android.content.ContextWrapper.startService:587 org.cyanogenmod.providers.datausage.DataUsageAppInstallReceiver.onReceive:47 android.app.ActivityThread.handleReceiver:2759 
12-08 13:33:07.094 17702 18020 I ActivityManager: Start proc 27658:com.android.keychain/1000 for broadcast com.android.keychain/.KeyChainBroadcastReceiver
12-08 13:33:07.316 17702 17723 W InputMethodInfo: Duplicated subtype definition found: , voice
12-08 13:33:07.324 27658 27658 W ContextImpl: Calling a method in the system process without a qualified user: android.app.ContextImpl.startService:1231 android.content.ContextWrapper.startService:587 android.content.ContextWrapper.startService:587 com.android.keychain.KeyChainBroadcastReceiver.onReceive:12 android.app.ActivityThread.handleReceiver:2759 
12-08 13:33:07.404 17702 21657 I ActivityManager: Killing 27061:com.cyanogen.ambient.updater/u0a77 (adj 15): empty #17
12-08 13:33:07.597 17702 21657 I ActivityManager: Start proc 27686:com.google.android.apps.docs/u0a44 for broadcast com.google.android.apps.docs/.receivers.AppPackageAddRemoveReceiver
12-08 13:33:08.670 17702 21654 I ActivityManager: Start proc 27732:com.cyanogen.ambient.updater/u0a77 for broadcast com.cyanogen.ambient.updater/.PackageUpdateReceiver
12-08 13:33:08.672 17702 21654 I ActivityManager: Killing 27161:org.cyanogenmod.themes.provider/u0a24 (adj 15): empty #17
12-08 13:33:08.856 17702 21656 I ActivityManager: Killing 27207:com.google.android.apps.magazines/u0a61 (adj 15): empty #17
12-08 13:33:09.075 17702 21656 I ActivityManager: Start proc 27756:org.cyanogenmod.bugreport/2000 for broadcast org.cyanogenmod.bugreport/.PackageChangeReceiver
12-08 13:33:09.155 17702 18735 I ActivityManager: Start proc 27770:org.cyanogenmod.resolver/1000 for broadcast org.cyanogenmod.resolver/.ResolverReceiver
12-08 13:33:09.156 17702 18735 I ActivityManager: Killing 27145:com.google.android.partnersetup/u0a16 (adj 15): empty #17
12-08 13:33:09.225 27770 27770 W ContextImpl: Calling a method in the system process without a qualified user: android.app.ContextImpl.bindService:1295 android.content.ContextWrapper.bindService:610 com.cyanogen.ambient.common.api.internal.AmbientApiClientImpl.connect:335 org.cyanogenmod.resolver.Application.onCreate:17 android.app.Instrumentation.callApplicationOnCreate:1014 
12-08 13:33:09.234 17702 19028 I ActivityManager: Killing 27229:com.google.android.apps.photos/u0a111 (adj 15): empty #17
12-08 13:33:09.277 27770 27770 W ContextImpl: Calling a method in the system process without a qualified user: android.app.ContextImpl.bindService:1295 android.content.ContextWrapper.bindService:610 com.cyanogen.ambient.common.api.internal.ServiceApi.connect:73 com.cyanogen.ambient.common.api.AmbientApiClient$ApiWithOptions.connect:407 com.cyanogen.ambient.common.api.internal.AmbientApiClientImpl$CreateTokenServiceConnection.onServiceConnected:385 
12-08 13:33:09.288 26966 26966 W ContextImpl: Calling a method in the system process without a qualified user: android.app.ContextImpl.startService:1231 android.content.ContextWrapper.startService:587 android.content.ContextWrapper.startService:587 org.cyanogenmod.providers.datausage.DataUsageAppInstallReceiver.onReceive:47 android.app.ActivityThread.handleReceiver:2759 
12-08 13:33:09.307 17702 18384 I ActivityManager: Start proc 27789:com.google.android.partnersetup/u0a16 for broadcast com.google.android.partnersetup/.RlzPingBroadcastReceiver
12-08 13:33:09.413 17702 17717 I ActivityManager: Start proc 27807:org.cyanogenmod.themes.provider/u0a24 for broadcast org.cyanogenmod.themes.provider/.AppReceiver
12-08 13:33:09.418 17702 19028 I ActivityManager: Killing 27350:com.tinder/u0a5 (adj 15): empty #17
12-08 13:33:09.532 17702 17716 I ActivityManager: Killing 26888:com.google.android.keep/u0a136 (adj 15): empty #17
12-08 13:33:09.957 26966 26966 W ContextImpl: Calling a method in the system process without a qualified user: android.app.ContextImpl.startService:1231 android.content.ContextWrapper.startService:587 android.content.ContextWrapper.startService:587 org.cyanogenmod.providers.datausage.DataUsageAppInstallReceiver.onReceive:47 android.app.ActivityThread.handleReceiver:2759 
12-08 13:33:11.455 17702 21656 W ActivityManager: Unable to start service Intent { act=com.cyanogen.ambient.intent.action.REGISTER cat=[com.cyanogen.ambient.intent.category.CAMERA_PLUGIN] pkg=com.snapchat.android } U=0: not found
12-08 13:33:11.472 17702 18020 I ActivityManager: Start proc 27854:com.google.android.apps.magazines/u0a61 for broadcast com.google.android.apps.magazines/com.google.apps.dots.android.app.receiver.FirstInstallNotificationReceiver
12-08 13:33:12.020 17702 18699 I ActivityManager: Start proc 27898:com.google.android.apps.photos/u0a111 for broadcast com.google.android.apps.photos/.backgroundsignin.BackgroundSignInBroadcastReceiver
12-08 13:33:18.858 17702 17724 I ActivityManager: Force stopping ak.alizandro.smartaudiobookplayer appid=10133 user=-1: uninstall pkg
12-08 13:33:18.932 17702 17825 W PackageSettings: Skipping PackageSetting{9af1e72 com.cyngn.lockscreens.instagram/10139} due to missing metadata
12-08 13:33:18.970 17702 17825 I PackageManager: Package ak.alizandro.smartaudiobookplayer codePath changed from /data/app/ak.alizandro.smartaudiobookplayer-2 to /data/app/ak.alizandro.smartaudiobookplayer-1; Retaining data and using new
12-08 13:33:18.971 17702 17724 I ActivityManager: Force stopping ak.alizandro.smartaudiobookplayer appid=10133 user=-1: replace pkg
12-08 13:33:18.972 17702 17825 W PackageManager: Code path for ak.alizandro.smartaudiobookplayer changing from /data/app/ak.alizandro.smartaudiobookplayer-2 to /data/app/ak.alizandro.smartaudiobookplayer-1
12-08 13:33:18.972 17702 17825 W PackageManager: Resource path for ak.alizandro.smartaudiobookplayer changing from /data/app/ak.alizandro.smartaudiobookplayer-2 to /data/app/ak.alizandro.smartaudiobookplayer-1
12-08 13:33:19.050 17702 17825 W PackageSettings: Skipping PackageSetting{9af1e72 com.cyngn.lockscreens.instagram/10139} due to missing metadata
12-08 13:33:19.156 17702 17825 W PackageSettings: Skipping PackageSetting{9af1e72 com.cyngn.lockscreens.instagram/10139} due to missing metadata
12-08 13:33:19.326 17702 17825 W PackageManager: Couldn't remove dex file for package:  at location /data/app/ak.alizandro.smartaudiobookplayer-2/base.apk, retcode=-1
12-08 13:33:19.328 17702 17825 I ActivityManager: Force stopping ak.alizandro.smartaudiobookplayer appid=10133 user=0: pkg removed
12-08 13:33:19.364 17702 17702 D JobSchedulerService: Receieved: android.intent.action.PACKAGE_REMOVED
12-08 13:33:19.409 17702 21654 W ActivityManager: Permission Denial: Accessing service ComponentInfo{com.google.android.music/com.google.android.music.dial.DialMediaRouteProviderService} from pid=30460, uid=10033 that is not exported from uid 10064
12-08 13:33:19.482 17702 19393 W ActivityManager: Permission Denial: Accessing service ComponentInfo{com.google.android.music/com.google.android.music.dial.DialMediaRouteProviderService} from pid=30460, uid=10033 that is not exported from uid 10064
12-08 13:33:19.490 26966 26966 W ContextImpl: Calling a method in the system process without a qualified user: android.app.ContextImpl.startService:1231 android.content.ContextWrapper.startService:587 android.content.ContextWrapper.startService:587 org.cyanogenmod.providers.datausage.DataUsageAppInstallReceiver.onReceive:47 android.app.ActivityThread.handleReceiver:2759 
12-08 13:33:19.504 17702 18020 W ActivityManager: Permission Denial: Accessing service ComponentInfo{com.google.android.music/com.google.android.music.dial.DialMediaRouteProviderService} from pid=30460, uid=10033 that is not exported from uid 10064
12-08 13:33:19.553 27658 27658 W ContextImpl: Calling a method in the system process without a qualified user: android.app.ContextImpl.startService:1231 android.content.ContextWrapper.startService:587 android.content.ContextWrapper.startService:587 com.android.keychain.KeyChainBroadcastReceiver.onReceive:12 android.app.ActivityThread.handleReceiver:2759 
12-08 13:33:19.698 17702 17723 W InputMethodInfo: Duplicated subtype definition found: , voice
12-08 13:33:19.708 26966 26966 W ContextImpl: Calling a method in the system process without a qualified user: android.app.ContextImpl.startService:1231 android.content.ContextWrapper.startService:587 android.content.ContextWrapper.startService:587 org.cyanogenmod.providers.datausage.DataUsageAppInstallReceiver.onReceive:47 android.app.ActivityThread.handleReceiver:2759 
12-08 13:33:19.987 26966 26966 W ContextImpl: Calling a method in the system process without a qualified user: android.app.ContextImpl.startService:1231 android.content.ContextWrapper.startService:587 android.content.ContextWrapper.startService:587 org.cyanogenmod.providers.datausage.DataUsageAppInstallReceiver.onReceive:47 android.app.ActivityThread.handleReceiver:2759 
12-08 13:33:20.582 17702 18384 W ActivityManager: Unable to start service Intent { act=com.cyanogen.ambient.intent.action.REGISTER cat=[com.cyanogen.ambient.intent.category.CAMERA_PLUGIN] pkg=ak.alizandro.smartaudiobookplayer } U=0: not found
12-08 13:33:20.656 17702 17981 I ActivityManager: Start proc 28028:com.tinder/u0a5 for service com.tinder/.globalping.service.GlobalPingTaskService
12-08 13:33:33.505 17702 21649 I ActivityManager: Killing 25212:com.google.process.gapps/u0a13 (adj 15): empty #17
12-08 13:33:35.679 17702 17724 I ActivityManager: Waited long enough for: ServiceRecord{cc9e550 u0 com.android.providers.downloads/.DownloadService}
12-08 13:34:04.132 17702 21657 I ActivityManager: Killing 27658:com.android.keychain/1000 (adj 15): empty #17
12-08 13:34:04.146 17702 21657 I ActivityManager: Killing 27589:com.android.defcontainer/u0a9 (adj 15): empty #18
12-08 13:34:06.127 17702 17825 I ActivityManager: Start proc 28178:com.android.defcontainer/u0a9 for service com.android.defcontainer/.DefaultContainerService
12-08 13:34:06.292 17702 17825 W PackageParser: Ignoring duplicate uses-permissions/uses-permissions-sdk-m: android.permission.WAKE_LOCK in package: com.google.android.apps.maps at: Binary XML file line #123
12-08 13:34:39.759 17702 17724 I ActivityManager: Force stopping com.google.android.apps.maps appid=10063 user=-1: replace sys pkg
12-08 13:34:39.771 17702 17825 W PackageManager: Trying to update system app code path from /data/app/com.google.android.apps.maps-2 to /data/app/com.google.android.apps.maps-1
12-08 13:34:39.774 17702 17825 W PackageManager: Code path for com.google.android.apps.maps changing from /data/app/com.google.android.apps.maps-2 to /data/app/com.google.android.apps.maps-1
12-08 13:34:39.775 17702 17724 I ActivityManager: Force stopping com.google.android.apps.maps appid=10063 user=-1: replace pkg
12-08 13:34:39.775 17702 17825 W PackageManager: Resource path for com.google.android.apps.maps changing from /data/app/com.google.android.apps.maps-2 to /data/app/com.google.android.apps.maps-1
12-08 13:34:39.896 17702 17825 W PackageSettings: Skipping PackageSetting{9af1e72 com.cyngn.lockscreens.instagram/10139} due to missing metadata
12-08 13:34:40.024 17702 17825 W PackageSettings: Skipping PackageSetting{9af1e72 com.cyngn.lockscreens.instagram/10139} due to missing metadata
12-08 13:34:40.093 17702 17717 I ActivityManager: Killing 27756:org.cyanogenmod.bugreport/2000 (adj 15): empty #17
12-08 13:34:40.205 17702 17825 W PackageManager: Couldn't remove dex file for package:  at location /data/app/com.google.android.apps.maps-2/base.apk, retcode=-1
12-08 13:34:40.208 17702 17825 I ActivityManager: Force stopping com.google.android.apps.maps appid=10063 user=0: pkg removed
12-08 13:34:40.251 17702 17702 D JobSchedulerService: Receieved: android.intent.action.PACKAGE_REMOVED
12-08 13:34:40.290 17702 17717 W ActivityManager: Permission Denial: Accessing service ComponentInfo{com.google.android.music/com.google.android.music.dial.DialMediaRouteProviderService} from pid=30460, uid=10033 that is not exported from uid 10064
12-08 13:34:40.337 17702 17716 W ActivityManager: Permission Denial: Accessing service ComponentInfo{com.google.android.music/com.google.android.music.dial.DialMediaRouteProviderService} from pid=30460, uid=10033 that is not exported from uid 10064
12-08 13:34:40.341 17702 21649 W ActivityManager: Permission Denial: Accessing service ComponentInfo{com.google.android.music/com.google.android.music.dial.DialMediaRouteProviderService} from pid=30460, uid=10033 that is not exported from uid 10064
12-08 13:34:40.468 26966 26966 W ContextImpl: Calling a method in the system process without a qualified user: android.app.ContextImpl.startService:1231 android.content.ContextWrapper.startService:587 android.content.ContextWrapper.startService:587 org.cyanogenmod.providers.datausage.DataUsageAppInstallReceiver.onReceive:47 android.app.ActivityThread.handleReceiver:2759 
12-08 13:34:40.514 17702 18384 I ActivityManager: Start proc 28243:com.android.keychain/1000 for broadcast com.android.keychain/.KeyChainBroadcastReceiver
12-08 13:34:40.693 17702 17723 W InputMethodInfo: Duplicated subtype definition found: , voice
12-08 13:34:40.731 28243 28243 W ContextImpl: Calling a method in the system process without a qualified user: android.app.ContextImpl.startService:1231 android.content.ContextWrapper.startService:587 android.content.ContextWrapper.startService:587 com.android.keychain.KeyChainBroadcastReceiver.onReceive:12 android.app.ActivityThread.handleReceiver:2759 
12-08 13:34:40.906 17702 19393 I ActivityManager: Killing 27770:org.cyanogenmod.resolver/1000 (adj 15): empty #17
12-08 13:34:41.097 17702 19393 I ActivityManager: Start proc 28277:org.cyanogenmod.bugreport/2000 for broadcast org.cyanogenmod.bugreport/.PackageChangeReceiver
12-08 13:34:41.206 17702 18735 I ActivityManager: Start proc 28289:org.cyanogenmod.resolver/1000 for broadcast org.cyanogenmod.resolver/.ResolverReceiver
12-08 13:34:41.207 17702 18735 I ActivityManager: Killing 27789:com.google.android.partnersetup/u0a16 (adj 15): empty #17
12-08 13:34:41.323 28289 28289 W ContextImpl: Calling a method in the system process without a qualified user: android.app.ContextImpl.bindService:1295 android.content.ContextWrapper.bindService:610 com.cyanogen.ambient.common.api.internal.AmbientApiClientImpl.connect:335 org.cyanogenmod.resolver.Application.onCreate:17 android.app.Instrumentation.callApplicationOnCreate:1014 
12-08 13:34:41.341 17702 18668 I ActivityManager: Killing 27807:org.cyanogenmod.themes.provider/u0a24 (adj 15): empty #17
12-08 13:34:41.446 26966 26966 W ContextImpl: Calling a method in the system process without a qualified user: android.app.ContextImpl.startService:1231 android.content.ContextWrapper.startService:587 android.content.ContextWrapper.startService:587 org.cyanogenmod.providers.datausage.DataUsageAppInstallReceiver.onReceive:47 android.app.ActivityThread.handleReceiver:2759 
12-08 13:34:41.471 17702 18384 I ActivityManager: Start proc 28306:com.google.android.partnersetup/u0a16 for broadcast com.google.android.partnersetup/.RlzPingBroadcastReceiver
12-08 13:34:41.472 28289 28289 W ContextImpl: Calling a method in the system process without a qualified user: android.app.ContextImpl.bindService:1295 android.content.ContextWrapper.bindService:610 com.cyanogen.ambient.common.api.internal.ServiceApi.connect:73 com.cyanogen.ambient.common.api.AmbientApiClient$ApiWithOptions.connect:407 com.cyanogen.ambient.common.api.internal.AmbientApiClientImpl$CreateTokenServiceConnection.onServiceConnected:385 
12-08 13:34:41.603 17702 18678 I ActivityManager: Start proc 28323:org.cyanogenmod.themes.provider/u0a24 for broadcast org.cyanogenmod.themes.provider/.AppReceiver
12-08 13:34:41.613 17702 18678 I ActivityManager: Killing 27854:com.google.android.apps.magazines/u0a61 (adj 15): empty #17
12-08 13:34:41.740 17702 21649 I ActivityManager: Killing 27898:com.google.android.apps.photos/u0a111 (adj 15): empty #17
12-08 13:34:42.111 26966 26966 W ContextImpl: Calling a method in the system process without a qualified user: android.app.ContextImpl.startService:1231 android.content.ContextWrapper.startService:587 android.content.ContextWrapper.startService:587 org.cyanogenmod.providers.datausage.DataUsageAppInstallReceiver.onReceive:47 android.app.ActivityThread.handleReceiver:2759 
12-08 13:34:42.889 17702 17717 I ActivityManager: Start proc 28366:com.google.android.apps.maps/u0a63 for service com.google.android.apps.maps/com.google.android.apps.gmm.directions.transitsystem.notification.service.TransitStatusService
12-08 13:34:42.894 17702 18699 W ActivityManager: Unable to start service Intent { act=com.cyanogen.ambient.intent.action.REGISTER cat=[com.cyanogen.ambient.intent.category.CAMERA_PLUGIN] pkg=com.google.android.apps.maps } U=0: not found
12-08 13:34:42.911 17702 21579 I ActivityManager: Start proc 28377:com.google.android.apps.magazines/u0a61 for broadcast com.google.android.apps.magazines/com.google.apps.dots.android.app.receiver.FirstInstallNotificationReceiver
12-08 13:34:43.456 17702 17912 D WifiService: New client listening to asynchronous messages
12-08 13:34:43.464 17702 21657 I ActivityManager: Start proc 28414:com.google.process.gapps/u0a13 for content provider com.google.android.gsf/.gservices.GservicesProvider
12-08 13:34:43.552 17702 21579 I ActivityManager: Start proc 28431:com.google.android.gms.feedback/u0a13 for service com.google.android.gms/.feedback.FeedbackService
12-08 13:34:43.894 17702 18678 I ActivityManager: Start proc 28474:com.google.android.apps.photos/u0a111 for broadcast com.google.android.apps.photos/.backgroundsignin.BackgroundSignInBroadcastReceiver
