12-08 20:16:14.678 17702 18678 I ActivityManager: START u0 {act=android.intent.action.MAIN cat=[android.intent.category.LAUNCHER] flg=0x10200000 cmp=com.google.android.gm/.ConversationListActivityGmail bnds=[504,713][738,976] (has extras)} from uid 10026 on display 0
12-08 20:16:14.707 17702 17724 I ActivityManager: Start proc 5949:com.google.android.googlequicksearchbox:search/u0a26 for broadcast com.google.android.googlequicksearchbox/com.google.android.apps.gsa.search.core.icingsync.ApplicationLaunchReceiver
12-08 20:16:14.864 17702 19393 I ActivityManager: Start proc 5965:com.google.android.gms.feedback/u0a13 for service com.google.android.gms/.feedback.FeedbackService
12-08 20:16:15.142 17702 17912 D WifiService: New client listening to asynchronous messages
12-08 20:16:18.759 17702 17913 D ConnectivityService: notifyType CAP_CHANGED for NetworkAgentInfo [WIFI () - 135]
12-08 20:16:30.817 17702 17913 D ConnectivityService: updateNetworkScore for NetworkAgentInfo [WIFI () - 135] to 56
12-08 20:16:33.836 17702 17913 D ConnectivityService: updateNetworkScore for NetworkAgentInfo [WIFI () - 135] to 60
12-08 20:16:36.855 17702 17913 D ConnectivityService: notifyType CAP_CHANGED for NetworkAgentInfo [WIFI () - 135]
12-08 20:16:39.881 17702 17913 D ConnectivityService: notifyType CAP_CHANGED for NetworkAgentInfo [WIFI () - 135]
12-08 20:16:45.907 17702 17913 D ConnectivityService: notifyType CAP_CHANGED for NetworkAgentInfo [WIFI () - 135]
12-08 20:17:00.986 17702 17913 D ConnectivityService: notifyType CAP_CHANGED for NetworkAgentInfo [WIFI () - 135]
12-08 20:17:03.646 17702 21579 I ActivityManager: START u0 {act=android.intent.action.MAIN cat=[android.intent.category.LAUNCHER] flg=0x10200000 cmp=com.spotify.music/.MainActivity bnds=[804,276][1068,609] (has extras)} from uid 10026 on display 0
12-08 20:17:03.760 17702 17717 I ActivityManager: Start proc 6145:com.spotify.music/u0a33 for activity com.spotify.music/.MainActivity
12-08 20:17:05.071 17702 18699 I ActivityManager: Start proc 6248:com.smartdevicelink.router/u0a33 for service com.spotify.music/com.spotify.mobile.android.spotlets.smartdevicelink.service.SdlRouterService
12-08 20:17:05.950 17702 17716 I ActivityManager: Start proc 6374:com.cyngn.gallerynext/u0a49 for service com.cyngn.gallerynext/com.cyngn.route.AirPlayRouteProviderService
12-08 20:17:05.954 17702 18384 W ActivityManager: Permission Denial: Accessing service ComponentInfo{com.google.android.music/com.google.android.music.dial.DialMediaRouteProviderService} from pid=6145, uid=10033 that is not exported from uid 10064
12-08 20:17:07.005 17702 17913 D ConnectivityService: notifyType CAP_CHANGED for NetworkAgentInfo [WIFI () - 135]
12-08 20:17:23.430 17702 18735 I ActivityManager: START u0 {act=android.intent.action.VIEW dat=spotify:user:playlists.germany:playlist:3MpNPyX4mJ81tgNwL5XUcM flg=0x4000000 cmp=com.spotify.music/.MainActivity (has extras)} from uid 10033 on display 0
12-08 20:17:28.085 17702 17913 D ConnectivityService: notifyType CAP_CHANGED for NetworkAgentInfo [WIFI () - 135]
12-08 20:17:31.102 17702 17913 D ConnectivityService: notifyType CAP_CHANGED for NetworkAgentInfo [WIFI () - 135]
12-08 20:17:32.305 17702 17717 I ActivityManager: START u0 {flg=0x4000000 cmp=com.spotify.music/com.spotify.mobile.android.ui.activity.PlayerActivity} from uid 10033 on display 0
12-08 20:17:32.410 17702 21649 D WifiService: acquireWifiLockLocked: WifiLock{Spotify Wifi Lock type=1 binder=android.os.BinderProxy@ad154a4}
12-08 20:17:37.654 17702 18678 I ActivityManager: Process com.android.vending (pid 30238) has died
12-08 20:17:37.655 17702 18678 W ActivityManager: Canceling start item Intent { cmp=com.android.vending/com.google.android.finsky.utils.PermissionPolicies$PermissionPolicyService (has extras) } in service ComponentInfo{com.android.vending/com.google.android.finsky.utils.PermissionPolicies$PermissionPolicyService}
12-08 20:17:37.655 17702 18678 W ActivityManager: Canceling start item Intent { cmp=com.android.vending/com.google.android.finsky.utils.PermissionPolicies$PermissionPolicyService (has extras) } in service ComponentInfo{com.android.vending/com.google.android.finsky.utils.PermissionPolicies$PermissionPolicyService}
12-08 20:17:37.655 17702 18678 W ActivityManager: Canceling start item Intent { cmp=com.android.vending/com.google.android.finsky.utils.PermissionPolicies$PermissionPolicyService (has extras) } in service ComponentInfo{com.android.vending/com.google.android.finsky.utils.PermissionPolicies$PermissionPolicyService}
12-08 20:17:37.655 17702 18678 W ActivityManager: Canceling start item Intent { cmp=com.android.vending/com.google.android.finsky.utils.PermissionPolicies$PermissionPolicyService (has extras) } in service ComponentInfo{com.android.vending/com.google.android.finsky.utils.PermissionPolicies$PermissionPolicyService}
12-08 20:17:37.655 17702 18678 W ActivityManager: Canceling start item Intent { cmp=com.android.vending/com.google.android.finsky.utils.PermissionPolicies$PermissionPolicyService (has extras) } in service ComponentInfo{com.android.vending/com.google.android.finsky.utils.PermissionPolicies$PermissionPolicyService}
12-08 20:17:37.655 17702 18678 W ActivityManager: Canceling start item Intent { cmp=com.android.vending/com.google.android.finsky.utils.PermissionPolicies$PermissionPolicyService (has extras) } in service ComponentInfo{com.android.vending/com.google.android.finsky.utils.PermissionPolicies$PermissionPolicyService}
12-08 20:17:37.655 17702 18678 W ActivityManager: Canceling start item Intent { cmp=com.android.vending/com.google.android.finsky.utils.PermissionPolicies$PermissionPolicyService (has extras) } in service ComponentInfo{com.android.vending/com.google.android.finsky.utils.PermissionPolicies$PermissionPolicyService}
12-08 20:17:37.655 17702 18678 W ActivityManager: Canceling start item Intent { cmp=com.android.vending/com.google.android.finsky.utils.PermissionPolicies$PermissionPolicyService (has extras) } in service ComponentInfo{com.android.vending/com.google.android.finsky.utils.PermissionPolicies$PermissionPolicyService}
12-08 20:17:37.655 17702 18678 W ActivityManager: Canceling start item Intent { cmp=com.android.vending/com.google.android.finsky.utils.PermissionPolicies$PermissionPolicyService (has extras) } in service ComponentInfo{com.android.vending/com.google.android.finsky.utils.PermissionPolicies$PermissionPolicyService}
12-08 20:17:37.655 17702 18678 W ActivityManager: Canceling start item Intent { cmp=com.android.vending/com.google.android.finsky.utils.PermissionPolicies$PermissionPolicyService (has extras) } in service ComponentInfo{com.android.vending/com.google.android.finsky.utils.PermissionPolicies$PermissionPolicyService}
12-08 20:17:37.655 17702 18678 W ActivityManager: Scheduling restart of crashed service com.android.vending/com.google.android.finsky.utils.PermissionPolicies$PermissionPolicyService in 14581196ms
12-08 20:17:40.128 17702 17913 D ConnectivityService: notifyType CAP_CHANGED for NetworkAgentInfo [WIFI () - 135]
12-08 20:17:46.142 17702 17913 D ConnectivityService: notifyType CAP_CHANGED for NetworkAgentInfo [WIFI () - 135]
12-08 20:17:55.162 17702 17913 D ConnectivityService: notifyType CAP_CHANGED for NetworkAgentInfo [WIFI () - 135]
12-08 20:17:58.175 17702 17913 D ConnectivityService: notifyType CAP_CHANGED for NetworkAgentInfo [WIFI () - 135]
12-08 20:18:01.187 17702 17913 D ConnectivityService: notifyType CAP_CHANGED for NetworkAgentInfo [WIFI () - 135]
12-08 20:18:07.209 17702 17913 D ConnectivityService: notifyType CAP_CHANGED for NetworkAgentInfo [WIFI () - 135]
12-08 20:18:27.234 17702 19028 I ActivityManager: START u0 {act=com.android.systemui.recents.SHOW_RECENTS flg=0x10804000 cmp=com.android.systemui/.recents.RecentsActivity} from uid 10004 on display 0
12-08 20:18:28.272 17702 17913 D ConnectivityService: notifyType CAP_CHANGED for NetworkAgentInfo [WIFI () - 135]
12-08 20:18:29.305 17702 21649 I ActivityManager: START u0 {act=android.intent.action.MAIN cat=[android.intent.category.HOME] flg=0x10200000 cmp=com.google.android.googlequicksearchbox/com.google.android.launcher.GEL} from uid 10004 on display 0
12-08 20:18:31.288 17702 17913 D ConnectivityService: notifyType CAP_CHANGED for NetworkAgentInfo [WIFI () - 135]
12-08 20:19:29.066 17702 17822 I PowerManagerService: Going to sleep due to screen timeout (uid 1000)...
12-08 20:19:29.572 17702 17735 I DisplayManagerService: Display device changed state: "Built-in Screen", OFF
12-08 20:19:29.792 17702 17822 I PowerManagerService: Sleeping (uid 1000)...
12-08 20:19:31.792 17702 17822 W PowerManagerService: Sandman unresponsive, releasing suspend blocker
12-08 20:21:10.345 17702 17702 I PowerManagerService: Waking up from sleep (uid 1000)...
12-08 20:21:10.377 17702 17822 I DisplayPowerController: Blocking screen on until initial contents have been drawn.
12-08 20:21:10.385 17702 17735 I DisplayManagerService: Display device changed state: "Built-in Screen", ON
12-08 20:21:10.518 17702 17822 I DisplayPowerController: Unblocked screen on after 139 ms
12-08 20:21:13.485 17702 17913 D ConnectivityService: notifyType CAP_CHANGED for NetworkAgentInfo [WIFI () - 135]
12-08 20:21:16.488 17702 17913 D ConnectivityService: notifyType CAP_CHANGED for NetworkAgentInfo [WIFI () - 135]
12-08 20:21:16.494 17702 17913 D ConnectivityService: updateNetworkScore for NetworkAgentInfo [WIFI () - 135] to 50
12-08 20:21:19.494 17702 17913 D ConnectivityService: updateNetworkScore for NetworkAgentInfo [WIFI () - 135] to 60
12-08 20:21:19.687 17702 17900 I PowerManagerService: Going to sleep due to power button (uid 1000)...
12-08 20:21:20.172 17702 17735 I DisplayManagerService: Display device changed state: "Built-in Screen", OFF
12-08 20:21:20.400 17702 17822 I PowerManagerService: Sleeping (uid 1000)...
12-08 20:21:22.400 17702 17822 W PowerManagerService: Sandman unresponsive, releasing suspend blocker
12-08 20:21:24.745 17702 17723 I UsageStatsService: User[0] Flushing usage stats to disk
12-08 20:21:43.700 17702 21579 I ActivityManager: Killing 4611:com.google.android.partnersetup/u0a16 (adj 15): empty for 1806s
12-08 20:35:03.359 17702 18384 I ActivityManager: Start proc 7249:com.whatsapp/u0a107 for broadcast com.whatsapp/.AlarmBroadcastReceiver
12-08 20:35:03.882 17702 18678 I ActivityManager: Process com.google.android.talk (pid 3713) has died
12-08 20:56:26.069 17702 17822 I PowerManagerService: Waking up from sleep (uid 1000)...
12-08 20:56:26.106 17702 17822 I DisplayPowerController: Blocking screen on until initial contents have been drawn.
12-08 20:56:26.123 17702 17735 I DisplayManagerService: Display device changed state: "Built-in Screen", ON
12-08 20:56:26.241 17702 17822 I DisplayPowerController: Unblocked screen on after 135 ms
12-08 20:56:26.243 17702 21649 D WifiService: acquireWifiLockLocked: WifiLock{NlpWifiLock type=2 binder=android.os.BinderProxy@27a373c}
12-08 20:56:29.298 17702 17735 E WindowAnimator: Timeout waiting for animation to startup
12-08 20:56:29.350 17702 18668 W InputMethodManagerService: Window already focused, ignoring focus gain of: com.android.internal.view.IInputMethodClient$Stub$Proxy@478a135 attribute=android.view.inputmethod.EditorInfo@c78f9ca, token = android.os.BinderProxy@5007b70
12-08 20:56:30.048 17702 18735 D WifiService: releaseWifiLockLocked: WifiLock{NlpWifiLock type=2 binder=android.os.BinderProxy@27a373c}
12-08 20:56:30.159 17702 17900 I PowerManagerService: Going to sleep due to power button (uid 1000)...
12-08 20:56:30.639 17702 17735 I DisplayManagerService: Display device changed state: "Built-in Screen", OFF
12-08 20:56:30.865 17702 17822 I PowerManagerService: Sleeping (uid 1000)...
12-08 20:56:32.868 17702 17822 W PowerManagerService: Sandman unresponsive, releasing suspend blocker
12-08 20:56:38.956 17702 17822 I PowerManagerService: Waking up from sleep (uid 1000)...
12-08 20:56:38.960 17702 17702 I EntropyMixer: Writing entropy...
12-08 20:56:39.055 17702 17822 I DisplayPowerController: Blocking screen on until initial contents have been drawn.
12-08 20:56:39.065 17702 17735 I DisplayManagerService: Display device changed state: "Built-in Screen", ON
12-08 20:56:39.140 17702 17702 I ActivityManager: Start proc 7747:com.android.contacts/u0a8 for service com.android.contacts/.incall.InCallMetricsJobService
12-08 20:56:39.159 17702 17913 D ConnectivityService: notifyType CAP_CHANGED for NetworkAgentInfo [WIFI () - 135]
12-08 20:56:39.222 17702 17822 I DisplayPowerController: Unblocked screen on after 167 ms
12-08 20:56:39.314 17702 21649 I ActivityManager: Start proc 7770:com.tinder/u0a5 for service com.tinder/.globalping.service.GlobalPingTaskService
12-08 20:56:39.331 17702 17716 I ActivityManager: Process com.boxer.email (pid 5524) has died
12-08 20:56:39.370 17702 17717 I ActivityManager: Start proc 7788:com.google.android.keep/u0a136 for service com.google.android.keep/.service.CleanupService
12-08 20:56:39.646 17702 17716 I ActivityManager: Start proc 7826:com.skype.raider/u0a143 for broadcast com.skype.raider/com.skype.android.service.GetAccountReceiver
12-08 20:56:39.662 17702 17717 I ActivityManager: Process com.nextbit.app (pid 27213) has died
12-08 20:56:39.663 17702 17717 W ActivityManager: Scheduling restart of crashed service com.nextbit.app/.serversync.CoordinatorService in 1000ms
12-08 20:56:39.663 17702 17717 W ActivityManager: Scheduling restart of crashed service com.nextbit.app/.service.AppCastService in 11000ms
12-08 20:56:39.681 17702 18699 I ActivityManager: Process com.cyngn.fota (pid 5005) has died
12-08 20:56:40.247 17702 17912 D WifiService: New client listening to asynchronous messages
12-08 20:56:40.401 17702 18678 I ActivityManager: Process com.google.android.gm (pid 4013) has died
12-08 20:56:40.596 17702 18384 D ConnectivityService: Returning unblocked NetworkInfo to uid=10143
12-08 20:56:40.674 17702 17724 I ActivityManager: Start proc 7940:com.nextbit.app/u0a106 for service com.nextbit.app/.serversync.CoordinatorService
12-08 20:56:40.974 17702 18735 I ActivityManager: Start proc 7967:com.google.android.apps.fireball/u0a158 for service com.google.android.apps.fireball/.tasks.ScheduledTaskService
12-08 20:56:41.029 17702 18678 I ActivityManager: Start proc 7984:com.google.android.talk/u0a53 for service com.google.android.talk/com.google.android.apps.hangouts.concurrent.impl.GcmTriggeredNotifier
12-08 20:56:41.713 17702 18384 D ConnectivityService: listenForNetwork for Listen from uid/pid:10158/7967 for NetworkRequest [ id=86, legacyType=-1, [ Capabilities: INTERNET&NOT_RESTRICTED&TRUSTED] ]
12-08 20:56:41.758 17702 18735 D ConnectivityService: Returning unblocked NetworkInfo to uid=10053
12-08 20:56:42.167 17702 17913 D ConnectivityService: notifyType CAP_CHANGED for NetworkAgentInfo [WIFI () - 135]
12-08 20:56:46.911 17702 19393 I ActivityManager: Killing 5011:com.cyngn.bookmarkprovider/u0a110 (adj 15): empty #17
12-08 20:56:48.957 17702 17822 I PowerManagerService: Going to sleep due to screen timeout (uid 1000)...
12-08 20:56:49.427 17702 17735 I DisplayManagerService: Display device changed state: "Built-in Screen", OFF
12-08 20:56:49.653 17702 17822 I PowerManagerService: Sleeping (uid 1000)...
12-08 20:56:51.627 17702 17822 I PowerManagerService: Waking up from sleep (uid 1000)...
12-08 20:56:51.674 17702 17822 I DisplayPowerController: Blocking screen on until initial contents have been drawn.
12-08 20:56:51.685 17702 17822 W PowerManagerService: Sandman unresponsive, releasing suspend blocker
12-08 20:56:51.686 17702 17735 I DisplayManagerService: Display device changed state: "Built-in Screen", ON
12-08 20:56:51.719 17702 18020 D ConnectivityService: Returning unblocked NetworkInfo to uid=10108
12-08 20:56:51.809 17702 17822 I DisplayPowerController: Unblocked screen on after 135 ms
12-08 20:56:51.950 17702 21656 D ConnectivityService: Returning unblocked NetworkInfo to uid=10107
12-08 20:56:54.811 17702 17913 D ConnectivityService: notifyType CAP_CHANGED for NetworkAgentInfo [WIFI () - 135]
12-08 20:56:56.626 17702 18384 I Telecom : PhoneAccountRegistrar: SimCallManager queried, returning: null
12-08 20:56:56.648 17702 18668 I Telecom : PhoneAccountRegistrar: SimCallManager queried, returning: null
12-08 20:56:58.458 17702 17735 E WindowAnimator: Timeout waiting for animation to startup
12-08 20:56:58.499 17702 19028 W InputMethodManagerService: Window already focused, ignoring focus gain of: com.android.internal.view.IInputMethodClient$Stub$Proxy@ad1844b attribute=android.view.inputmethod.EditorInfo@e865e28, token = android.os.BinderProxy@5007b70
12-08 20:57:10.920 17702 17724 I ActivityManager: Waited long enough for: ServiceRecord{275dbe0 u0 com.whatsapp/.messaging.MessageService}
12-08 20:57:21.629 17702 17912 D WifiService: Client connection lost with reason: 4
12-08 20:57:21.645 17702 17825 I ActivityManager: Start proc 8326:com.android.defcontainer/u0a9 for service com.android.defcontainer/.DefaultContainerService
12-08 20:57:21.671 17702 18668 I ActivityManager: Process com.google.android.googlequicksearchbox:search (pid 5949) has died
12-08 20:57:21.735 17702 17724 I ActivityManager: Start proc 8339:com.android.vending/u0a18 for broadcast com.android.vending/com.google.android.vending.verifier.PackageVerificationReceiver
12-08 20:57:29.540 17702 17724 I ActivityManager: Force stopping com.motivation appid=10175 user=-1: uninstall pkg
12-08 20:57:29.541 17702 17724 I ActivityManager: Killing 2550:com.motivation/u0a175 (adj 9): stop com.motivation
12-08 20:57:29.572 17702 21579 D ConnectivityService: ConnectivityService NetworkRequestInfo binderDied(NetworkRequest [ id=84, legacyType=-1, [ Capabilities: INTERNET&NOT_RESTRICTED&TRUSTED] ], android.os.BinderProxy@9b968d2)
12-08 20:57:29.573 17702 17913 D ConnectivityService: releasing NetworkRequest NetworkRequest [ id=84, legacyType=-1, [ Capabilities: INTERNET&NOT_RESTRICTED&TRUSTED] ]
12-08 20:57:29.574 17702 17913 E ConnectivityService: RemoteException caught trying to send a callback msg for NetworkRequest [ id=84, legacyType=-1, [ Capabilities: INTERNET&NOT_RESTRICTED&TRUSTED] ]
12-08 20:57:29.574 17702 18668 I WindowState: WIN DEATH: Window{586726e u0 com.motivation/com.motivation.MainActivity}
12-08 20:57:29.606 17702 17724 I ActivityManager:   Force finishing activity ActivityRecord{20a1fd4 u0 com.motivation/.MainActivity t4174}
12-08 20:57:29.608 17702 21579 W ActivityManager: Spurious death for ProcessRecord{d24832a 0:com.motivation/u0a175}, curProc for 2550: null
12-08 20:57:29.621 17702 17825 W PackageSettings: Skipping PackageSetting{9af1e72 com.cyngn.lockscreens.instagram/10139} due to missing metadata
12-08 20:57:29.657 17702 17825 I PackageManager: Package com.motivation codePath changed from /data/app/com.motivation-1 to /data/app/com.motivation-2; Retaining data and using new
12-08 20:57:29.658 17702 17825 W PackageManager: Code path for com.motivation changing from /data/app/com.motivation-1 to /data/app/com.motivation-2
12-08 20:57:29.658 17702 17724 I ActivityManager: Force stopping com.motivation appid=10175 user=-1: replace pkg
12-08 20:57:29.658 17702 17825 W PackageManager: Resource path for com.motivation changing from /data/app/com.motivation-1 to /data/app/com.motivation-2
12-08 20:57:29.726 17702 17825 W PackageSettings: Skipping PackageSetting{9af1e72 com.cyngn.lockscreens.instagram/10139} due to missing metadata
12-08 20:57:29.823 17702 17825 W PackageSettings: Skipping PackageSetting{9af1e72 com.cyngn.lockscreens.instagram/10139} due to missing metadata
12-08 20:57:29.987 17702 17825 W PackageManager: Couldn't remove dex file for package:  at location /data/app/com.motivation-1/base.apk, retcode=-1
12-08 20:57:30.005 17702 17825 I ActivityManager: Force stopping com.motivation appid=10175 user=0: pkg removed
12-08 20:57:30.037 17702 17702 D JobSchedulerService: Receieved: android.intent.action.PACKAGE_REMOVED
12-08 20:57:30.131 17702 19393 W ActivityManager: Permission Denial: Accessing service ComponentInfo{com.google.android.music/com.google.android.music.dial.DialMediaRouteProviderService} from pid=6145, uid=10033 that is not exported from uid 10064
12-08 20:57:30.154 17702 18020 W ActivityManager: Permission Denial: Accessing service ComponentInfo{com.google.android.music/com.google.android.music.dial.DialMediaRouteProviderService} from pid=6145, uid=10033 that is not exported from uid 10064
12-08 20:57:30.158 17702 21579 W ActivityManager: Permission Denial: Accessing service ComponentInfo{com.google.android.music/com.google.android.music.dial.DialMediaRouteProviderService} from pid=6145, uid=10033 that is not exported from uid 10064
12-08 20:57:30.188 17702 18020 I ActivityManager: Start proc 8439:org.cyanogenmod.providers.datausage/1000 for broadcast org.cyanogenmod.providers.datausage/.DataUsageAppInstallReceiver
12-08 20:57:30.260  8439  8439 W ContextImpl: Calling a method in the system process without a qualified user: android.app.ContextImpl.startService:1231 android.content.ContextWrapper.startService:587 android.content.ContextWrapper.startService:587 org.cyanogenmod.providers.datausage.DataUsageAppInstallReceiver.onReceive:47 android.app.ActivityThread.handleReceiver:2759 
12-08 20:57:30.269 17702 17723 W InputMethodInfo: Duplicated subtype definition found: , voice
12-08 20:57:30.277 17702 18735 I ActivityManager: Start proc 8455:com.android.keychain/1000 for broadcast com.android.keychain/.KeyChainBroadcastReceiver
12-08 20:57:30.327  8455  8455 W ContextImpl: Calling a method in the system process without a qualified user: android.app.ContextImpl.startService:1231 android.content.ContextWrapper.startService:587 android.content.ContextWrapper.startService:587 com.android.keychain.KeyChainBroadcastReceiver.onReceive:12 android.app.ActivityThread.handleReceiver:2759 
12-08 20:57:30.337 17702 18678 I ActivityManager: Killing 5507:com.google.process.gapps/u0a135 (adj 15): empty #17
12-08 20:57:30.398 17702 17981 I ActivityManager: Killing 5571:com.airwatch.boxer.plugin.cyanogen.onenote/u0a83 (adj 15): empty #17
12-08 20:57:30.512 17702 18384 I ActivityManager: Start proc 8480:com.cyngn.discovery/u0a117 for broadcast com.cyngn.discovery/.PackageInstalledReceiver
12-08 20:57:30.618 17702 21579 I ActivityManager: Start proc 8495:com.cyanogen.ambient.updater/u0a77 for broadcast com.cyanogen.ambient.updater/.PackageUpdateReceiver
12-08 20:57:30.620 17702 21579 I ActivityManager: Killing 5719:com.android.cellbroadcastreceiver/u0a38 (adj 15): empty #17
12-08 20:57:30.769 17702 18699 I ActivityManager: Start proc 8511:com.google.android.googlequicksearchbox:search/u0a26 for broadcast com.google.android.googlequicksearchbox/com.google.android.apps.gsa.search.core.icingsync.IcingCorporaChangedReceiver
12-08 20:57:31.110 17702 18699 I ActivityManager: Start proc 8526:com.google.android.apps.docs/u0a44 for broadcast com.google.android.apps.docs/.receivers.AppPackageAddRemoveReceiver
12-08 20:57:31.113 17702 18699 I ActivityManager: Killing 5428:com.google.android.apps.plus/u0a73 (adj 15): empty #17
12-08 20:57:31.693 17702 18020 I ActivityManager: Killing 7770:com.tinder/u0a5 (adj 15): empty #17
12-08 20:57:31.735 17702 21654 I ActivityManager: Start proc 8562:com.ext.ui/u0a100 for broadcast com.ext.ui/.AppUpdateReceiver
12-08 20:57:31.814 17702 18668 I ActivityManager: Killing 32486:com.google.android.apps.photos/u0a111 (adj 15): empty #17
12-08 20:57:31.927 17702 17981 I ActivityManager: Start proc 8580:org.cyanogenmod.bugreport/2000 for broadcast org.cyanogenmod.bugreport/.PackageChangeReceiver
12-08 20:57:31.984 17702 17717 I ActivityManager: Start proc 8592:org.cyanogenmod.resolver/1000 for broadcast org.cyanogenmod.resolver/.ResolverReceiver
12-08 20:57:31.985 17702 17717 I ActivityManager: Killing 7747:com.android.contacts/u0a8 (adj 15): empty #17
12-08 20:57:32.036  8592  8592 W ContextImpl: Calling a method in the system process without a qualified user: android.app.ContextImpl.bindService:1295 android.content.ContextWrapper.bindService:610 com.cyanogen.ambient.common.api.internal.AmbientApiClientImpl.connect:335 org.cyanogenmod.resolver.Application.onCreate:17 android.app.Instrumentation.callApplicationOnCreate:1014 
12-08 20:57:32.042 17702 21656 I ActivityManager: Killing 7826:com.skype.raider/u0a143 (adj 15): empty #17
12-08 20:57:32.057 17702 17912 D WifiService: Client connection lost with reason: 4
12-08 20:57:32.069  8439  8439 W ContextImpl: Calling a method in the system process without a qualified user: android.app.ContextImpl.startService:1231 android.content.ContextWrapper.startService:587 android.content.ContextWrapper.startService:587 org.cyanogenmod.providers.datausage.DataUsageAppInstallReceiver.onReceive:47 android.app.ActivityThread.handleReceiver:2759 
12-08 20:57:32.075  8592  8592 W ContextImpl: Calling a method in the system process without a qualified user: android.app.ContextImpl.bindService:1295 android.content.ContextWrapper.bindService:610 com.cyanogen.ambient.common.api.internal.ServiceApi.connect:73 com.cyanogen.ambient.common.api.AmbientApiClient$ApiWithOptions.connect:407 com.cyanogen.ambient.common.api.internal.AmbientApiClientImpl$CreateTokenServiceConnection.onServiceConnected:385 
12-08 20:57:32.082 17702 17981 I ActivityManager: Start proc 8608:com.google.android.partnersetup/u0a16 for broadcast com.google.android.partnersetup/.RlzPingBroadcastReceiver
12-08 20:57:32.168 17702 18735 I ActivityManager: Start proc 8624:org.cyanogenmod.themes.provider/u0a24 for broadcast org.cyanogenmod.themes.provider/.AppReceiver
12-08 20:57:32.171 17702 18735 I ActivityManager: Killing 7967:com.google.android.apps.fireball/u0a158 (adj 15): empty #17
12-08 20:57:32.184 17702 18384 D ConnectivityService: ConnectivityService NetworkRequestInfo binderDied(NetworkRequest [ id=86, legacyType=-1, [ Capabilities: INTERNET&NOT_RESTRICTED&TRUSTED] ], android.os.BinderProxy@9b51a76)
12-08 20:57:32.184 17702 17913 D ConnectivityService: releasing NetworkRequest NetworkRequest [ id=86, legacyType=-1, [ Capabilities: INTERNET&NOT_RESTRICTED&TRUSTED] ]
12-08 20:57:32.185 17702 17913 E ConnectivityService: RemoteException caught trying to send a callback msg for NetworkRequest [ id=86, legacyType=-1, [ Capabilities: INTERNET&NOT_RESTRICTED&TRUSTED] ]
12-08 20:57:32.231 17702 21657 I ActivityManager: Killing 7984:com.google.android.talk/u0a53 (adj 15): empty #17
12-08 20:57:32.493  8439  8439 W ContextImpl: Calling a method in the system process without a qualified user: android.app.ContextImpl.startService:1231 android.content.ContextWrapper.startService:587 android.content.ContextWrapper.startService:587 org.cyanogenmod.providers.datausage.DataUsageAppInstallReceiver.onReceive:47 android.app.ActivityThread.handleReceiver:2759 
12-08 20:57:32.545 17702 17912 D WifiService: New client listening to asynchronous messages
12-08 20:57:32.769 17702 17981 W ActivityManager: Unable to start service Intent { act=com.cyanogen.ambient.intent.action.REGISTER cat=[com.cyanogen.ambient.intent.category.CAMERA_PLUGIN] pkg=com.motivation } U=0: not found
12-08 20:57:32.781 17702 17716 I ActivityManager: Start proc 8669:com.google.android.apps.magazines/u0a61 for broadcast com.google.android.apps.magazines/com.google.apps.dots.android.app.receiver.FirstInstallNotificationReceiver
12-08 20:57:32.924 17702 19393 I ActivityManager: Start proc 8685:com.tinder/u0a5 for service com.tinder/.globalping.service.GlobalPingTaskService
12-08 20:57:32.931 17702 21579 I ActivityManager: Process com.android.vending (pid 8339) has died
12-08 20:57:32.950 17702 21649 I ActivityManager: Process com.cyngn.logger (pid 27822) has died
12-08 20:57:32.951 17702 21649 W ActivityManager: Scheduling restart of crashed service com.cyngn.logger/.LogFetchService in 1000ms
12-08 20:57:32.951 17702 21649 W ActivityManager: Canceling start item Intent { cmp=com.cyngn.logger/.UploadIntentService } in service ComponentInfo{com.cyngn.logger/com.cyngn.logger.UploadIntentService}
12-08 20:57:32.951 17702 21649 W ActivityManager: Canceling start item Intent { cmp=com.cyngn.logger/.UploadIntentService } in service ComponentInfo{com.cyngn.logger/com.cyngn.logger.UploadIntentService}
12-08 20:57:32.951 17702 21649 W ActivityManager: Scheduling restart of crashed service com.cyngn.logger/.UploadIntentService in 16340748ms
12-08 20:57:33.063 17702 18668 D ConnectivityService: Returning unblocked NetworkInfo to uid=10061
12-08 20:57:33.197 17702 19393 I ActivityManager: Start proc 8756:com.google.android.apps.photos/u0a111 for broadcast com.google.android.apps.photos/.backgroundsignin.BackgroundSignInBroadcastReceiver
12-08 20:57:33.724 17702 21649 I ActivityManager: Start proc 8817:com.shazam.android/u0a109 for broadcast com.shazam.android/.receiver.AppUpgradeReceiver
12-08 20:57:33.962 17702 17724 I ActivityManager: Start proc 8836:com.cyngn.logger/1000 for service com.cyngn.logger/.LogFetchService
12-08 20:57:38.878 17702 19028 I ActivityManager: Killing 8326:com.android.defcontainer/u0a9 (adj 15): empty #17
12-08 20:57:41.598 17702 18735 I ActivityManager: START u0 {flg=0x10000000 cmp=com.motivation/.MainActivity} from uid 2000 on display 0
12-08 20:57:41.634 17702 21579 I ActivityManager: Start proc 8915:com.motivation/u0a175 for activity com.motivation/.MainActivity
12-08 20:57:42.959 17702 19393 I ActivityManager: Start proc 8949:com.cyanogenmod.lockclock/u0a60 for broadcast com.cyanogenmod.lockclock/.ClockWidgetProvider
12-08 20:57:43.056 17702 17981 I ActivityManager: Killing 8455:com.android.keychain/1000 (adj 15): empty #17
12-08 20:57:43.307 17702 17716 I ActivityManager: Start proc 8999:com.android.vending/u0a18 for service com.android.vending/com.google.android.finsky.billing.iab.InAppBillingService
12-08 20:57:43.418 17702 18735 D ConnectivityService: listenForNetwork for Listen from uid/pid:10175/8915 for NetworkRequest [ id=87, legacyType=-1, [ Capabilities: INTERNET&NOT_RESTRICTED&TRUSTED] ]
12-08 20:57:43.807 17702 19028 I ActivityManager: Killing 8580:org.cyanogenmod.bugreport/2000 (adj 15): empty #17
12-08 20:57:47.437 17702 21657 I ActivityManager: Start proc 9117:com.skype.raider/u0a143 for broadcast com.skype.raider/com.skype.android.service.ContactsAlarmReceiver
12-08 20:57:47.855 17702 17912 D WifiService: New client listening to asynchronous messages
12-08 20:57:48.373 17702 17716 I ActivityManager: Killing 8592:org.cyanogenmod.resolver/1000 (adj 15): empty #17
12-08 20:57:55.012 17702 19393 I ActivityManager: Killing 8526:com.google.android.apps.docs/u0a44 (adj 15): empty #17
12-08 20:57:55.068 17702 19393 I ActivityManager: Killing 8495:com.cyanogen.ambient.updater/u0a77 (adj 15): empty #18
12-08 20:57:55.121 17702 19393 I ActivityManager: Killing 8608:com.google.android.partnersetup/u0a16 (adj 15): empty #19
12-08 20:57:59.171 17702 21649 D ConnectivityService: listenForNetwork for Listen from uid/pid:10175/8915 for NetworkRequest [ id=88, legacyType=-1, [ Capabilities: INTERNET&NOT_RESTRICTED&TRUSTED] ]
12-08 20:58:08.091 17702 17724 I ActivityManager: Killing 5486:android.process.acore/u0a8 (adj 15): empty #17
12-08 20:58:08.196 17702 17913 D ConnectivityService: releasing NetworkRequest NetworkRequest [ id=88, legacyType=-1, [ Capabilities: INTERNET&NOT_RESTRICTED&TRUSTED] ]
12-08 20:58:08.351  8915  8938 E AndroidRuntime: FATAL EXCEPTION: mqt_native_modules
12-08 20:58:08.351  8915  8938 E AndroidRuntime: Process: com.motivation, PID: 8915
12-08 20:58:08.351  8915  8938 E AndroidRuntime: Theme: themes:{default=overlay:com.cyngn.hexo, iconPack:com.cyngn.hexo, fontPkg:com.cyngn.hexo, com.android.systemui=overlay:com.cyngn.hexo, com.android.systemui.navbar=overlay:com.cyngn.hexo}
12-08 20:58:08.351  8915  8938 E AndroidRuntime: com.facebook.react.bridge.NativeArgumentsParseException: TypeError: expected dynamic type `double', but had type `string' (constructing arguments for RNAdMobInterstitial.showAd at argument index 0)
12-08 20:58:08.351  8915  8938 E AndroidRuntime: 	at com.facebook.react.bridge.BaseJavaModule$JavaMethod.invoke(BaseJavaModule.java:312)
12-08 20:58:08.351  8915  8938 E AndroidRuntime: 	at com.facebook.react.cxxbridge.JavaModuleWrapper.invoke(JavaModuleWrapper.java:158)
12-08 20:58:08.351  8915  8938 E AndroidRuntime: 	at com.facebook.react.bridge.queue.NativeRunnable.run(Native Method)
12-08 20:58:08.351  8915  8938 E AndroidRuntime: 	at android.os.Handler.handleCallback(Handler.java:739)
12-08 20:58:08.351  8915  8938 E AndroidRuntime: 	at android.os.Handler.dispatchMessage(Handler.java:95)
12-08 20:58:08.351  8915  8938 E AndroidRuntime: 	at com.facebook.react.bridge.queue.MessageQueueThreadHandler.dispatchMessage(MessageQueueThreadHandler.java:31)
12-08 20:58:08.351  8915  8938 E AndroidRuntime: 	at android.os.Looper.loop(Looper.java:148)
12-08 20:58:08.351  8915  8938 E AndroidRuntime: 	at com.facebook.react.bridge.queue.MessageQueueThreadImpl$3.run(MessageQueueThreadImpl.java:196)
12-08 20:58:08.351  8915  8938 E AndroidRuntime: 	at java.lang.Thread.run(Thread.java:818)
12-08 20:58:08.351  8915  8938 E AndroidRuntime: Caused by: com.facebook.react.bridge.UnexpectedNativeTypeException: TypeError: expected dynamic type `double', but had type `string'
12-08 20:58:08.351  8915  8938 E AndroidRuntime: 	at com.facebook.react.bridge.ReadableNativeArray.getDouble(Native Method)
12-08 20:58:08.351  8915  8938 E AndroidRuntime: 	at com.facebook.react.bridge.BaseJavaModule$8.extractArgument(BaseJavaModule.java:136)
12-08 20:58:08.351  8915  8938 E AndroidRuntime: 	at com.facebook.react.bridge.BaseJavaModule$8.extractArgument(BaseJavaModule.java:129)
12-08 20:58:08.351  8915  8938 E AndroidRuntime: 	at com.facebook.react.bridge.BaseJavaModule$JavaMethod.invoke(BaseJavaModule.java:304)
12-08 20:58:08.351  8915  8938 E AndroidRuntime: 	... 8 more
12-08 20:58:08.352 17702 18699 W ActivityManager:   Force finishing activity com.motivation/.MainActivity
12-08 20:58:08.702 17702 17724 I ActivityManager: Killing 8439:org.cyanogenmod.providers.datausage/1000 (adj 15): empty #17
12-08 20:58:11.923 17702 17981 D ConnectivityService: ConnectivityService NetworkRequestInfo binderDied(NetworkRequest [ id=87, legacyType=-1, [ Capabilities: INTERNET&NOT_RESTRICTED&TRUSTED] ], android.os.BinderProxy@8ca5337)
12-08 20:58:11.924 17702 17913 D ConnectivityService: releasing NetworkRequest NetworkRequest [ id=87, legacyType=-1, [ Capabilities: INTERNET&NOT_RESTRICTED&TRUSTED] ]
12-08 20:58:11.925 17702 17913 E ConnectivityService: RemoteException caught trying to send a callback msg for NetworkRequest [ id=87, legacyType=-1, [ Capabilities: INTERNET&NOT_RESTRICTED&TRUSTED] ]
12-08 20:58:11.951 17702 18735 I ActivityManager: Process com.motivation (pid 8915) has died
12-08 20:58:13.096 17702 17724 I ActivityManager: Start proc 9320:com.motivation/u0a175 for broadcast com.motivation/io.cmichel.appLauncher.AlarmReceiver
12-08 20:58:13.182 17702 18384 I ActivityManager: START u0 {act=android.intent.action.MAIN cat=[android.intent.category.LAUNCHER] flg=0x14000000 pkg=com.motivation cmp=com.motivation/.MainActivity (has extras)} from uid 10175 on display 0
12-08 20:58:14.747 17702 21656 D ConnectivityService: listenForNetwork for Listen from uid/pid:10175/9320 for NetworkRequest [ id=89, legacyType=-1, [ Capabilities: INTERNET&NOT_RESTRICTED&TRUSTED] ]
12-08 20:58:14.812 17702 19393 D ConnectivityService: listenForNetwork for Listen from uid/pid:10175/9320 for NetworkRequest [ id=90, legacyType=-1, [ Capabilities: INTERNET&NOT_RESTRICTED&TRUSTED] ]
12-08 20:58:25.688 17702 17913 D ConnectivityService: releasing NetworkRequest NetworkRequest [ id=89, legacyType=-1, [ Capabilities: INTERNET&NOT_RESTRICTED&TRUSTED] ]
12-08 20:58:32.617 17702 18384 I ActivityManager: Start proc 9550:android.process.acore/u0a8 for content provider com.android.providers.contacts/.ContactsProvider2
12-08 20:58:32.949 17702 17717 I ActivityManager: Start proc 9575:com.google.android.gm/u0a50 for content provider com.google.android.gm/com.android.exchange.provider.ExchangeDirectoryProvider
12-08 20:58:33.147  9575  9596 D ActivityThread: Loading provider com.google.android.gmail.provider;com.android.mail.notifier;com.google.android.gm.email.provider;com.google.android.gm.email.notifier: com.android.email.provider.EmailProvider
12-08 20:58:33.283 17702 19028 I ActivityManager: Start proc 9604:com.google.process.gapps/u0a135 for content provider com.google.android.syncadapters.contacts/.GalProvider
12-08 20:58:33.320 17702 18678 W ActivityManager: Unable to start service Intent { cmp=com.google.android.gm.exchange/com.android.exchange.service.EasService } U=0: not found
12-08 20:58:33.325 17702 18384 W ActivityManager: Unable to start service Intent { cmp=com.google.android.gm/com.android.email.service.AttachmentService } U=0: not found
12-08 20:58:33.399 17702 21579 I ActivityManager: Start proc 9636:com.boxer.email/u0a105 for content provider com.boxer.email/com.boxer.exchange.provider.ExchangeDirectoryProvider
12-08 20:58:33.552 17702 18735 W ActivityManager: Unable to start service Intent { cmp=com.boxer.email/.service.AttachmentService } U=0: not found
12-08 20:58:33.745 17702 18384 I ActivityManager: Start proc 9680:com.airwatch.boxer.plugin.cyanogen.onenote/u0a83 for service com.airwatch.boxer.plugin.cyanogen.onenote/.CyanogenOneNotePluginService
12-08 20:58:33.834 17702 21649 I ActivityManager: Killing 8624:org.cyanogenmod.themes.provider/u0a24 (adj 15): empty #17
12-08 20:58:35.642 17702 21654 I ActivityManager: Killing 8480:com.cyngn.discovery/u0a117 (adj 15): empty #17
12-08 20:58:55.169 17702 18384 I ActivityManager: Killing 7788:com.google.android.keep/u0a136 (adj 15): empty #17
12-08 20:58:55.191 17702 18384 I ActivityManager: Killing 8669:com.google.android.apps.magazines/u0a61 (adj 15): empty #18
12-08 21:00:14.598 17702 18678 D ConnectivityService: listenForNetwork for Listen from uid/pid:10175/9320 for NetworkRequest [ id=91, legacyType=-1, [ Capabilities: INTERNET&NOT_RESTRICTED&TRUSTED] ]
12-08 21:00:20.748 17702 17913 D ConnectivityService: releasing NetworkRequest NetworkRequest [ id=91, legacyType=-1, [ Capabilities: INTERNET&NOT_RESTRICTED&TRUSTED] ]
12-08 21:00:20.919  9320  9349 E AndroidRuntime: FATAL EXCEPTION: mqt_native_modules
12-08 21:00:20.919  9320  9349 E AndroidRuntime: Process: com.motivation, PID: 9320
12-08 21:00:20.919  9320  9349 E AndroidRuntime: Theme: themes:{default=overlay:com.cyngn.hexo, iconPack:com.cyngn.hexo, fontPkg:com.cyngn.hexo, com.android.systemui=overlay:com.cyngn.hexo, com.android.systemui.navbar=overlay:com.cyngn.hexo}
12-08 21:00:20.919  9320  9349 E AndroidRuntime: com.facebook.react.bridge.NativeArgumentsParseException: TypeError: expected dynamic type `double', but had type `string' (constructing arguments for RNAdMobInterstitial.showAd at argument index 0)
12-08 21:00:20.919  9320  9349 E AndroidRuntime: 	at com.facebook.react.bridge.BaseJavaModule$JavaMethod.invoke(BaseJavaModule.java:312)
12-08 21:00:20.919  9320  9349 E AndroidRuntime: 	at com.facebook.react.cxxbridge.JavaModuleWrapper.invoke(JavaModuleWrapper.java:158)
12-08 21:00:20.919  9320  9349 E AndroidRuntime: 	at com.facebook.react.bridge.queue.NativeRunnable.run(Native Method)
12-08 21:00:20.919  9320  9349 E AndroidRuntime: 	at android.os.Handler.handleCallback(Handler.java:739)
12-08 21:00:20.919  9320  9349 E AndroidRuntime: 	at android.os.Handler.dispatchMessage(Handler.java:95)
12-08 21:00:20.919  9320  9349 E AndroidRuntime: 	at com.facebook.react.bridge.queue.MessageQueueThreadHandler.dispatchMessage(MessageQueueThreadHandler.java:31)
12-08 21:00:20.919  9320  9349 E AndroidRuntime: 	at android.os.Looper.loop(Looper.java:148)
12-08 21:00:20.919  9320  9349 E AndroidRuntime: 	at com.facebook.react.bridge.queue.MessageQueueThreadImpl$3.run(MessageQueueThreadImpl.java:196)
12-08 21:00:20.919  9320  9349 E AndroidRuntime: 	at java.lang.Thread.run(Thread.java:818)
12-08 21:00:20.919  9320  9349 E AndroidRuntime: Caused by: com.facebook.react.bridge.UnexpectedNativeTypeException: TypeError: expected dynamic type `double', but had type `string'
12-08 21:00:20.919  9320  9349 E AndroidRuntime: 	at com.facebook.react.bridge.ReadableNativeArray.getDouble(Native Method)
12-08 21:00:20.919  9320  9349 E AndroidRuntime: 	at com.facebook.react.bridge.BaseJavaModule$8.extractArgument(BaseJavaModule.java:136)
12-08 21:00:20.919  9320  9349 E AndroidRuntime: 	at com.facebook.react.bridge.BaseJavaModule$8.extractArgument(BaseJavaModule.java:129)
12-08 21:00:20.919  9320  9349 E AndroidRuntime: 	at com.facebook.react.bridge.BaseJavaModule$JavaMethod.invoke(BaseJavaModule.java:304)
12-08 21:00:20.919  9320  9349 E AndroidRuntime: 	... 8 more
12-08 21:00:20.921 17702 21656 W ActivityManager:   Force finishing activity com.motivation/.MainActivity
12-08 21:00:21.274 17702 17724 I ActivityManager: Killing 8756:com.google.android.apps.photos/u0a111 (adj 15): empty #17
12-08 21:00:25.613 17702 21654 I ActivityManager: START u0 {act=android.intent.action.MAIN cat=[android.intent.category.LAUNCHER] flg=0x14000000 pkg=com.motivation cmp=com.motivation/.MainActivity (has extras)} from uid 10175 on display 0
12-08 21:00:25.658 17702 17724 W BroadcastQueue: Skipping deliver [background] BroadcastRecord{b3a4bbe u-1 android.net.conn.CONNECTIVITY_CHANGE} to ReceiverList{43afa72 9320 com.motivation/10175/u0 remote:4051b7d}: process crashing
12-08 21:01:10.937 17702 17897 I ActivityManager: Start proc 9906:com.cyngn.fota/u0a93 for service com.cyngn.fota/.SystemUpdateService
12-08 21:03:25.724 17702 18668 I ActivityManager: Killing 8562:com.ext.ui/u0a100 (adj 15): empty #17
12-08 21:04:06.135 17702 17716 I Telecom : PhoneAccountRegistrar: [ComponentInfo{com.android.phone/com.android.services.telephony.TelephonyConnectionService}, [77de68daecd823babbb58edb1c8e14d7106e83bb], UserHandle{0}(icon: Icon(typ=BITMAP size=57x72) -> Icon(typ=BITMAP size=57x72))]
12-08 21:04:06.152 17702 17716 I Telecom : : Sending phone-account registered intent as user
12-08 21:04:06.168 17702 17981 I Telecom : PhoneAccountRegistrar: [ComponentInfo{com.android.phone/com.android.services.telephony.TelephonyConnectionService}, [77de68daecd823babbb58edb1c8e14d7106e83bb], UserHandle{0}(icon: Icon(typ=BITMAP size=57x72) -> Icon(typ=BITMAP size=57x72))(lbl: Blau -> E-Plus)(desc: Blau -> E-Plus)]
12-08 21:04:06.181 17702 17981 I Telecom : : Sending phone-account registered intent as user
12-08 21:04:06.198 17702 17912 D WifiService: Client connection lost with reason: 4
12-08 21:04:06.221 17702 17702 I ActivityManager: Start proc 10072:com.android.providers.calendar/u0a6 for content provider com.android.providers.calendar/.CalendarProvider2
12-08 21:04:06.227 17702 19028 I ActivityManager: Process com.skype.raider (pid 9117) has died
12-08 21:04:06.233 17702 17717 W Telecom : : No account found for the calling user
12-08 21:04:06.237 17702 21579 I Telecom : PhoneAccountRegistrar: [ComponentInfo{com.android.phone/com.android.services.telephony.TelephonyConnectionService}, [77de68daecd823babbb58edb1c8e14d7106e83bb], UserHandle{0}(icon: Icon(typ=BITMAP size=57x72) -> Icon(typ=BITMAP size=57x72))]
12-08 21:04:06.250 17702 21579 I Telecom : : Sending phone-account registered intent as user
12-08 21:04:06.322 17702 18668 I ActivityManager: Start proc 10104:com.qualcomm.timeservice/1000 for broadcast com.qualcomm.timeservice/.TimeServiceBroadcastReceiver
12-08 21:04:06.336 17702 18735 I ActivityManager: Process com.shazam.android (pid 8817) has died
12-08 21:04:06.484 17702 18384 I ActivityManager: Start proc 10128:com.google.android.keep/u0a136 for broadcast com.google.android.keep/.notification.AlertReceiver
12-08 21:04:06.686 17702 17716 I ActivityManager: Start proc 10153:com.google.android.calendar/u0a36 for broadcast com.google.android.calendar/com.android.calendar.widget.CalendarAppWidgetProvider
12-08 21:04:06.687 17702 17716 I ActivityManager: Killing 8999:com.android.vending/u0a18 (adj 15): empty #17
12-08 21:04:07.006 17702 19393 I ActivityManager: Start proc 10179:com.boxer.calendar/u0a113 for broadcast com.boxer.calendar/com.android.calendar.widget.CalendarAppWidgetService$CalendarFactory
12-08 21:04:07.058 17702 17724 I ActivityManager: Start proc 10030:com.android.cellbroadcastreceiver/u0a38 for broadcast com.android.cellbroadcastreceiver/.CellBroadcastReceiver
12-08 21:04:07.130 17702 18735 I Telecom : PhoneAccountRegistrar: [ComponentInfo{com.android.phone/com.android.services.telephony.TelephonyConnectionService}, [77de68daecd823babbb58edb1c8e14d7106e83bb], UserHandle{0}(icon: Icon(typ=BITMAP size=57x72) -> Icon(typ=BITMAP size=57x72))(lbl: E-Plus -> Blau)(desc: E-Plus -> Blau)]
12-08 21:04:07.137 17702 18735 I Telecom : : Sending phone-account registered intent as user
12-08 21:04:07.144 17702 18678 W Telecom : : No account found for the calling user
12-08 21:04:12.511 17702 18020 I ActivityManager: Killing 8511:com.google.android.googlequicksearchbox:search/u0a26 (adj 15): empty #17
12-08 21:04:12.526 17702 17912 D WifiService: Client connection lost with reason: 4
12-08 21:04:37.270 17702 17724 I ActivityManager: Killing 9575:com.google.android.gm/u0a50 (adj 15): empty #17
12-08 21:04:37.292 17702 17724 I ActivityManager: Killing 9604:com.google.process.gapps/u0a135 (adj 15): empty #18
12-08 21:05:19.940 17702 21654 I WindowState: WIN DEATH: Window{e4cf279 u0 com.motivation/com.motivation.MainActivity}
12-08 21:05:19.940 17702 17717 D ConnectivityService: ConnectivityService NetworkRequestInfo binderDied(NetworkRequest [ id=90, legacyType=-1, [ Capabilities: INTERNET&NOT_RESTRICTED&TRUSTED] ], android.os.BinderProxy@eb6988e)
12-08 21:05:19.941 17702 17913 D ConnectivityService: releasing NetworkRequest NetworkRequest [ id=90, legacyType=-1, [ Capabilities: INTERNET&NOT_RESTRICTED&TRUSTED] ]
12-08 21:05:19.941 17702 17913 E ConnectivityService: RemoteException caught trying to send a callback msg for NetworkRequest [ id=90, legacyType=-1, [ Capabilities: INTERNET&NOT_RESTRICTED&TRUSTED] ]
12-08 21:05:19.976 17702 21657 I ActivityManager: Process com.motivation (pid 9320) has died
12-08 21:05:19.976 17702 21657 W ActivityManager: Force removing ActivityRecord{e01030e u0 com.motivation/.MainActivity t4178}: app died, no saved state
12-08 21:05:20.154 17702 21657 W InputMethodManagerService: Got RemoteException sending setActive(false) notification to pid 9320 uid 10175
12-08 21:06:19.944 17702 17822 I PowerManagerService: Going to sleep due to screen timeout (uid 1000)...
12-08 21:06:20.423 17702 17735 I DisplayManagerService: Display device changed state: "Built-in Screen", OFF
12-08 21:06:20.655 17702 17822 I PowerManagerService: Sleeping (uid 1000)...
12-08 21:06:22.656 17702 17822 W PowerManagerService: Sandman unresponsive, releasing suspend blocker
12-08 21:06:55.509 17702 18678 I ActivityManager: Killing 7249:com.whatsapp/u0a107 (adj 15): empty #17
12-08 21:08:20.727 17702 19028 D ConnectivityService: Returning blocked NetworkInfo to uid=10108
12-08 21:10:47.150 17702 17724 I ProcessStatsService: Prepared write state in 27ms
12-08 21:10:47.169 17702 17724 I ProcessStatsService: Prepared write state in 9ms
12-08 21:10:47.177 17702 17724 I ProcessStatsService: Prepared write state in 8ms
12-08 21:10:47.188 17702 17724 I ProcessStatsService: Prepared write state in 7ms
12-08 21:16:13.419 17702 17723 I UsageStatsService: User[0] Flushing usage stats to disk
12-08 21:16:17.042 17702 17702 I PowerManagerService: Waking up from sleep (uid 1000)...
12-08 21:16:17.045 17702 17822 I DisplayPowerController: Blocking screen on until initial contents have been drawn.
12-08 21:16:17.081 17702 17735 I DisplayManagerService: Display device changed state: "Built-in Screen", ON
12-08 21:16:17.196 17702 17822 I DisplayPowerController: Unblocked screen on after 152 ms
12-08 21:16:18.223 17702 17735 E WindowAnimator: Timeout waiting for animation to startup
12-08 21:16:18.281 17702 17717 W InputMethodManagerService: Window already focused, ignoring focus gain of: com.android.internal.view.IInputMethodClient$Stub$Proxy@ede3d81 attribute=android.view.inputmethod.EditorInfo@e23ae26, token = android.os.BinderProxy@5007b70
12-08 21:17:13.497 17702 17981 I Telecom : PhoneAccountRegistrar: [ComponentInfo{com.android.phone/com.android.services.telephony.TelephonyConnectionService}, [77de68daecd823babbb58edb1c8e14d7106e83bb], UserHandle{0}(icon: Icon(typ=BITMAP size=57x72) -> Icon(typ=BITMAP size=57x72))(lbl: E-Plus -> Blau)(desc: E-Plus -> Blau)]
12-08 21:17:13.502 17702 17981 I Telecom : : Sending phone-account registered intent as user
12-08 21:17:13.512 17702 18678 W Telecom : : No account found for the calling user
12-08 21:17:13.540 17702 21579 I Telecom : PhoneAccountRegistrar: [ComponentInfo{com.android.phone/com.android.services.telephony.TelephonyConnectionService}, [77de68daecd823babbb58edb1c8e14d7106e83bb], UserHandle{0}(icon: Icon(typ=BITMAP size=57x72) -> Icon(typ=BITMAP size=57x72))]
12-08 21:17:13.544 17702 21579 I Telecom : : Sending phone-account registered intent as user
12-08 21:17:13.569 17702 18678 I Telecom : PhoneAccountRegistrar: [ComponentInfo{com.android.phone/com.android.services.telephony.TelephonyConnectionService}, [77de68daecd823babbb58edb1c8e14d7106e83bb], UserHandle{0}(icon: Icon(typ=BITMAP size=57x72) -> Icon(typ=BITMAP size=57x72))(lbl: Blau -> E-Plus)(desc: Blau -> E-Plus)]
12-08 21:17:13.574 17702 18678 I Telecom : : Sending phone-account registered intent as user
12-08 21:17:13.581 17702 18020 W Telecom : : No account found for the calling user
