12-08 21:34:13.413 14214 14237 E AndroidRuntime: FATAL EXCEPTION: mqt_native_modules
12-08 21:34:13.413 14214 14237 E AndroidRuntime: Process: com.motivation, PID: 14214
12-08 21:34:13.413 14214 14237 E AndroidRuntime: Theme: themes:{default=overlay:com.cyngn.hexo, iconPack:com.cyngn.hexo, fontPkg:com.cyngn.hexo, com.android.systemui=overlay:com.cyngn.hexo, com.android.systemui.navbar=overlay:com.cyngn.hexo}
12-08 21:34:13.413 14214 14237 E AndroidRuntime: com.facebook.react.bridge.NativeArgumentsParseException: TypeError: expected dynamic type `double', but had type `string' (constructing arguments for RNAdMobInterstitial.showAd at argument index 0)
12-08 21:34:13.413 14214 14237 E AndroidRuntime: 	at com.facebook.react.bridge.BaseJavaModule$JavaMethod.invoke(BaseJavaModule.java:312)
12-08 21:34:13.413 14214 14237 E AndroidRuntime: 	at com.facebook.react.cxxbridge.JavaModuleWrapper.invoke(JavaModuleWrapper.java:158)
12-08 21:34:13.413 14214 14237 E AndroidRuntime: 	at com.facebook.react.bridge.queue.NativeRunnable.run(Native Method)
12-08 21:34:13.413 14214 14237 E AndroidRuntime: 	at android.os.Handler.handleCallback(Handler.java:739)
12-08 21:34:13.413 14214 14237 E AndroidRuntime: 	at android.os.Handler.dispatchMessage(Handler.java:95)
12-08 21:34:13.413 14214 14237 E AndroidRuntime: 	at com.facebook.react.bridge.queue.MessageQueueThreadHandler.dispatchMessage(MessageQueueThreadHandler.java:31)
12-08 21:34:13.413 14214 14237 E AndroidRuntime: 	at android.os.Looper.loop(Looper.java:148)
12-08 21:34:13.413 14214 14237 E AndroidRuntime: 	at com.facebook.react.bridge.queue.MessageQueueThreadImpl$3.run(MessageQueueThreadImpl.java:196)
12-08 21:34:13.413 14214 14237 E AndroidRuntime: 	at java.lang.Thread.run(Thread.java:818)
12-08 21:34:13.413 14214 14237 E AndroidRuntime: Caused by: com.facebook.react.bridge.UnexpectedNativeTypeException: TypeError: expected dynamic type `double', but had type `string'
12-08 21:34:13.413 14214 14237 E AndroidRuntime: 	at com.facebook.react.bridge.ReadableNativeArray.getDouble(Native Method)
12-08 21:34:13.413 14214 14237 E AndroidRuntime: 	at com.facebook.react.bridge.BaseJavaModule$8.extractArgument(BaseJavaModule.java:136)
12-08 21:34:13.413 14214 14237 E AndroidRuntime: 	at com.facebook.react.bridge.BaseJavaModule$8.extractArgument(BaseJavaModule.java:129)
12-08 21:34:13.413 14214 14237 E AndroidRuntime: 	at com.facebook.react.bridge.BaseJavaModule$JavaMethod.invoke(BaseJavaModule.java:304)
12-08 21:34:13.413 14214 14237 E AndroidRuntime: 	... 8 more
12-08 21:34:13.414 17702 17981 W ActivityManager:   Force finishing activity com.motivation/.MainActivity
12-08 21:34:13.778 17702 17724 I ActivityManager: Killing 11954:android.process.acore/u0a8 (adj 15): empty #17
12-08 21:34:18.077 17702 19393 I ActivityManager: START u0 {act=android.intent.action.MAIN cat=[android.intent.category.LAUNCHER] flg=0x14000000 pkg=com.motivation cmp=com.motivation/.MainActivity (has extras)} from uid 10175 on display 0
12-08 21:34:18.125 17702 17724 W BroadcastQueue: Skipping deliver [background] BroadcastRecord{4838b63 u-1 android.net.conn.CONNECTIVITY_CHANGE} to ReceiverList{1975f1d 14214 com.motivation/10175/u0 remote:374cbf4}: process crashing
12-08 21:34:19.785 17702 17981 I WindowState: WIN DEATH: Window{c8454d5 u0 com.motivation/com.motivation.MainActivity}
12-08 21:34:19.785 17702 21579 D ConnectivityService: ConnectivityService NetworkRequestInfo binderDied(NetworkRequest [ id=100, legacyType=-1, [ Capabilities: INTERNET&NOT_RESTRICTED&TRUSTED] ], android.os.BinderProxy@bdd1a24)
12-08 21:34:19.786 17702 17913 D ConnectivityService: releasing NetworkRequest NetworkRequest [ id=100, legacyType=-1, [ Capabilities: INTERNET&NOT_RESTRICTED&TRUSTED] ]
12-08 21:34:19.786 17702 17913 E ConnectivityService: RemoteException caught trying to send a callback msg for NetworkRequest [ id=100, legacyType=-1, [ Capabilities: INTERNET&NOT_RESTRICTED&TRUSTED] ]
12-08 21:34:19.826 17702 18678 I ActivityManager: Process com.motivation (pid 14214) has died
12-08 21:34:19.828 17702 18678 W ActivityManager: Force removing ActivityRecord{b83eaa9 u0 com.motivation/.MainActivity t4184}: app died, no saved state
12-08 21:34:19.871 17702 18735 W InputMethodManagerService: Got RemoteException sending setActive(false) notification to pid 14214 uid 10175
12-08 21:34:24.493 17702 17717 I ActivityManager: START u0 {act=android.intent.action.MAIN cat=[android.intent.category.LAUNCHER] flg=0x10200000 cmp=com.motivation/.MainActivity bnds=[804,942][1068,1275] (has extras)} from uid 10026 on display 0
12-08 21:34:24.529 17702 17981 I ActivityManager: Start proc 14505:com.motivation/u0a175 for activity com.motivation/.MainActivity
12-08 21:34:26.124 17702 21579 D ConnectivityService: listenForNetwork for Listen from uid/pid:10175/14505 for NetworkRequest [ id=103, legacyType=-1, [ Capabilities: INTERNET&NOT_RESTRICTED&TRUSTED] ]
12-08 21:34:29.643 17702 21649 D ConnectivityService: listenForNetwork for Listen from uid/pid:10175/14505 for NetworkRequest [ id=104, legacyType=-1, [ Capabilities: INTERNET&NOT_RESTRICTED&TRUSTED] ]
12-08 21:34:39.564 17702 21579 I ActivityManager: Start proc 14691:android.process.acore/u0a8 for content provider com.android.providers.contacts/.ContactsProvider2
12-08 21:34:39.915 17702 21654 I ActivityManager: Start proc 14709:com.google.android.gm/u0a50 for content provider com.google.android.gm/com.android.exchange.provider.ExchangeDirectoryProvider
12-08 21:34:40.096 14709 14724 D ActivityThread: Loading provider com.google.android.gmail.provider;com.android.mail.notifier;com.google.android.gm.email.provider;com.google.android.gm.email.notifier: com.android.email.provider.EmailProvider
12-08 21:34:40.175 17702 21579 I ActivityManager: Start proc 14729:com.google.process.gapps/u0a135 for content provider com.google.android.syncadapters.contacts/.GalProvider
12-08 21:34:40.242 17702 17717 W ActivityManager: Unable to start service Intent { cmp=com.google.android.gm/com.android.email.service.AttachmentService } U=0: not found
12-08 21:34:40.298 17702 17913 D ConnectivityService: releasing NetworkRequest NetworkRequest [ id=104, legacyType=-1, [ Capabilities: INTERNET&NOT_RESTRICTED&TRUSTED] ]
12-08 21:34:40.306 17702 21579 W ActivityManager: Unable to start service Intent { cmp=com.google.android.gm.exchange/com.android.exchange.service.EasService } U=0: not found
12-08 21:34:40.326 17702 19028 I ActivityManager: Start proc 14755:com.boxer.email/u0a105 for content provider com.boxer.email/com.boxer.exchange.provider.ExchangeDirectoryProvider
12-08 21:34:40.427 14505 14534 E AndroidRuntime: FATAL EXCEPTION: mqt_native_modules
12-08 21:34:40.427 14505 14534 E AndroidRuntime: Process: com.motivation, PID: 14505
12-08 21:34:40.427 14505 14534 E AndroidRuntime: Theme: themes:{default=overlay:com.cyngn.hexo, iconPack:com.cyngn.hexo, fontPkg:com.cyngn.hexo, com.android.systemui=overlay:com.cyngn.hexo, com.android.systemui.navbar=overlay:com.cyngn.hexo}
12-08 21:34:40.427 14505 14534 E AndroidRuntime: com.facebook.react.bridge.NativeArgumentsParseException: TypeError: expected dynamic type `double', but had type `string' (constructing arguments for RNAdMobInterstitial.showAd at argument index 0)
12-08 21:34:40.427 14505 14534 E AndroidRuntime: 	at com.facebook.react.bridge.BaseJavaModule$JavaMethod.invoke(BaseJavaModule.java:312)
12-08 21:34:40.427 14505 14534 E AndroidRuntime: 	at com.facebook.react.cxxbridge.JavaModuleWrapper.invoke(JavaModuleWrapper.java:158)
12-08 21:34:40.427 14505 14534 E AndroidRuntime: 	at com.facebook.react.bridge.queue.NativeRunnable.run(Native Method)
12-08 21:34:40.427 14505 14534 E AndroidRuntime: 	at android.os.Handler.handleCallback(Handler.java:739)
12-08 21:34:40.427 14505 14534 E AndroidRuntime: 	at android.os.Handler.dispatchMessage(Handler.java:95)
12-08 21:34:40.427 14505 14534 E AndroidRuntime: 	at com.facebook.react.bridge.queue.MessageQueueThreadHandler.dispatchMessage(MessageQueueThreadHandler.java:31)
12-08 21:34:40.427 14505 14534 E AndroidRuntime: 	at android.os.Looper.loop(Looper.java:148)
12-08 21:34:40.427 14505 14534 E AndroidRuntime: 	at com.facebook.react.bridge.queue.MessageQueueThreadImpl$3.run(MessageQueueThreadImpl.java:196)
12-08 21:34:40.427 14505 14534 E AndroidRuntime: 	at java.lang.Thread.run(Thread.java:818)
12-08 21:34:40.427 14505 14534 E AndroidRuntime: Caused by: com.facebook.react.bridge.UnexpectedNativeTypeException: TypeError: expected dynamic type `double', but had type `string'
12-08 21:34:40.427 14505 14534 E AndroidRuntime: 	at com.facebook.react.bridge.ReadableNativeArray.getDouble(Native Method)
12-08 21:34:40.427 14505 14534 E AndroidRuntime: 	at com.facebook.react.bridge.BaseJavaModule$8.extractArgument(BaseJavaModule.java:136)
12-08 21:34:40.427 14505 14534 E AndroidRuntime: 	at com.facebook.react.bridge.BaseJavaModule$8.extractArgument(BaseJavaModule.java:129)
12-08 21:34:40.427 14505 14534 E AndroidRuntime: 	at com.facebook.react.bridge.BaseJavaModule$JavaMethod.invoke(BaseJavaModule.java:304)
12-08 21:34:40.427 14505 14534 E AndroidRuntime: 	... 8 more
12-08 21:34:40.429 17702 19393 W ActivityManager:   Force finishing activity com.motivation/.MainActivity
12-08 21:34:40.630 17702 18668 W ActivityManager: Unable to start service Intent { cmp=com.boxer.email/.service.AttachmentService } U=0: not found
12-08 21:34:40.771 17702 19028 I ActivityManager: Start proc 14808:com.airwatch.boxer.plugin.cyanogen.onenote/u0a83 for service com.airwatch.boxer.plugin.cyanogen.onenote/.CyanogenOneNotePluginService
12-08 21:34:40.777 17702 17724 I ActivityManager: Killing 13721:org.cyanogenmod.providers.datausage/1000 (adj 15): empty #17
12-08 21:34:40.870 17702 21579 I ActivityManager: START u0 {act=android.intent.action.MAIN cat=[android.intent.category.LAUNCHER] flg=0x14000000 pkg=com.motivation cmp=com.motivation/.MainActivity (has extras)} from uid 10175 on display 0
12-08 21:34:40.912 17702 17724 W BroadcastQueue: Skipping deliver [background] BroadcastRecord{2826f65 u-1 android.net.conn.CONNECTIVITY_CHANGE} to ReceiverList{233cecf 14505 com.motivation/10175/u0 remote:f57432e}: process crashing
12-08 21:34:41.100 17702 19028 I ActivityManager: Killing 13908:org.cyanogenmod.themes.provider/u0a24 (adj 15): empty #17
12-08 21:35:10.694 17702 19028 I ActivityManager: Killing 13970:com.google.android.apps.magazines/u0a61 (adj 15): empty #17
12-08 21:35:10.726 17702 19028 I ActivityManager: Killing 13762:com.cyngn.discovery/u0a117 (adj 15): empty #18
12-08 21:36:18.266 17702 17723 I UsageStatsService: User[0] Flushing usage stats to disk
12-08 21:39:40.552 17702 18735 I WindowState: WIN DEATH: Window{a4888eb u0 com.motivation/com.motivation.MainActivity}
12-08 21:39:40.553 17702 18699 D ConnectivityService: ConnectivityService NetworkRequestInfo binderDied(NetworkRequest [ id=103, legacyType=-1, [ Capabilities: INTERNET&NOT_RESTRICTED&TRUSTED] ], android.os.BinderProxy@6018abb)
12-08 21:39:40.554 17702 17913 D ConnectivityService: releasing NetworkRequest NetworkRequest [ id=103, legacyType=-1, [ Capabilities: INTERNET&NOT_RESTRICTED&TRUSTED] ]
12-08 21:39:40.554 17702 17913 E ConnectivityService: RemoteException caught trying to send a callback msg for NetworkRequest [ id=103, legacyType=-1, [ Capabilities: INTERNET&NOT_RESTRICTED&TRUSTED] ]
12-08 21:39:40.576 17702 21654 I ActivityManager: Process com.motivation (pid 14505) has died
12-08 21:39:40.577 17702 21654 W ActivityManager: Force removing ActivityRecord{4434132 u0 com.motivation/.MainActivity t4186}: app died, no saved state
12-08 21:39:40.621 17702 18699 W InputMethodManagerService: Got RemoteException sending setActive(false) notification to pid 14505 uid 10175
12-08 21:40:40.557 17702 17822 I PowerManagerService: Going to sleep due to screen timeout (uid 1000)...
12-08 21:40:41.148 17702 17735 I DisplayManagerService: Display device changed state: "Built-in Screen", OFF
12-08 21:40:41.378 17702 17822 I PowerManagerService: Sleeping (uid 1000)...
12-08 21:40:43.380 17702 17822 W PowerManagerService: Sandman unresponsive, releasing suspend blocker
12-08 21:41:11.667 17702 17724 I ProcessStatsService: Prepared write state in 121ms
12-08 21:41:11.668 17702 17724 I ProcessStatsService: Prepared write state in 0ms
12-08 21:41:11.765 17702 17723 I ProcessStatsService: Pruning old procstats: /data/system/procstats/state-2016-12-07-06-19-15.bin
12-08 21:42:05.866 17702 17822 I PowerManagerService: Waking up from sleep (uid 1000)...
12-08 21:42:05.917 17702 17822 I DisplayPowerController: Blocking screen on until initial contents have been drawn.
12-08 21:42:05.936 17702 17726 I BatteryStatsImpl: Resetting battery stats: level=100 status=2 dischargeLevel=100 lowAmount=0 highAmount=0
12-08 21:42:05.965 17702 17735 I DisplayManagerService: Display device changed state: "Built-in Screen", ON
12-08 21:42:06.010 17702 21579 I ActivityManager: Start proc 15106:com.google.android.apps.plus/u0a73 for broadcast com.google.android.apps.plus/com.google.android.libraries.social.autobackup.AutoBackupEnvironment$BatteryReceiver
12-08 21:42:06.074 17702 17822 I DisplayPowerController: Unblocked screen on after 157 ms
12-08 21:42:07.003 17702 17981 I ActivityManager: Killing 13383:com.google.android.keep/u0a136 (adj 15): empty #17
12-08 21:42:15.866 17702 17822 I PowerManagerService: Going to sleep due to screen timeout (uid 1000)...
12-08 21:42:16.355 17702 17735 I DisplayManagerService: Display device changed state: "Built-in Screen", OFF
12-08 21:42:16.590 17702 17822 I PowerManagerService: Sleeping (uid 1000)...
12-08 21:42:18.592 17702 17822 W PowerManagerService: Sandman unresponsive, releasing suspend blocker
12-08 21:43:13.578 17702 17716 W ActivityManager: SLOW OOM ADJ: 6898ms for pid 27286 = 10
12-08 21:46:51.498 17702 18668 D ConnectivityService: reportNetworkConnectivity(135, false) by 10013
12-08 21:46:51.629 17702 17913 D ConnectivityService: setProvNotificationVisibleIntent null visible=false networkType=MOBILE extraInfo=null highPriority=false
12-08 21:46:51.629 17702 17913 D ConnectivityService: NetworkAgentInfo [WIFI () - 135] validation  passed
12-08 21:46:51.805 17702 17724 I ActivityManager: Start proc 15304:com.google.android.talk/u0a53 for broadcast com.google.android.talk/com.google.android.apps.hangouts.service.broadcastreceiver.GcmStateReceiver
12-08 21:54:08.987 17702 18699 W ActivityManager: SLOW OOM ADJ: 386ms for pid 21312 = 10
12-08 21:57:32.157 17702 17702 I ActivityManager: Start proc 15455:com.android.contacts/u0a8 for service com.android.contacts/.incall.InCallMetricsJobService
12-08 21:57:32.276 17702 18678 D ConnectivityService: Returning blocked NetworkInfo to uid=10108
12-08 21:57:32.425 17702 21657 I ActivityManager: Killing 13841:com.ext.ui/u0a100 (adj 15): empty #17
12-08 21:57:32.491 17702 17724 I ActivityManager: Start proc 15489:com.skype.raider/u0a143 for broadcast com.skype.raider/com.skype.android.service.GetAccountReceiver
12-08 21:57:32.972 17702 17912 D WifiService: New client listening to asynchronous messages
12-08 21:57:33.468 17702 17717 I ActivityManager: Killing 14118:com.shazam.android/u0a109 (adj 15): empty #17
12-08 22:01:49.229 17702 17822 I PowerManagerService: Waking up from sleep (uid 1000)...
12-08 22:01:49.245 17702 17702 I EntropyMixer: Writing entropy...
12-08 22:01:49.334 17702 17822 I DisplayPowerController: Blocking screen on until initial contents have been drawn.
12-08 22:01:49.353 17702 17735 I DisplayManagerService: Display device changed state: "Built-in Screen", ON
--------- beginning of main
12-08 22:01:49.362 18356 16644 E NetworkScheduler.SR: Invalid parameter app
12-08 22:01:49.362 18356 16644 E NetworkScheduler.SR: Invalid package name : Perhaps you didn't include a PendingIntent in the extras?
12-08 22:01:49.376 17702 21656 V KeyguardServiceDelegate: **** SHOWN CALLED ****
12-08 22:01:49.419 17477 17477 D audio_hw_primary: adev_set_parameters: enter: screen_state=on
12-08 22:01:49.419 17477 17477 E voice   : voice_extn_compress_voip_set_parameters: COMPRESS_VOIP_ENABLED is not defined
12-08 22:01:49.419 17477 17477 E bt_a2dp_hw: adev_set_parameters: ERROR: set param called even when stream out is null
12-08 22:01:49.430 17702 17908 E native  : do suspend false
12-08 22:01:49.452 17702 17908 D WifiConfigStore: No blacklist allowed without epno enabled
12-08 22:01:49.458 19947 20009 D HeadsetStateMachine: Disconnected process message: 10, size: 0
12-08 22:01:49.470 18356 18428 W ContentTaskController: Invalid task was provided to stopTracking.
12-08 22:01:49.489 18648 18830 D BrcmNfcJni: RoutingManager::nfaEeCallback: NFA_EE_SET_TECH_CFG_EVT; status=0x0
12-08 22:01:49.489 18648 18830 D BrcmNfcJni: RoutingManager::nfaEeCallback: NFA_EE_SET_PROTO_CFG_EVT; status=0x0
12-08 22:01:49.490 18648 23295 D BrcmNfcJni: RoutingManager::commitRouting
12-08 22:01:49.490 18648 18830 D BrcmNfcJni: RoutingManager::nfaEeCallback: NFA_EE_UPDATED_EVT
12-08 22:01:49.490 18648 18921 E NxpTml  : _i2c_write() errno : 5
12-08 22:01:49.490 18648 18921 E NxpTml  : PN54X - Error in I2C Write.....
12-08 22:01:49.490 18648 18923 E NxpHal  : write error status = 0x1ff
12-08 22:01:49.490 18648 18830 E NxpHal  : write_unlocked failed - PN54X Maybe in Standby Mode - Retry
12-08 22:01:49.492 18648 18921 E NxpTml  : _i2c_write() errno : 5
12-08 22:01:49.492 18648 18921 E NxpTml  : PN54X - Error in I2C Write.....
12-08 22:01:49.492 18648 18923 E NxpHal  : write error status = 0x1ff
12-08 22:01:49.492 18648 18830 E NxpHal  : write_unlocked failed - PN54X Maybe in Standby Mode - Retry
12-08 22:01:49.505 18356 18428 W ContentTaskController: Invalid task was provided to stopTracking.
12-08 22:01:49.515 17702 17822 I DisplayPowerController: Unblocked screen on after 182 ms
12-08 22:01:49.518 17702 17822 V KeyguardServiceDelegate: onScreenTurnedOn()
12-08 22:01:49.528 23086 15658 I PA_Application: setScreenStatus(true)
12-08 22:01:49.528 23086 15658 I PA_PlayerTask: onScreenTurnedOn()
12-08 22:01:49.531 18356  8975 I BeaconBle: Client requested scan, settings=BleSettings [scanMode=LOW_LATENCY, callbackType=ALL_MATCHES, reportDelayMillis=0, 3 filters, 1 clients, callingClientName=Nearby], listener=gyy@660458d
12-08 22:01:49.536 18356  8975 I BeaconBle: 'L' hardware scan: 3 filters, scanMode=2, reportdelay=0, callback type=1, #clients=1
12-08 22:01:49.539 19947   524 D BtGatt.GattService: registerClient() - UUID=1da2c11d-53fa-488e-9188-a4bbb5982391
12-08 22:01:49.539 19947 19985 D BtGatt.GattService: onClientRegistered() - UUID=1da2c11d-53fa-488e-9188-a4bbb5982391, clientIf=5
12-08 22:01:49.539 18356 14182 D BluetoothLeScanner: onClientRegistered() - status=0 clientIf=5
12-08 22:01:49.539 19947 20020 D BtGatt.GattService: start scan with filters
12-08 22:01:49.542 19947 19992 D BtGatt.ScanManager: handling starting scan
12-08 22:01:49.543 19947 19992 D BtGatt.ScanManager: configureRegularScanParams() - queue=1
12-08 22:01:49.544 19947 19992 D BtGatt.ScanManager: configureRegularScanParams() - ScanSetting Scan mode=2 mLastConfiguredScanSetting=-2147483648
12-08 22:01:49.544 19947 19992 D BtGatt.ScanManager: configureRegularScanParams - scanInterval = 8000configureRegularScanParams - scanWindow = 8000
12-08 22:01:49.544 19947 19985 D BtGatt.GattService: onScanParamSetupCompleted : 0
12-08 22:01:49.560 18356  8975 I BeaconBle: Client requested scan, settings=BleSettings [scanMode=LOW_LATENCY, callbackType=ALL_MATCHES, reportDelayMillis=0, 6 filters, 1 clients, callingClientName=Nearby], listener=gyy@660458d
12-08 22:01:49.561 19947 20010 D BtGatt.GattService: stopScan() - queue size =1
12-08 22:01:49.562 19947 19992 D BtGatt.ScanManager: stop scan
12-08 22:01:49.562 19947 19992 D BtGatt.ScanManager: configureRegularScanParams() - queue=0
12-08 22:01:49.562 19947 19992 D BtGatt.ScanManager: configureRegularScanParams() - ScanSetting Scan mode=-2147483648 mLastConfiguredScanSetting=2
12-08 22:01:49.562 19947 19992 D BtGatt.ScanManager: configureRegularScanParams() - queue emtpy, scan stopped
12-08 22:01:49.562 19947   524 D BtGatt.GattService: unregisterClient() - clientIf=5
12-08 22:01:49.565 18356  8975 I BeaconBle: 'L' hardware scan: 6 filters, scanMode=2, reportdelay=0, callback type=1, #clients=1
12-08 22:01:49.568 19947 19994 D bt_osi_alarm: reschedule_root_alarm alarm expiration too close for posix timers, switching to guns
12-08 22:01:49.569 19947 19959 D BtGatt.GattService: registerClient() - UUID=02dd92a4-dfda-4d42-9981-7b2fc4ea7a40
12-08 22:01:49.569 19947 19985 D BtGatt.GattService: onClientRegistered() - UUID=02dd92a4-dfda-4d42-9981-7b2fc4ea7a40, clientIf=5
12-08 22:01:49.569 18356 21511 D BluetoothLeScanner: onClientRegistered() - status=0 clientIf=5
12-08 22:01:49.570 19947 20010 D BtGatt.GattService: start scan with filters
12-08 22:01:49.573 19947 19992 D BtGatt.ScanManager: handling starting scan
12-08 22:01:49.575 19947 19992 D BtGatt.ScanManager: configureRegularScanParams() - queue=1
12-08 22:01:49.575 19947 19992 D BtGatt.ScanManager: configureRegularScanParams() - ScanSetting Scan mode=2 mLastConfiguredScanSetting=-2147483648
12-08 22:01:49.575 19947 19992 D BtGatt.ScanManager: configureRegularScanParams - scanInterval = 8000configureRegularScanParams - scanWindow = 8000
12-08 22:01:49.575 19947 19985 D BtGatt.GattService: onScanParamSetupCompleted : 0
12-08 22:01:49.588  9014 15662 I cr_BackgroundService: [RescheduleSnippets] Woken up at Thu Dec 08 22:01:49 GMT+01:00 2016
12-08 22:01:49.616 18356 18428 W ContentTaskController: Invalid newTask was provided to startTracking.
12-08 22:01:49.624   244   244 D qdhwcomposer: hwc_setPowerMode: Done setting mode 2 on display 0
12-08 22:01:49.624   244   391 I qdhwcomposer: handle_blank_event: dpy:0 panel power state: 1
12-08 22:01:49.626 17702 17938 D SurfaceControl: Excessive delay in setPowerMode(): 274ms
12-08 22:01:49.638 19947 19994 D bt_osi_alarm: reschedule_root_alarm alarm expiration too close for posix timers, switching to guns
12-08 22:01:49.652 18356 16644 W ContentTaskController: Invalid newTask was provided to startTracking.
12-08 22:01:49.666 19947 19994 D bt_osi_alarm: reschedule_root_alarm alarm expiration too close for posix timers, switching to guns
12-08 22:01:49.667 18356 16644 W ContentTaskController: Invalid newTask was provided to startTracking.
12-08 22:01:49.683 19947 19994 D bt_osi_alarm: reschedule_root_alarm alarm expiration too close for posix timers, switching to guns
12-08 22:01:49.691 18356 18428 W ContentTaskController: Invalid task was provided to stopTracking.
12-08 22:01:49.737 31186 31186 D MtpService: starting MTP server in MTP mode
12-08 22:01:49.740 19947 19994 D bt_osi_alarm: reschedule_root_alarm alarm expiration too close for posix timers, switching to guns
12-08 22:01:49.751 15304 15304 I Babel_ConcService: Binding ConcurrentService
12-08 22:01:49.801 19947 19994 D bt_osi_alarm: reschedule_root_alarm alarm expiration too close for posix timers, switching to guns
12-08 22:01:49.813 18356 18427 W ContentTaskController: Invalid newTask was provided to startTracking.
12-08 22:01:49.826 15304 15666 I Babel_ConcService: Acquired partial wake lock to keep ConcurrentService alive
12-08 22:01:49.828 15304 15666 I Babel_ConcService: Released partial wake lock as ConcurrentService became idle
12-08 22:01:49.829 15304 15666 I Babel_ConcService: Acquired partial wake lock to keep ConcurrentService alive
12-08 22:01:49.830 15304 15666 I Babel_ConcService: Released partial wake lock as ConcurrentService became idle
12-08 22:01:49.833 19947 19994 D bt_osi_alarm: reschedule_root_alarm alarm expiration too close for posix timers, switching to guns
12-08 22:01:49.833 15304 15667 I Babel_ConcService: Acquired partial wake lock to keep ConcurrentService alive
12-08 22:01:49.834 15304 15667 I Babel_ConcService: Released partial wake lock as ConcurrentService became idle
12-08 22:01:49.834 15304 15669 I Babel_ConcService: Acquired partial wake lock to keep ConcurrentService alive
12-08 22:01:49.835 15304 15669 I Babel_ConcService: Released partial wake lock as ConcurrentService became idle
12-08 22:01:49.835 15304 15668 I Babel_ConcService: Acquired partial wake lock to keep ConcurrentService alive
12-08 22:01:49.836 15304 15668 I Babel_ConcService: Released partial wake lock as ConcurrentService became idle
12-08 22:01:49.843 18356 18427 W ContentTaskController: Invalid newTask was provided to startTracking.
12-08 22:01:49.876 18356 18427 W ContentTaskController: Invalid newTask was provided to startTracking.
12-08 22:01:49.907 18356 18427 W ContentTaskController: Invalid newTask was provided to startTracking.
12-08 22:01:51.721 15304 15396 W Babel   : bas TOOK TOO LONG! (649419ms > 10000ms)
12-08 22:01:51.774 15304 15402 W Babel   : bas TOOK TOO LONG! (649430ms > 10000ms)
12-08 22:01:51.776 15304 15666 I Babel_ConcService: Acquired partial wake lock to keep ConcurrentService alive
12-08 22:01:51.776 15304 15666 I Babel_ConcService: Released partial wake lock as ConcurrentService became idle
12-08 22:01:51.781 18356 16644 W ContentTaskController: Invalid newTask was provided to startTracking.
12-08 22:01:51.861 15304 15678 W System  : ClassLoader referenced unknown path: /system/framework/tcmclient.jar
12-08 22:01:51.869 17702 17981 I Telecom : PhoneAccountRegistrar: SimCallManager queried, returning: null
12-08 22:01:51.874 15304 15304 I Babel_telephony: TeleModule.updateConnectionManagerRegistration, registration preference changed from false to false
12-08 22:01:51.878 15304 15304 W Babel   : BAM#gBA: invalid account id: -1
12-08 22:01:51.878 15304 15304 W Babel   : BAM#gBA: invalid account id: -1
12-08 22:01:51.878 15304 15304 I Babel_telephony: TeleModule.updateIncomingCallRegistration, preferred account for incoming calls changed from: null to null
12-08 22:01:51.883 17702 18384 I Telecom : PhoneAccountRegistrar: SimCallManager queried, returning: null
12-08 22:01:51.933 15304 15410 W Babel   : bas TOOK TOO LONG! (649431ms > 10000ms)
12-08 22:01:54.815 15304 15678 W linker  : /data/app/com.google.android.gms-1/lib/arm/libgmscore.so: unused DT entry: type 0x7ffffffd arg 0x79f
12-08 22:01:54.836 15304 15678 W linker  : /data/app/com.google.android.gms-1/lib/arm/libconscrypt_gmscore_jni.so: unused DT entry: type 0x1d arg 0xe0
12-08 22:01:54.836 15304 15678 W linker  : /data/app/com.google.android.gms-1/lib/arm/libconscrypt_gmscore_jni.so: unused DT entry: type 0x7ffffffd arg 0x1cb
12-08 22:01:54.841 15304 15678 V JNIHelp : Registering com/google/android/gms/org/conscrypt/NativeCrypto's 235 native methods...
12-08 22:01:54.863 15304 15678 I art     : Rejecting re-init on previously-failed class java.lang.Class<com.google.android.gms.org.conscrypt.OpenSSLExtendedSessionImpl>
12-08 22:01:54.863 15304 15678 I art     : Rejecting re-init on previously-failed class java.lang.Class<com.google.android.gms.org.conscrypt.OpenSSLExtendedSessionImpl>
12-08 22:01:54.892 15304 15678 I ProviderInstaller: Installed default security provider GmsCore_OpenSSL
12-08 22:01:55.271 15304 15678 I Babel   : connection state changed from UNKNOWN to CONNECTED
12-08 22:01:55.282 17702 21579 I ActivityManager: Killing 10797:com.android.vending/u0a18 (adj 15): empty #17
12-08 22:01:55.565 18356  8975 I BeaconBle: Client requested scan, settings=BleSettings [scanMode=ZERO_POWER, callbackType=ALL_MATCHES, reportDelayMillis=0, 6 filters, 1 clients, callingClientName=Nearby], listener=gyy@660458d
12-08 22:01:55.569 19947 20010 D BtGatt.GattService: stopScan() - queue size =1
12-08 22:01:55.570 19947 19992 D BtGatt.ScanManager: stop scan
12-08 22:01:55.570 19947 19992 D BtGatt.ScanManager: configureRegularScanParams() - queue=0
12-08 22:01:55.570 19947 19992 D BtGatt.ScanManager: configureRegularScanParams() - ScanSetting Scan mode=-2147483648 mLastConfiguredScanSetting=2
12-08 22:01:55.570 19947 19992 D BtGatt.ScanManager: configureRegularScanParams() - queue emtpy, scan stopped
12-08 22:01:55.570 19947   524 D BtGatt.GattService: unregisterClient() - clientIf=5
12-08 22:01:55.571 18356  8975 I BeaconBle: ZERO_POWER is disabled.
12-08 22:01:55.571 18356  8975 I BeaconBle: 'L' hardware scan: scan stopped, no powered clients
12-08 22:01:55.574 18356  8975 I BeaconBle: Client requested scan, settings=BleSettings [scanMode=ZERO_POWER, callbackType=ALL_MATCHES, reportDelayMillis=0, 3 filters, 1 clients, callingClientName=Nearby], listener=gyy@660458d
12-08 22:01:55.582 18356  8975 I BeaconBle: ZERO_POWER is disabled.
12-08 22:01:55.582 18356  8975 I BeaconBle: 'L' hardware scan: scan stopped, no powered clients
12-08 22:01:56.618 19947 20009 D HeadsetStateMachine: Disconnected process message: 10, size: 0
12-08 22:01:59.230 17702 17822 I PowerManagerService: Going to sleep due to screen timeout (uid 1000)...
12-08 22:01:59.693 17702 17822 V KeyguardServiceDelegate: onScreenTurnedOff()
12-08 22:01:59.707 17702 17822 I qti_sensors_hal: TMG-3993 Ambient: activate=0
12-08 22:01:59.716 17702 17735 I DisplayManagerService: Display device changed state: "Built-in Screen", OFF
12-08 22:01:59.717   244   244 D SurfaceFlinger: Set power mode=0, type=0 flinger=0xb6a64000
12-08 22:01:59.717   244   244 D qdhwcomposer: hwc_setPowerMode: Setting mode 0 on display: 0
12-08 22:01:59.755 27286 27286 I chatty  : uid=10020(com.quora.android) expire 176 lines
12-08 22:01:59.943   244   391 I qdhwcomposer: handle_blank_event: dpy:0 panel power state: 0
12-08 22:01:59.944   244   244 D qdhwcomposer: hwc_setPowerMode: Done setting mode 0 on display 0
12-08 22:01:59.945 17702 17938 D SurfaceControl: Excessive delay in setPowerMode(): 229ms
12-08 22:01:59.950 17702 17822 I QCOM PowerHAL: Got set_interactive hint
12-08 22:01:59.951 17702 17822 I PowerManagerService: Sleeping (uid 1000)...
12-08 22:01:59.964 17959 17959 D PhoneStatusBar: disable: < expand ICONS alerts SYSTEM_INFO back HOME RECENT clock SEARCH quick_settings >
12-08 22:01:59.980 17477 29029 D audio_hw_primary: adev_set_parameters: enter: screen_state=off
12-08 22:01:59.980 17477 29029 E voice   : voice_extn_compress_voip_set_parameters: COMPRESS_VOIP_ENABLED is not defined
12-08 22:01:59.980 17477 29029 E bt_a2dp_hw: adev_set_parameters: ERROR: set param called even when stream out is null
12-08 22:01:59.980 17702 17908 E native  : do suspend true
12-08 22:01:59.991 18648 18921 E NxpTml  : _i2c_write() errno : 5
12-08 22:01:59.991 18648 18921 E NxpTml  : PN54X - Error in I2C Write.....
12-08 22:01:59.991 18648 18923 E NxpHal  : write error status = 0x1ff
12-08 22:01:59.992 18648 18830 E NxpHal  : write_unlocked failed - PN54X Maybe in Standby Mode - Retry
12-08 22:02:00.009 23086 15699 I PA_Application: setScreenStatus(false)
12-08 22:02:00.035 18356  8975 I BeaconBle: Client requested scan, settings=BleSettings [scanMode=ZERO_POWER, callbackType=ALL_MATCHES, reportDelayMillis=0, 3 filters, 1 clients, callingClientName=Nearby], listener=gyy@660458d
12-08 22:02:00.037 18356  8975 I BeaconBle: ZERO_POWER is disabled.
12-08 22:02:00.037 18356  8975 I BeaconBle: 'L' hardware scan: scan stopped, no powered clients
12-08 22:02:00.844 15489 15515 I System.out: There is callback from service
12-08 22:02:01.872 15489 15684 I System.out: There is callback from service
12-08 22:02:01.953 17702 17822 W PowerManagerService: Sandman unresponsive, releasing suspend blocker
12-08 22:02:02.635 19947 20009 D HeadsetStateMachine: Disconnected process message: 10, size: 0
12-08 22:02:02.915 23409 23759 W YT.MDX.discovery: Dropping TV: Markus's Fire TV stick status: -1
12-08 22:02:08.645 19947 20009 D HeadsetStateMachine: Disconnected process message: 10, size: 0
12-08 22:02:09.924 17702 17908 D WifiStateMachine: L2Connected CMD_START_SCAN source -2 2173, 2174 -> obsolete
12-08 22:02:09.959 27286 27286 I chatty  : uid=10020(com.quora.android) expire 194 lines
12-08 22:02:10.724 17702  1723 D NetlinkSocketObserver: NeighborEvent{elapsedMs=1017386421, 192.168.2.1, [00150C7CA837], RTM_NEWNEIGH, NUD_STALE}
12-08 22:02:10.859 32643   446 D omnistore: AlarmManager::mainLoop calling alarm callbacks
12-08 22:02:10.859 32643   446 D omnistore: AlarmManager::callAlarmCallbacks
12-08 22:02:10.859 32643   446 D omnistore: Handling alarm for rate limited event SyncProtocol::onConnectionEstablished
12-08 22:02:10.859 32643   446 D omnistore: SyncProtocol calling onConnectionEstablished callbacks
12-08 22:02:10.862 32643   446 D omnistore: SendQueue::onConnectionEstablished: sending 0 transaction(s)
12-08 22:02:10.863 32643   446 D omnistore: SubscriptionManager::onConnectionEstablished is called back
12-08 22:02:10.876 32643   446 I omnistore: Client sent susbcribe request for collection: tincan_msg:100001972110625_deviceidinvalid
12-08 22:02:10.882 32643   446 I omnistore: SubscriptionManager skipping connect message.
12-08 22:02:11.117 32643   368 D omnistore: Publish acked for callback 0x978d8070
12-08 22:02:12.751 23409 23732 W YT.MDX.discovery: Dropping TV: Markus's Fire TV stick status: -1
12-08 22:02:15.894 17702  1723 D NetlinkSocketObserver: NeighborEvent{elapsedMs=1017391591, 192.168.2.1, [00150C7CA837], RTM_NEWNEIGH, NUD_REACHABLE}
12-08 22:02:16.956 23086 23086 I chromium: [INFO:CONSOLE(0)] "Application Cache Checking event", source: https://googleads.g.doubleclick.net/mads/static/mad/sdk/native/sdk-core-v40-loader.html (0)
12-08 22:02:16.957 23086 23086 I chromium: [INFO:CONSOLE(0)] "Application Cache Checking event", source: https://googleads.g.doubleclick.net/mads/static/mad/sdk/native/sdk-core-v40-loader.html (0)
12-08 22:02:17.203 23086 23086 I chromium: [INFO:CONSOLE(0)] "Application Cache NoUpdate event", source: https://googleads.g.doubleclick.net/mads/static/mad/sdk/native/sdk-core-v40-loader.html (0)
12-08 22:02:17.204 23086 23086 I chromium: [INFO:CONSOLE(0)] "Application Cache NoUpdate event", source: https://googleads.g.doubleclick.net/mads/static/mad/sdk/native/sdk-core-v40-loader.html (0)
12-08 22:02:17.905 23086 23086 I chromium: [INFO:CONSOLE(0)] "Application Cache Checking event", source: https://googleads.g.doubleclick.net/mads/static/mad/sdk/native/sdk-core-v40-loader.html (0)
12-08 22:02:17.907 23086 23086 I chromium: [INFO:CONSOLE(0)] "Application Cache Checking event", source: https://googleads.g.doubleclick.net/mads/static/mad/sdk/native/sdk-core-v40-loader.html (0)
12-08 22:02:17.970 23086 23086 I chromium: [INFO:CONSOLE(0)] "Application Cache NoUpdate event", source: https://googleads.g.doubleclick.net/mads/static/mad/sdk/native/sdk-core-v40-loader.html (0)
12-08 22:02:17.972 23086 23086 I chromium: [INFO:CONSOLE(0)] "Application Cache NoUpdate event", source: https://googleads.g.doubleclick.net/mads/static/mad/sdk/native/sdk-core-v40-loader.html (0)
12-08 22:02:19.915 31863 31900 I PlayCommon: [2954] PlayEventLogger.uploadEventsImpl: Preparing logs for uploading
12-08 22:02:19.916 31863 31900 I PlayCommon: [2954] PlayEventLogger.uploadEventsImpl: No file ready to send
12-08 22:02:20.648 19947 20009 D HeadsetStateMachine: Disconnected process message: 10, size: 0
12-08 22:02:20.901 27286 27286 I chatty  : uid=10020(com.quora.android) expire 220 lines
12-08 22:02:23.041 23409 23732 W YT.MDX.discovery: Dropping TV: Markus's Fire TV stick status: -1
12-08 22:02:26.649 19947 20009 D HeadsetStateMachine: Disconnected process message: 10, size: 0
12-08 22:02:27.924 17702  1723 D NetlinkSocketObserver: NeighborEvent{elapsedMs=1017403621, 192.168.2.1, [00150C7CA837], RTM_NEWNEIGH, NUD_STALE}
12-08 22:02:33.334 23409 23732 W YT.MDX.discovery: Dropping TV: Markus's Fire TV stick status: -1
12-08 22:02:33.721 27286 27286 I chatty  : uid=10020(com.quora.android) expire 184 lines
12-08 22:02:36.283 28470 28470 I Ads     : Ad is not visible. Not refreshing ad.
12-08 22:02:36.284 28470 28470 I Ads     : Scheduling ad refresh 60000 milliseconds from now.
12-08 22:02:38.635 19947 20009 D HeadsetStateMachine: Disconnected process message: 10, size: 0
12-08 22:02:39.175 17702  1723 D NetlinkSocketObserver: NeighborEvent{elapsedMs=1017414872, 192.168.2.1, [00150C7CA837], RTM_NEWNEIGH, NUD_PROBE}
12-08 22:02:42.702 23409 23732 W YT.MDX.discovery: Dropping TV: Markus's Fire TV stick status: -1
12-08 22:02:44.160 15733 15733 D AndroidRuntime: >>>>>> START com.android.internal.os.RuntimeInit uid 2000 <<<<<<
12-08 22:02:44.170 15733 15733 D AndroidRuntime: CheckJNI is OFF
12-08 22:02:44.190 27286 27286 I chatty  : uid=10020(com.quora.android) expire 198 lines
12-08 22:02:44.223 15733 15733 D ICU     : No timezone override file found: /data/misc/zoneinfo/current/icu/icu_tzdata.dat
12-08 22:02:44.278 15733 15733 I Radio-JNI: register_android_hardware_Radio DONE
12-08 22:02:44.302 15733 15733 D AndroidRuntime: Calling main entry com.android.commands.pm.Pm
12-08 22:02:44.409 15733 15733 I art     : System.exit called, status: 0
12-08 22:02:44.409 15733 15733 I AndroidRuntime: VM exiting with result code 0.
12-08 22:02:49.125 17702  1723 D NetlinkSocketObserver: NeighborEvent{elapsedMs=1017424822, 192.168.2.1, [00150C7CA837], RTM_NEWNEIGH, NUD_STALE}
12-08 22:02:49.711 18356 18428 W ContentTaskController: Invalid task was provided to stopTracking.
12-08 22:02:49.778 18356 18428 W ContentTaskController: Invalid newTask was provided to startTracking.
12-08 22:02:50.636 19947 20009 D HeadsetStateMachine: Disconnected process message: 10, size: 0
12-08 22:02:52.991 23409 23732 W YT.MDX.discovery: Dropping TV: Markus's Fire TV stick status: -1
12-08 22:02:55.411 15776 15776 D AndroidRuntime: >>>>>> START com.android.internal.os.RuntimeInit uid 2000 <<<<<<
12-08 22:02:55.416 15776 15776 D AndroidRuntime: CheckJNI is OFF
12-08 22:02:55.465 15776 15776 D ICU     : No timezone override file found: /data/misc/zoneinfo/current/icu/icu_tzdata.dat
12-08 22:02:55.512 15776 15776 I Radio-JNI: register_android_hardware_Radio DONE
12-08 22:02:55.531 15776 15776 D AndroidRuntime: Calling main entry com.android.commands.am.Am
12-08 22:02:55.539 15776 15776 D AndroidRuntime: Shutting down VM
12-08 22:02:55.564 27286 27286 I chatty  : uid=10020(com.quora.android) expire 176 lines
12-08 22:02:56.166 15797 15797 D AndroidRuntime: >>>>>> START com.android.internal.os.RuntimeInit uid 2000 <<<<<<
12-08 22:02:56.170 15797 15797 D AndroidRuntime: CheckJNI is OFF
12-08 22:02:56.219 15797 15797 D ICU     : No timezone override file found: /data/misc/zoneinfo/current/icu/icu_tzdata.dat
12-08 22:02:56.315 15797 15797 I Radio-JNI: register_android_hardware_Radio DONE
12-08 22:02:56.350 15797 15797 D AndroidRuntime: Calling main entry com.android.commands.pm.Pm
12-08 22:02:56.364 15797 15797 I art     : System.exit called, status: 0
12-08 22:02:56.364 15797 15797 I AndroidRuntime: VM exiting with result code 0.
12-08 22:02:56.386 15811 15811 W sh      : type=1400 audit(0.0:37529): avc: denied { ioctl } for path="socket:[3319288]" dev="sockfs" ino=3319288 ioctlcmd=5401 scontext=u:r:shell:s0 tcontext=u:r:adbd:s0 tclass=unix_stream_socket permissive=0
12-08 22:02:56.386 15811 15811 W sh      : type=1400 audit(0.0:37530): avc: denied { ioctl } for path="socket:[3319288]" dev="sockfs" ino=3319288 ioctlcmd=5401 scontext=u:r:shell:s0 tcontext=u:r:adbd:s0 tclass=unix_stream_socket permissive=0
12-08 22:02:56.396 15811 15811 W pm      : type=1400 audit(0.0:37531): avc: denied { ioctl } for path="socket:[3319288]" dev="sockfs" ino=3319288 ioctlcmd=5401 scontext=u:r:shell:s0 tcontext=u:r:adbd:s0 tclass=unix_stream_socket permissive=0
12-08 22:02:56.396 15811 15811 W pm      : type=1400 audit(0.0:37532): avc: denied { ioctl } for path="socket:[3319288]" dev="sockfs" ino=3319288 ioctlcmd=5401 scontext=u:r:shell:s0 tcontext=u:r:adbd:s0 tclass=unix_stream_socket permissive=0
12-08 22:02:57.050 15811 15811 D AndroidRuntime: >>>>>> START com.android.internal.os.RuntimeInit uid 2000 <<<<<<
12-08 22:02:57.054 15811 15811 D AndroidRuntime: CheckJNI is OFF
12-08 22:02:57.094 15811 15811 D ICU     : No timezone override file found: /data/misc/zoneinfo/current/icu/icu_tzdata.dat
12-08 22:02:57.129 15811 15811 I Radio-JNI: register_android_hardware_Radio DONE
12-08 22:02:57.146 19028 19028 W Binder_A: type=1400 audit(0.0:37533): avc: denied { ioctl } for path="socket:[3319328]" dev="sockfs" ino=3319328 ioctlcmd=7704 scontext=u:r:system_server:s0 tcontext=u:r:system_server:s0 tclass=unix_stream_socket permissive=0
12-08 22:02:57.146 19028 19028 W Binder_A: type=1400 audit(0.0:37534): avc: denied { ioctl } for path="socket:[3319328]" dev="sockfs" ino=3319328 ioctlcmd=7704 scontext=u:r:system_server:s0 tcontext=u:r:system_server:s0 tclass=unix_stream_socket permissive=0
12-08 22:02:57.148 15811 15811 D AndroidRuntime: Calling main entry com.android.commands.pm.Pm
12-08 22:02:57.161   255   255 I installd: free_cache(9054162) avail 19393478656
12-08 22:02:58.272 15811 15811 I art     : System.exit called, status: 0
12-08 22:02:58.272 15811 15811 I AndroidRuntime: VM exiting with result code 0.
12-08 22:02:58.337 17702 17900 I qti_sensors_hal: TMG-3993 IR_Gesture  & Proximity: batch 1000.00    inf
12-08 22:02:58.337 17702 17900 I qti_sensors_hal: TMG-3993 IR_Gesture  & Proximity: activate=1
12-08 22:02:58.437 17702 17822 I qti_sensors_hal: TMG-3993 IR_Gesture  & Proximity: activate=0
12-08 22:02:58.444 17702 17822 I PowerManagerService: Waking up from sleep (uid 1000)...
12-08 22:02:58.446 17702 17702 V KeyguardServiceDelegate: onStartedWakingUp()
12-08 22:02:58.460 17702 17822 I QCOM PowerHAL: Got set_interactive hint
12-08 22:02:58.460 17702 17822 I DisplayPowerController: Blocking screen on until initial contents have been drawn.
12-08 22:02:58.460 17702 17822 V KeyguardServiceDelegate: onScreenTurnedOn(showListener = com.android.server.policy.PhoneWindowManager$2@3b4cfd2)
12-08 22:02:58.461 17702 17822 I qti_sensors_hal: TMG-3993 Ambient: batch   4.00    inf
12-08 22:02:58.461 17702 17822 I qti_sensors_hal: TMG-3993 Ambient: activate=1
12-08 22:02:58.466 17702 17735 I DisplayManagerService: Display device changed state: "Built-in Screen", ON
12-08 22:02:58.469   244   244 D SurfaceFlinger: Set power mode=2, type=0 flinger=0xb6a64000
12-08 22:02:58.469   244   244 D qdhwcomposer: hwc_setPowerMode: Setting mode 2 on display: 0
12-08 22:02:58.469 17477 29029 D audio_hw_primary: adev_set_parameters: enter: screen_state=on
12-08 22:02:58.469 17477 29029 E voice   : voice_extn_compress_voip_set_parameters: COMPRESS_VOIP_ENABLED is not defined
12-08 22:02:58.470 17477 29029 E bt_a2dp_hw: adev_set_parameters: ERROR: set param called even when stream out is null
12-08 22:02:58.471 17702 21654 D ConnectivityService: Returning unblocked NetworkInfo to uid=10108
12-08 22:02:58.473 17702 18668 V KeyguardServiceDelegate: **** SHOWN CALLED ****
12-08 22:02:58.478 17702 17908 E native  : do suspend false
12-08 22:02:58.503 17702 17908 D WifiConfigStore: No blacklist allowed without epno enabled
12-08 22:02:58.534 18648 18830 D BrcmNfcJni: RoutingManager::nfaEeCallback: NFA_EE_SET_TECH_CFG_EVT; status=0x0
12-08 22:02:58.534 18648 18830 D BrcmNfcJni: RoutingManager::nfaEeCallback: NFA_EE_SET_PROTO_CFG_EVT; status=0x0
12-08 22:02:58.534 18648 20889 D BrcmNfcJni: RoutingManager::commitRouting
12-08 22:02:58.534 18648 18830 D BrcmNfcJni: RoutingManager::nfaEeCallback: NFA_EE_UPDATED_EVT
12-08 22:02:58.535 18648 18921 E NxpTml  : _i2c_write() errno : 5
12-08 22:02:58.535 18648 18921 E NxpTml  : PN54X - Error in I2C Write.....
12-08 22:02:58.535 18648 18923 E NxpHal  : write error status = 0x1ff
12-08 22:02:58.535 18648 18830 E NxpHal  : write_unlocked failed - PN54X Maybe in Standby Mode - Retry
12-08 22:02:58.536 18648 18921 E NxpTml  : _i2c_write() errno : 5
12-08 22:02:58.536 18648 18921 E NxpTml  : PN54X - Error in I2C Write.....
12-08 22:02:58.536 18648 18923 E NxpHal  : write error status = 0x1ff
12-08 22:02:58.536 18648 18830 E NxpHal  : write_unlocked failed - PN54X Maybe in Standby Mode - Retry
12-08 22:02:58.559 17702 17822 I DisplayPowerController: Unblocked screen on after 99 ms
12-08 22:02:58.561 17702 17822 V KeyguardServiceDelegate: onScreenTurnedOn()
12-08 22:02:58.575 23086 15840 I PA_Application: setScreenStatus(true)
12-08 22:02:58.575 23086 15840 I PA_PlayerTask: onScreenTurnedOn()
12-08 22:02:58.580 18356  8975 I BeaconBle: Client requested scan, settings=BleSettings [scanMode=LOW_LATENCY, callbackType=ALL_MATCHES, reportDelayMillis=0, 3 filters, 1 clients, callingClientName=Nearby], listener=gyy@660458d
12-08 22:02:58.584 18356  8975 I BeaconBle: 'L' hardware scan: 3 filters, scanMode=2, reportdelay=0, callback type=1, #clients=1
12-08 22:02:58.586 19947 20020 D BtGatt.GattService: registerClient() - UUID=96e38ff4-c9a4-40c7-8e4f-b59885908aaf
12-08 22:02:58.586 19947 19985 D BtGatt.GattService: onClientRegistered() - UUID=96e38ff4-c9a4-40c7-8e4f-b59885908aaf, clientIf=5
12-08 22:02:58.586 18356 14181 D BluetoothLeScanner: onClientRegistered() - status=0 clientIf=5
12-08 22:02:58.586 19947 20010 D BtGatt.GattService: start scan with filters
12-08 22:02:58.588 19947 19992 D BtGatt.ScanManager: handling starting scan
12-08 22:02:58.589 19947 19992 D BtGatt.ScanManager: configureRegularScanParams() - queue=1
12-08 22:02:58.589 19947 19992 D BtGatt.ScanManager: configureRegularScanParams() - ScanSetting Scan mode=2 mLastConfiguredScanSetting=-2147483648
12-08 22:02:58.589 19947 19992 D BtGatt.ScanManager: configureRegularScanParams - scanInterval = 8000configureRegularScanParams - scanWindow = 8000
12-08 22:02:58.591 19947 19985 D BtGatt.GattService: onScanParamSetupCompleted : 0
12-08 22:02:58.596 18356  8975 I BeaconBle: Client requested scan, settings=BleSettings [scanMode=LOW_LATENCY, callbackType=ALL_MATCHES, reportDelayMillis=0, 6 filters, 1 clients, callingClientName=Nearby], listener=gyy@660458d
12-08 22:02:58.599 19947 19959 D BtGatt.GattService: stopScan() - queue size =1
12-08 22:02:58.599 19947 19992 D BtGatt.ScanManager: stop scan
12-08 22:02:58.599 19947 19992 D BtGatt.ScanManager: configureRegularScanParams() - queue=0
12-08 22:02:58.599 19947 19992 D BtGatt.ScanManager: configureRegularScanParams() - ScanSetting Scan mode=-2147483648 mLastConfiguredScanSetting=2
12-08 22:02:58.599 19947 19992 D BtGatt.ScanManager: configureRegularScanParams() - queue emtpy, scan stopped
12-08 22:02:58.599 19947 20010 D BtGatt.GattService: unregisterClient() - clientIf=5
12-08 22:02:58.602 18356  8975 I BeaconBle: 'L' hardware scan: 6 filters, scanMode=2, reportdelay=0, callback type=1, #clients=1
12-08 22:02:58.604 19947 20020 D BtGatt.GattService: registerClient() - UUID=d9504c6f-1e37-4072-9cbb-4fde36fe07e2
12-08 22:02:58.604 19947 19985 D BtGatt.GattService: onClientRegistered() - UUID=d9504c6f-1e37-4072-9cbb-4fde36fe07e2, clientIf=5
12-08 22:02:58.604 18356 18366 D BluetoothLeScanner: onClientRegistered() - status=0 clientIf=5
12-08 22:02:58.605 19947 19958 D BtGatt.GattService: start scan with filters
12-08 22:02:58.607 19947 19992 D BtGatt.ScanManager: handling starting scan
12-08 22:02:58.608 19947 19992 D BtGatt.ScanManager: configureRegularScanParams() - queue=1
12-08 22:02:58.608 19947 19992 D BtGatt.ScanManager: configureRegularScanParams() - ScanSetting Scan mode=2 mLastConfiguredScanSetting=-2147483648
12-08 22:02:58.608 19947 19992 D BtGatt.ScanManager: configureRegularScanParams - scanInterval = 8000configureRegularScanParams - scanWindow = 8000
12-08 22:02:58.608 19947 19985 D BtGatt.GattService: onScanParamSetupCompleted : 0
12-08 22:02:58.649  4344  4639 D omnistore: DebouncingRateLimiter attempting event SyncProtocol::onConnectionEstablished
12-08 22:02:58.649  4344  4639 D omnistore: Event not rate limited: SyncProtocol::onConnectionEstablished
12-08 22:02:58.649  4344  4639 D omnistore: SyncProtocol calling onConnectionEstablished callbacks
12-08 22:02:58.650  4344  4639 D omnistore: SendQueue::onConnectionEstablished: sending 0 transaction(s)
12-08 22:02:58.650  4344  4639 D omnistore: Start integrity check process
12-08 22:02:58.650  4344  4639 D omnistore: SharedQueueSubscriptionManager::onConnectionEstablished is called back
12-08 22:02:58.652  4344  4639 I omnistore: Connect message: queueName: messenger_contacts_android:100001972110625_55A81B197E545D1C1FA60D60CF9BBA45, gvid: 1544
12-08 22:02:58.652  4344  4639 I omnistore: Connect message: queueName: messenger_user_prefs:100001972110625, gvid: 0
12-08 22:02:58.652  4344  4639 I omnistore: Connect message: queueName: tincan_msg:100001972110625_AWTQFYP6EBYVTKPY3RB22EGMHIVUWOWVEVXKRE6QETGNDJE6BDVF4, gvid: 2
12-08 22:02:58.655  4344  4639 I omnistore: Client sent connect message
12-08 22:02:58.699 19947 19994 D bt_osi_alarm: reschedule_root_alarm alarm expiration too close for posix timers, switching to guns
12-08 22:02:58.730 19947 19994 D bt_osi_alarm: reschedule_root_alarm alarm expiration too close for posix timers, switching to guns
12-08 22:02:58.736   244   391 I qdhwcomposer: handle_blank_event: dpy:0 panel power state: 1
12-08 22:02:58.736   244   244 D qdhwcomposer: hwc_setPowerMode: Done setting mode 2 on display 0
12-08 22:02:58.736 17702 17938 D SurfaceControl: Excessive delay in setPowerMode(): 270ms
12-08 22:02:58.738  4344  4646 D omnistore: Publish acked for callback 0x9577f3e0
12-08 22:02:58.794 19936 25746 W JsonSuggestProvider: ext: null, mimeType: null, handles: false
12-08 22:02:58.794 19936 25746 D ApplicationSuggestionService: handles? false
12-08 22:02:58.795 19936 19946 W JsonSuggestProvider: ext: null, mimeType: null, handles: false
12-08 22:02:58.795 19936 19946 D ApplicationSuggestionService: handles? false
12-08 22:02:58.796 19936 19950 W JsonSuggestProvider: ext: null, mimeType: null, handles: false
